Archive member included to satisfy reference by file (symbol)

.build/obj_sofle_rev1_via/i2c_master.a(i2c_master.o)
                              .build/obj_sofle_rev1_via/ssd1306_sh1106.o (symbol from plugin) (i2c_init)
.build/obj_sofle_rev1_via/serial.a(serial.o)
                              .build/obj_sofle_rev1_via/quantum/split_common/transport.o (symbol from plugin) (soft_serial_initiator_init)
/usr/lib/gcc/avr/5.4.0/avr5/libgcc.a(_udivmodhi4.o)
                              .build/obj_sofle_rev1_via/i2c_master.a(i2c_master.o) (__udivmodhi4)
/usr/lib/gcc/avr/5.4.0/avr5/libgcc.a(_exit.o)
                              /usr/lib/gcc/avr/5.4.0/../../../avr/lib/avr5/crtatmega32u4.o (exit)
/usr/lib/gcc/avr/5.4.0/../../../avr/lib/avr5/libc.a(memcpy_P.o)
                              .build/obj_sofle_rev1_via/ssd1306_sh1106.o (symbol from plugin) (memcpy_P)
/usr/lib/gcc/avr/5.4.0/../../../avr/lib/avr5/libc.a(itoa_ncheck.o)
                              .build/obj_sofle_rev1_via/keyboards/sofle/keymaps/via/keymap.o (symbol from plugin) (__itoa_ncheck)
/usr/lib/gcc/avr/5.4.0/../../../avr/lib/avr5/libc.a(utoa_ncheck.o)
                              /usr/lib/gcc/avr/5.4.0/../../../avr/lib/avr5/libc.a(itoa_ncheck.o) (__utoa_common)
/usr/lib/gcc/avr/5.4.0/../../../avr/lib/avr5/libc.a(strrev.o)
                              /usr/lib/gcc/avr/5.4.0/../../../avr/lib/avr5/libc.a(utoa_ncheck.o) (strrev)
/usr/lib/gcc/avr/5.4.0/../../../avr/lib/avr5/libatmega32u4.a(eerd_byte.o)
                              .build/obj_sofle_rev1_via/quantum/eeconfig.o (symbol from plugin) (eeprom_read_byte)
/usr/lib/gcc/avr/5.4.0/../../../avr/lib/avr5/libatmega32u4.a(eerd_dword.o)
                              .build/obj_sofle_rev1_via/quantum/eeconfig.o (symbol from plugin) (eeprom_read_dword)
/usr/lib/gcc/avr/5.4.0/../../../avr/lib/avr5/libatmega32u4.a(eerd_word.o)
                              .build/obj_sofle_rev1_via/quantum/eeconfig.o (symbol from plugin) (eeprom_read_word)
/usr/lib/gcc/avr/5.4.0/../../../avr/lib/avr5/libatmega32u4.a(eeupd_byte.o)
                              .build/obj_sofle_rev1_via/quantum/eeconfig.o (symbol from plugin) (eeprom_update_byte)
/usr/lib/gcc/avr/5.4.0/../../../avr/lib/avr5/libatmega32u4.a(eeupd_dword.o)
                              .build/obj_sofle_rev1_via/quantum/eeconfig.o (symbol from plugin) (eeprom_update_dword)
/usr/lib/gcc/avr/5.4.0/../../../avr/lib/avr5/libatmega32u4.a(eeupd_word.o)
                              .build/obj_sofle_rev1_via/quantum/eeconfig.o (symbol from plugin) (eeprom_update_word)
/usr/lib/gcc/avr/5.4.0/../../../avr/lib/avr5/libatmega32u4.a(eerd_block.o)
                              /usr/lib/gcc/avr/5.4.0/../../../avr/lib/avr5/libatmega32u4.a(eerd_dword.o) (eeprom_read_blraw)
/usr/lib/gcc/avr/5.4.0/../../../avr/lib/avr5/libm.a(addsf3.o)
                              /tmp/ccLVjr1G.ltrans1.ltrans.o (__subsf3)
/usr/lib/gcc/avr/5.4.0/../../../avr/lib/avr5/libm.a(addsf3x.o)
                              /usr/lib/gcc/avr/5.4.0/../../../avr/lib/avr5/libm.a(addsf3.o) (__addsf3x)
/usr/lib/gcc/avr/5.4.0/../../../avr/lib/avr5/libm.a(divsf3.o)
                              /tmp/ccLVjr1G.ltrans1.ltrans.o (__divsf3)
/usr/lib/gcc/avr/5.4.0/../../../avr/lib/avr5/libm.a(divsf3x.o)
                              /usr/lib/gcc/avr/5.4.0/../../../avr/lib/avr5/libm.a(divsf3.o) (__divsf3x)
/usr/lib/gcc/avr/5.4.0/../../../avr/lib/avr5/libm.a(fixsfsi.o)
                              /tmp/ccLVjr1G.ltrans1.ltrans.o (__fixsfsi)
/usr/lib/gcc/avr/5.4.0/../../../avr/lib/avr5/libm.a(fixunssfsi.o)
                              /tmp/ccLVjr1G.ltrans1.ltrans.o (__fixunssfsi)
/usr/lib/gcc/avr/5.4.0/../../../avr/lib/avr5/libm.a(floatsisf.o)
                              /tmp/ccLVjr1G.ltrans1.ltrans.o (__floatsisf)
/usr/lib/gcc/avr/5.4.0/../../../avr/lib/avr5/libm.a(fp_inf.o)
                              /usr/lib/gcc/avr/5.4.0/../../../avr/lib/avr5/libm.a(addsf3x.o) (__fp_inf)
/usr/lib/gcc/avr/5.4.0/../../../avr/lib/avr5/libm.a(fp_nan.o)
                              /usr/lib/gcc/avr/5.4.0/../../../avr/lib/avr5/libm.a(addsf3x.o) (__fp_nan)
/usr/lib/gcc/avr/5.4.0/../../../avr/lib/avr5/libm.a(fp_pscA.o)
                              /usr/lib/gcc/avr/5.4.0/../../../avr/lib/avr5/libm.a(addsf3x.o) (__fp_pscA)
/usr/lib/gcc/avr/5.4.0/../../../avr/lib/avr5/libm.a(fp_pscB.o)
                              /usr/lib/gcc/avr/5.4.0/../../../avr/lib/avr5/libm.a(addsf3x.o) (__fp_pscB)
/usr/lib/gcc/avr/5.4.0/../../../avr/lib/avr5/libm.a(fp_round.o)
                              /usr/lib/gcc/avr/5.4.0/../../../avr/lib/avr5/libm.a(addsf3.o) (__fp_round)
/usr/lib/gcc/avr/5.4.0/../../../avr/lib/avr5/libm.a(fp_split3.o)
                              /usr/lib/gcc/avr/5.4.0/../../../avr/lib/avr5/libm.a(addsf3x.o) (__fp_split3)
/usr/lib/gcc/avr/5.4.0/../../../avr/lib/avr5/libm.a(fp_zero.o)
                              /usr/lib/gcc/avr/5.4.0/../../../avr/lib/avr5/libm.a(addsf3x.o) (__fp_zero)
[...]
Memory Configuration

Name             Origin             Length             Attributes
text             0x0000000000000000 0x0000000000020000 xr
data             0x0000000000800060 0x000000000000ffa0 rw !x
eeprom           0x0000000000810000 0x0000000000010000 rw !x
fuse             0x0000000000820000 0x0000000000000003 rw !x
lock             0x0000000000830000 0x0000000000000400 rw !x
signature        0x0000000000840000 0x0000000000000400 rw !x
user_signatures  0x0000000000850000 0x0000000000000400 rw !x
*default*        0x0000000000000000 0xffffffffffffffff

Linker script and memory map

Address of section .data set to 0x800100
LOAD /usr/lib/gcc/avr/5.4.0/../../../avr/lib/avr5/crtatmega32u4.o
LOAD .build/obj_sofle_rev1_via/keyboards/sofle/sofle.o
LOAD /tmp/ccLVjr1G.ltrans0.ltrans.o
LOAD /tmp/ccLVjr1G.ltrans1.ltrans.o
LOAD /tmp/ccLVjr1G.ltrans2.ltrans.o
LOAD /tmp/ccLVjr1G.ltrans3.ltrans.o
LOAD /tmp/ccLVjr1G.ltrans4.ltrans.o
LOAD /tmp/ccLVjr1G.ltrans5.ltrans.o
LOAD /tmp/ccLVjr1G.ltrans6.ltrans.o
LOAD .build/obj_sofle_rev1_via/keyboards/sofle/rev1/rev1.o
LOAD .build/obj_sofle_rev1_via/keyboards/sofle/keymaps/via/keymap.o
LOAD .build/obj_sofle_rev1_via/quantum/quantum.o
LOAD .build/obj_sofle_rev1_via/quantum/send_string.o
LOAD .build/obj_sofle_rev1_via/quantum/bitwise.o
LOAD .build/obj_sofle_rev1_via/quantum/led.o
LOAD .build/obj_sofle_rev1_via/quantum/action.o
LOAD .build/obj_sofle_rev1_via/quantum/action_layer.o
LOAD .build/obj_sofle_rev1_via/quantum/action_tapping.o
LOAD .build/obj_sofle_rev1_via/quantum/action_util.o
LOAD .build/obj_sofle_rev1_via/quantum/eeconfig.o
LOAD .build/obj_sofle_rev1_via/quantum/keyboard.o
LOAD .build/obj_sofle_rev1_via/quantum/keymap_common.o
LOAD .build/obj_sofle_rev1_via/quantum/keycode_config.o
LOAD .build/obj_sofle_rev1_via/quantum/sync_timer.o
LOAD .build/obj_sofle_rev1_via/quantum/logging/debug.o
LOAD .build/obj_sofle_rev1_via/quantum/logging/sendchar.o
LOAD .build/obj_sofle_rev1_via/quantum/bootmagic/bootmagic_lite.o
LOAD .build/obj_sofle_rev1_via/quantum/bootmagic/magic.o
LOAD .build/obj_sofle_rev1_via/quantum/matrix_common.o
LOAD .build/obj_sofle_rev1_via/quantum/matrix.o
LOAD .build/obj_sofle_rev1_via/quantum/debounce/sym_defer_g.o
LOAD .build/obj_sofle_rev1_via/quantum/split_common/split_util.o
LOAD .build/obj_sofle_rev1_via/quantum/split_common/transport.o
LOAD .build/obj_sofle_rev1_via/quantum/split_common/transactions.o
LOAD .build/obj_sofle_rev1_via/quantum/main.o
LOAD .build/obj_sofle_rev1_via/quantum/via.o
LOAD .build/obj_sofle_rev1_via/crc.o
LOAD .build/obj_sofle_rev1_via/ssd1306_sh1106.o
LOAD .build/obj_sofle_rev1_via/quantum/process_keycode/process_magic.o
LOAD .build/obj_sofle_rev1_via/quantum/dynamic_keymap.o
LOAD .build/obj_sofle_rev1_via/quantum/encoder.o
LOAD .build/obj_sofle_rev1_via/quantum/process_keycode/process_grave_esc.o
LOAD .build/obj_sofle_rev1_via/quantum/process_keycode/process_space_cadet.o
LOAD .build/obj_sofle_rev1_via/quantum/wpm.o
LOAD .build/obj_sofle_rev1_via/i2c_master.a
LOAD .build/obj_sofle_rev1_via/i2c_slave.a
LOAD .build/obj_sofle_rev1_via/serial.a
LOAD .build/obj_sofle_rev1_via/platforms/avr/xprintf.o
LOAD .build/obj_sofle_rev1_via/platforms/avr/printf.o
LOAD .build/obj_sofle_rev1_via/protocol/host.o
LOAD .build/obj_sofle_rev1_via/protocol/report.o
LOAD .build/obj_sofle_rev1_via/protocol/usb_device_state.o
LOAD .build/obj_sofle_rev1_via/protocol/usb_util.o
LOAD .build/obj_sofle_rev1_via/platforms/suspend.o
LOAD .build/obj_sofle_rev1_via/platforms/avr/platform.o
LOAD .build/obj_sofle_rev1_via/platforms/avr/suspend.o
LOAD .build/obj_sofle_rev1_via/platforms/avr/timer.o
LOAD .build/obj_sofle_rev1_via/platforms/avr/bootloaders/caterina.o
LOAD .build/obj_sofle_rev1_via/lufa.o
LOAD .build/obj_sofle_rev1_via/usb_descriptor.o
LOAD .build/obj_sofle_rev1_via/lib/lufa/LUFA/Drivers/USB/Class/Common/HIDParser.o
LOAD .build/obj_sofle_rev1_via/lib/lufa/LUFA/Drivers/USB/Core/AVR8/Device_AVR8.o
LOAD .build/obj_sofle_rev1_via/lib/lufa/LUFA/Drivers/USB/Core/AVR8/EndpointStream_AVR8.o
LOAD .build/obj_sofle_rev1_via/lib/lufa/LUFA/Drivers/USB/Core/AVR8/Endpoint_AVR8.o
LOAD .build/obj_sofle_rev1_via/lib/lufa/LUFA/Drivers/USB/Core/AVR8/Host_AVR8.o
LOAD .build/obj_sofle_rev1_via/lib/lufa/LUFA/Drivers/USB/Core/AVR8/PipeStream_AVR8.o
LOAD .build/obj_sofle_rev1_via/lib/lufa/LUFA/Drivers/USB/Core/AVR8/Pipe_AVR8.o
LOAD .build/obj_sofle_rev1_via/lib/lufa/LUFA/Drivers/USB/Core/AVR8/USBController_AVR8.o
LOAD .build/obj_sofle_rev1_via/lib/lufa/LUFA/Drivers/USB/Core/AVR8/USBInterrupt_AVR8.o
LOAD .build/obj_sofle_rev1_via/lib/lufa/LUFA/Drivers/USB/Core/ConfigDescriptors.o
LOAD .build/obj_sofle_rev1_via/lib/lufa/LUFA/Drivers/USB/Core/DeviceStandardReq.o
LOAD .build/obj_sofle_rev1_via/lib/lufa/LUFA/Drivers/USB/Core/Events.o
LOAD .build/obj_sofle_rev1_via/lib/lufa/LUFA/Drivers/USB/Core/HostStandardReq.o
LOAD .build/obj_sofle_rev1_via/lib/lufa/LUFA/Drivers/USB/Core/USBTask.o
LOAD .build/obj_sofle_rev1_via/protocol/lufa/usb_util.o
LOAD /usr/lib/gcc/avr/5.4.0/../../../avr/lib/avr5/libm.a
START GROUP
LOAD /usr/lib/gcc/avr/5.4.0/avr5/libgcc.a
LOAD /usr/lib/gcc/avr/5.4.0/../../../avr/lib/avr5/libm.a
LOAD /usr/lib/gcc/avr/5.4.0/../../../avr/lib/avr5/libc.a
LOAD /usr/lib/gcc/avr/5.4.0/../../../avr/lib/avr5/libatmega32u4.a
END GROUP
                0x0000000000000000                __TEXT_REGION_ORIGIN__ = DEFINED (__TEXT_REGION_ORIGIN__)?__TEXT_REGION_ORIGIN__:0x0
                0x0000000000800060                __DATA_REGION_ORIGIN__ = DEFINED (__DATA_REGION_ORIGIN__)?__DATA_REGION_ORIGIN__:0x800060
                0x0000000000020000                __TEXT_REGION_LENGTH__ = DEFINED (__TEXT_REGION_LENGTH__)?__TEXT_REGION_LENGTH__:0x20000
                0x000000000000ffa0                __DATA_REGION_LENGTH__ = DEFINED (__DATA_REGION_LENGTH__)?__DATA_REGION_LENGTH__:0xffa0
                0x0000000000010000                __EEPROM_REGION_LENGTH__ = DEFINED (__EEPROM_REGION_LENGTH__)?__EEPROM_REGION_LENGTH__:0x10000
                [0x0000000000000003]                __FUSE_REGION_LENGTH__ = DEFINED (__FUSE_REGION_LENGTH__)?__FUSE_REGION_LENGTH__:0x400
                0x0000000000000400                __LOCK_REGION_LENGTH__ = DEFINED (__LOCK_REGION_LENGTH__)?__LOCK_REGION_LENGTH__:0x400
                0x0000000000000400                __SIGNATURE_REGION_LENGTH__ = DEFINED (__SIGNATURE_REGION_LENGTH__)?__SIGNATURE_REGION_LENGTH__:0x400
                0x0000000000000400                __USER_SIGNATURE_REGION_LENGTH__ = DEFINED (__USER_SIGNATURE_REGION_LENGTH__)?__USER_SIGNATURE_REGION_LENGTH__:0x400

.hash
 *(.hash)

.dynsym
 *(.dynsym)

.dynstr
 *(.dynstr)

.gnu.version
 *(.gnu.version)

.gnu.version_d
 *(.gnu.version_d)

.gnu.version_r
 *(.gnu.version_r)

.rel.init
 *(.rel.init)

.rela.init
 *(.rela.init)

.rel.text
 *(.rel.text)
 *(.rel.text.*)
 *(.rel.gnu.linkonce.t*)

.rela.text
 *(.rela.text)
 *(.rela.text.*)
 *(.rela.gnu.linkonce.t*)

.rel.fini
 *(.rel.fini)

.rela.fini
 *(.rela.fini)

.rel.rodata
 *(.rel.rodata)
 *(.rel.rodata.*)
 *(.rel.gnu.linkonce.r*)

.rela.rodata
 *(.rela.rodata)
 *(.rela.rodata.*)
 *(.rela.gnu.linkonce.r*)

.rel.data
 *(.rel.data)
 *(.rel.data.*)
 *(.rel.gnu.linkonce.d*)

.rela.data
 *(.rela.data)
 *(.rela.data.*)
 *(.rela.gnu.linkonce.d*)

.rel.ctors
 *(.rel.ctors)

.rela.ctors
 *(.rela.ctors)

.rel.dtors
 *(.rel.dtors)

.rela.dtors
 *(.rela.dtors)

.rel.got
 *(.rel.got)

.rela.got
 *(.rela.got)

.rel.bss
 *(.rel.bss)

.rela.bss
 *(.rela.bss)

.rel.plt
 *(.rel.plt)

.rela.plt
 *(.rela.plt)

.text           0x0000000000000000     0x5f9a
 *(.vectors)
 .vectors       0x0000000000000000       0xac /usr/lib/gcc/avr/5.4.0/../../../avr/lib/avr5/crtatmega32u4.o
                0x0000000000000000                __vectors
                0x0000000000000000                __vector_default
 *(.vectors)
 *(.progmem.gcc*)
 .progmem.gcc_sw_table.process_record
                0x00000000000000ac       0x26 /tmp/ccLVjr1G.ltrans0.ltrans.o
 .progmem.gcc_sw_table.main
                0x00000000000000d2       0x26 /tmp/ccLVjr1G.ltrans1.ltrans.o
 .progmem.gcc_sw_table.USB_Device_ProcessControlRequest
                0x00000000000000f8       0x14 /tmp/ccLVjr1G.ltrans5.ltrans.o
                0x000000000000010c                . = ALIGN (0x2)
                0x000000000000010c                __trampolines_start = .
 *(.trampolines)
 .trampolines   0x000000000000010c        0x0 linker stubs
 *(.trampolines*)
                0x000000000000010c                __trampolines_end = .
 *libprintf_flt.a:*(.progmem.data)
 *libc.a:*(.progmem.data)
 *(.progmem*)
 .progmem.data.hand_swap_config
                0x000000000000010c       0x78 /tmp/ccLVjr1G.ltrans0.ltrans.o
 .progmem.data.ascii_to_dead_lut
                0x0000000000000184       0x10 /tmp/ccLVjr1G.ltrans0.ltrans.o
 .progmem.data.ascii_to_altgr_lut
                0x0000000000000194       0x10 /tmp/ccLVjr1G.ltrans0.ltrans.o
 .progmem.data.ascii_to_shift_lut
                0x00000000000001a4       0x10 /tmp/ccLVjr1G.ltrans0.ltrans.o
 .progmem.data.ascii_to_keycode_lut
                0x00000000000001b4       0x80 /tmp/ccLVjr1G.ltrans0.ltrans.o
 .progmem.data.display_setup2.2178
                0x0000000000000234        0xd /tmp/ccLVjr1G.ltrans1.ltrans.o
 .progmem.data.display_flipped.2177
                0x0000000000000241        0x3 /tmp/ccLVjr1G.ltrans1.ltrans.o
 .progmem.data.display_normal.2176
                0x0000000000000244        0x3 /tmp/ccLVjr1G.ltrans1.ltrans.o
 .progmem.data.display_setup1.2175
                0x0000000000000247        0xd /tmp/ccLVjr1G.ltrans1.ltrans.o
 .progmem.data.__c.4099
                0x0000000000000254        0x6 /tmp/ccLVjr1G.ltrans1.ltrans.o
 .progmem.data.__c.4096
                0x000000000000025a        0x4 /tmp/ccLVjr1G.ltrans1.ltrans.o
 .progmem.data.__c.4093
                0x000000000000025e        0x4 /tmp/ccLVjr1G.ltrans1.ltrans.o
 .progmem.data.__c.4089
                0x0000000000000262        0x5 /tmp/ccLVjr1G.ltrans1.ltrans.o
 .progmem.data.__c.4085
                0x0000000000000267        0x3 /tmp/ccLVjr1G.ltrans1.ltrans.o
 .progmem.data.__c.4083
                0x000000000000026a        0x4 /tmp/ccLVjr1G.ltrans1.ltrans.o
 .progmem.data.__c.4080
                0x000000000000026e        0x5 /tmp/ccLVjr1G.ltrans1.ltrans.o
 .progmem.data.__c.4076
                0x0000000000000273        0x5 /tmp/ccLVjr1G.ltrans1.ltrans.o
 .progmem.data.__c.4072
                0x0000000000000278        0x3 /tmp/ccLVjr1G.ltrans1.ltrans.o
 .progmem.data.font
                0x000000000000027b      0x540 /tmp/ccLVjr1G.ltrans3.ltrans.o
 .progmem.data.display_on.2347
                0x00000000000007bb        0x2 /tmp/ccLVjr1G.ltrans3.ltrans.o
 .progmem.data.display_off.2351
                0x00000000000007bd        0x2 /tmp/ccLVjr1G.ltrans3.ltrans.o
 .progmem.data.keymaps
                0x00000000000007bf      0x1e0 /tmp/ccLVjr1G.ltrans3.ltrans.o
 .progmem.data.SharedReport
                0x000000000000099f       0x32 /tmp/ccLVjr1G.ltrans5.ltrans.o
 .progmem.data.RawReport
                0x00000000000009d1       0x22 /tmp/ccLVjr1G.ltrans5.ltrans.o
 .progmem.data.KeyboardReport
                0x00000000000009f3       0x40 /tmp/ccLVjr1G.ltrans5.ltrans.o
 .progmem.data.ConfigurationDescriptor
                0x0000000000000a33       0x5b /tmp/ccLVjr1G.ltrans5.ltrans.o
 .progmem.data.DeviceDescriptor
                0x0000000000000a8e       0x12 /tmp/ccLVjr1G.ltrans5.ltrans.o
 .progmem.data.ProductString
                0x0000000000000aa0        0xe /tmp/ccLVjr1G.ltrans5.ltrans.o
 .progmem.data.ManufacturerString
                0x0000000000000aae       0x1c /tmp/ccLVjr1G.ltrans5.ltrans.o
 .progmem.data.LanguageString
                0x0000000000000aca        0x4 /tmp/ccLVjr1G.ltrans5.ltrans.o
                0x0000000000000ace                . = ALIGN (0x2)
 *(.jumptables)
 *(.jumptables*)
 *(.lowtext)
 *(.lowtext*)
                0x0000000000000ace                __ctors_start = .
 *(.ctors)
                0x0000000000000ace                __ctors_end = .
                0x0000000000000ace                __dtors_start = .
 *(.dtors)
                0x0000000000000ace                __dtors_end = .
 SORT(*)(.ctors)
 SORT(*)(.dtors)
 *(.init0)
 .init0         0x0000000000000ace        0x0 /usr/lib/gcc/avr/5.4.0/../../../avr/lib/avr5/crtatmega32u4.o
                0x0000000000000ace                __init
 *(.init0)
 *(.init1)
 *(.init1)
 *(.init2)
 .init2         0x0000000000000ace        0xc /usr/lib/gcc/avr/5.4.0/../../../avr/lib/avr5/crtatmega32u4.o
 *(.init2)
 *(.init3)
 *(.init3)
 *(.init4)
 .init4         0x0000000000000ada       0x16 /usr/lib/gcc/avr/5.4.0/avr5/libgcc.a(_copy_data.o)
                0x0000000000000ada                __do_copy_data
 .init4         0x0000000000000af0       0x10 /usr/lib/gcc/avr/5.4.0/avr5/libgcc.a(_clear_bss.o)
                0x0000000000000af0                __do_clear_bss
 *(.init4)
 *(.init5)
 *(.init5)
 *(.init6)
 *(.init6)
 *(.init7)
 *(.init7)
 *(.init8)
 *(.init8)
 *(.init9)
 .init9         0x0000000000000b00        0x8 /usr/lib/gcc/avr/5.4.0/../../../avr/lib/avr5/crtatmega32u4.o
 *(.init9)
 *(.text)
 .text          0x0000000000000b08        0x4 /usr/lib/gcc/avr/5.4.0/../../../avr/lib/avr5/crtatmega32u4.o
                0x0000000000000b08                __vector_38
                0x0000000000000b08                __vector_22
                0x0000000000000b08                __vector_28
                0x0000000000000b08                __vector_1
                0x0000000000000b08                __vector_32
                0x0000000000000b08                __vector_34
                0x0000000000000b08                __vector_24
                0x0000000000000b08                __bad_interrupt
                0x0000000000000b08                __vector_6
                0x0000000000000b08                __vector_31
                0x0000000000000b08                __vector_35
                0x0000000000000b08                __vector_39
                0x0000000000000b08                __vector_23
                0x0000000000000b08                __vector_30
                0x0000000000000b08                __vector_25
                0x0000000000000b08                __vector_13
                0x0000000000000b08                __vector_17
                0x0000000000000b08                __vector_19
                0x0000000000000b08                __vector_7
                0x0000000000000b08                __vector_41
                0x0000000000000b08                __vector_27
                0x0000000000000b08                __vector_5
                0x0000000000000b08                __vector_33
                0x0000000000000b08                __vector_37
                0x0000000000000b08                __vector_4
                0x0000000000000b08                __vector_9
                0x0000000000000b08                __vector_2
                0x0000000000000b08                __vector_15
                0x0000000000000b08                __vector_36
                0x0000000000000b08                __vector_29
                0x0000000000000b08                __vector_40
                0x0000000000000b08                __vector_8
                0x0000000000000b08                __vector_26
                0x0000000000000b08                __vector_14
                0x0000000000000b08                __vector_16
                0x0000000000000b08                __vector_18
                0x0000000000000b08                __vector_20
                0x0000000000000b08                __vector_42
                0x0000000000000b0c                . = ALIGN (0x2)
 *(.text.*)
 .text.unregister_code
                0x0000000000000b0c       0x62 /tmp/ccLVjr1G.ltrans0.ltrans.o
                0x0000000000000b0c                unregister_code
 .text.register_code
                0x0000000000000b6e       0xb2 /tmp/ccLVjr1G.ltrans0.ltrans.o
                0x0000000000000b6e                register_code
 .text.action_exec
                0x0000000000000c20      0x1d0 /tmp/ccLVjr1G.ltrans0.ltrans.o
                0x0000000000000c20                action_exec
 .text.process_record
                0x0000000000000df0      0xd68 /tmp/ccLVjr1G.ltrans0.ltrans.o
                0x0000000000000df0                process_record
 .text.biton    0x0000000000001b58       0x28 /tmp/ccLVjr1G.ltrans0.ltrans.o
                0x0000000000001b58                biton
 .text.startup.main
                0x0000000000001b80      0xf58 /tmp/ccLVjr1G.ltrans1.ltrans.o
                0x0000000000001b80                main
 .text.sendchar
                0x0000000000002ad8        0x4 /tmp/ccLVjr1G.ltrans2.ltrans.o
                0x0000000000002ad8                sendchar
 .text.mod_config
                0x0000000000002adc       0x86 /tmp/ccLVjr1G.ltrans2.ltrans.o
 .text.transaction_handler_master.isra.2
                0x0000000000002b62       0x82 /tmp/ccLVjr1G.ltrans2.ltrans.o
 .text.oled_handlers_master
                0x0000000000002be4       0x3a /tmp/ccLVjr1G.ltrans2.ltrans.o
 .text.wpm_handlers_master
                0x0000000000002c1e       0x34 /tmp/ccLVjr1G.ltrans2.ltrans.o
 .text.read_if_checksum_mismatch
                0x0000000000002c52      0x13a /tmp/ccLVjr1G.ltrans2.ltrans.o
 .text.slave_matrix_handlers_master
                0x0000000000002d8c       0x7a /tmp/ccLVjr1G.ltrans2.ltrans.o
 .text.is_keyboard_master
                0x0000000000002e06       0x46 /tmp/ccLVjr1G.ltrans2.ltrans.o
                0x0000000000002e06                is_keyboard_master
 .text.sync_timer_handlers_master
                0x0000000000002e4c       0xc6 /tmp/ccLVjr1G.ltrans2.ltrans.o
 .text.setPinInputHigh_atomic.lto_priv.40
                0x0000000000002f12       0x2e /tmp/ccLVjr1G.ltrans2.ltrans.o
                0x0000000000002f12                setPinInputHigh_atomic.lto_priv.40
 .text.action_for_keycode
                0x0000000000002f40      0x322 /tmp/ccLVjr1G.ltrans2.ltrans.o
                0x0000000000002f40                action_for_keycode
 .text.last_encoder_activity_trigger
                0x0000000000003262        0x4 /tmp/ccLVjr1G.ltrans2.ltrans.o
                0x0000000000003262                last_encoder_activity_trigger
 .text.encoder_handlers_master
                0x0000000000003266       0xc0 /tmp/ccLVjr1G.ltrans2.ltrans.o
 .text.eeconfig_read_keymap
                0x0000000000003326       0x22 /tmp/ccLVjr1G.ltrans2.ltrans.o
                0x0000000000003326                eeconfig_read_keymap
 .text.matrix_scan
                0x0000000000003348      0x384 /tmp/ccLVjr1G.ltrans2.ltrans.o
                0x0000000000003348                matrix_scan
 .text.send_programmable_button.lto_priv.38
                0x00000000000036cc        0x2 /tmp/ccLVjr1G.ltrans3.ltrans.o
                0x00000000000036cc                send_programmable_button.lto_priv.38
 .text.send_mouse.lto_priv.35
                0x00000000000036ce        0x2 /tmp/ccLVjr1G.ltrans3.ltrans.o
                0x00000000000036ce                send_mouse.lto_priv.35
 .text.keyboard_leds.lto_priv.33
                0x00000000000036d0        0x6 /tmp/ccLVjr1G.ltrans3.ltrans.o
                0x00000000000036d0                keyboard_leds.lto_priv.33
 .text.send_extra
                0x00000000000036d6       0x54 /tmp/ccLVjr1G.ltrans3.ltrans.o
 .text.send_consumer.lto_priv.37
                0x000000000000372a        0x8 /tmp/ccLVjr1G.ltrans3.ltrans.o
                0x000000000000372a                send_consumer.lto_priv.37
 .text.send_system.lto_priv.36
                0x0000000000003732        0x8 /tmp/ccLVjr1G.ltrans3.ltrans.o
                0x0000000000003732                send_system.lto_priv.36
 .text.send_keyboard.lto_priv.34
                0x000000000000373a       0x58 /tmp/ccLVjr1G.ltrans3.ltrans.o
                0x000000000000373a                send_keyboard.lto_priv.34
 .text.__vector_11
                0x0000000000003792       0x88 /tmp/ccLVjr1G.ltrans3.ltrans.o
                0x0000000000003792                __vector_11
 .text.USB_Disable
                0x000000000000381a       0x3e /tmp/ccLVjr1G.ltrans3.ltrans.o
                0x000000000000381a                USB_Disable
 .text.Endpoint_WaitUntilReady
                0x0000000000003858       0x66 /tmp/ccLVjr1G.ltrans3.ltrans.o
                0x0000000000003858                Endpoint_WaitUntilReady
 .text.Endpoint_ClearStatusStage
                0x00000000000038be       0x3e /tmp/ccLVjr1G.ltrans3.ltrans.o
                0x00000000000038be                Endpoint_ClearStatusStage
 .text.Endpoint_ConfigureEndpoint_Prv
                0x00000000000038fc       0x6a /tmp/ccLVjr1G.ltrans3.ltrans.o
                0x00000000000038fc                Endpoint_ConfigureEndpoint_Prv
 .text.USB_Init
                0x0000000000003966       0xc2 /tmp/ccLVjr1G.ltrans3.ltrans.o
                0x0000000000003966                USB_Init
 .text.__vector_10
                0x0000000000003a28      0x1ae /tmp/ccLVjr1G.ltrans3.ltrans.o
                0x0000000000003a28                __vector_10
 .text.Endpoint_Write_Control_Stream_LE
                0x0000000000003bd6       0xbc /tmp/ccLVjr1G.ltrans3.ltrans.o
                0x0000000000003bd6                Endpoint_Write_Control_Stream_LE
 .text.bootloader_jump
                0x0000000000003c92       0x22 /tmp/ccLVjr1G.ltrans3.ltrans.o
                0x0000000000003c92                bootloader_jump
 .text.__vector_21
                0x0000000000003cb4       0x4c /tmp/ccLVjr1G.ltrans3.ltrans.o
                0x0000000000003cb4                __vector_21
 .text.timer_elapsed32
                0x0000000000003d00       0x38 /tmp/ccLVjr1G.ltrans3.ltrans.o
                0x0000000000003d00                timer_elapsed32
 .text.timer_elapsed
                0x0000000000003d38       0x1e /tmp/ccLVjr1G.ltrans3.ltrans.o
                0x0000000000003d38                timer_elapsed
 .text.timer_read32
                0x0000000000003d56       0x18 /tmp/ccLVjr1G.ltrans3.ltrans.o
                0x0000000000003d56                timer_read32
 .text.timer_read
                0x0000000000003d6e       0x18 /tmp/ccLVjr1G.ltrans3.ltrans.o
                0x0000000000003d6e                timer_read
 .text.__vector_12
                0x0000000000003d86       0x52 /tmp/ccLVjr1G.ltrans3.ltrans.o
                0x0000000000003d86                __vector_12
 .text.add_key_byte
                0x0000000000003dd8       0x34 /tmp/ccLVjr1G.ltrans3.ltrans.o
                0x0000000000003dd8                add_key_byte
 .text.host_consumer_send
                0x0000000000003e0c       0x2c /tmp/ccLVjr1G.ltrans3.ltrans.o
                0x0000000000003e0c                host_consumer_send
 .text.host_system_send
                0x0000000000003e38       0x2c /tmp/ccLVjr1G.ltrans3.ltrans.o
                0x0000000000003e38                host_system_send
 .text.host_keyboard_leds
                0x0000000000003e64       0x20 /tmp/ccLVjr1G.ltrans3.ltrans.o
                0x0000000000003e64                host_keyboard_leds
 .text.perform_space_cadet
                0x0000000000003e84       0xe6 /tmp/ccLVjr1G.ltrans3.ltrans.o
                0x0000000000003e84                perform_space_cadet
 .text.dynamic_keymap_macro_reset
                0x0000000000003f6a       0x20 /tmp/ccLVjr1G.ltrans3.ltrans.o
                0x0000000000003f6a                dynamic_keymap_macro_reset
 .text.dynamic_keymap_reset
                0x0000000000003f8a       0x68 /tmp/ccLVjr1G.ltrans3.ltrans.o
                0x0000000000003f8a                dynamic_keymap_reset
 .text.dynamic_keymap_get_keycode
                0x0000000000003ff2       0x4c /tmp/ccLVjr1G.ltrans3.ltrans.o
                0x0000000000003ff2                dynamic_keymap_get_keycode
 .text.keymap_key_to_keycode
                0x000000000000403e       0x1a /tmp/ccLVjr1G.ltrans3.ltrans.o
                0x000000000000403e                keymap_key_to_keycode
 .text.oled_off
                0x0000000000004058       0x34 /tmp/ccLVjr1G.ltrans3.ltrans.o
                0x0000000000004058                oled_off
 .text.oled_on  0x000000000000408c       0x4c /tmp/ccLVjr1G.ltrans3.ltrans.o
                0x000000000000408c                oled_on
 .text.oled_write_char
                0x00000000000040d8      0x126 /tmp/ccLVjr1G.ltrans3.ltrans.o
                0x00000000000040d8                oled_write_char
 .text.oled_write_P
                0x00000000000041fe       0x24 /tmp/ccLVjr1G.ltrans3.ltrans.o
                0x00000000000041fe                oled_write_P
 .text.oled_write_ln_P
                0x0000000000004222        0xa /tmp/ccLVjr1G.ltrans3.ltrans.o
                0x0000000000004222                oled_write_ln_P
 .text.eeconfig_init_quantum
                0x000000000000422c       0xd4 /tmp/ccLVjr1G.ltrans4.ltrans.o
                0x000000000000422c                eeconfig_init_quantum
 .text.clear_oneshot_mods
                0x0000000000004300        0xc /tmp/ccLVjr1G.ltrans4.ltrans.o
                0x0000000000004300                clear_oneshot_mods
 .text.del_mods
                0x000000000000430c        0xe /tmp/ccLVjr1G.ltrans4.ltrans.o
                0x000000000000430c                del_mods
 .text.send_keyboard_report
                0x000000000000431a       0x78 /tmp/ccLVjr1G.ltrans4.ltrans.o
                0x000000000000431a                send_keyboard_report
 .text.clear_keyboard_but_mods_and_keys
                0x0000000000004392       0x18 /tmp/ccLVjr1G.ltrans4.ltrans.o
 .text.debug_waiting_buffer.lto_priv.62
                0x00000000000043aa       0x14 /tmp/ccLVjr1G.ltrans4.ltrans.o
                0x00000000000043aa                debug_waiting_buffer.lto_priv.62
 .text.waiting_buffer_scan_tap
                0x00000000000043be       0xd8 /tmp/ccLVjr1G.ltrans4.ltrans.o
 .text.layer_switch_get_layer
                0x0000000000004496       0x5e /tmp/ccLVjr1G.ltrans4.ltrans.o
                0x0000000000004496                layer_switch_get_layer
 .text.layer_switch_get_action
                0x00000000000044f4       0x1a /tmp/ccLVjr1G.ltrans4.ltrans.o
                0x00000000000044f4                layer_switch_get_action
 .text.is_tap_record
                0x000000000000450e       0x40 /tmp/ccLVjr1G.ltrans4.ltrans.o
 .text.process_tapping.lto_priv.61
                0x000000000000454e      0x35e /tmp/ccLVjr1G.ltrans4.ltrans.o
                0x000000000000454e                process_tapping.lto_priv.61
 .text.read_source_layers_cache
                0x00000000000048ac       0x5a /tmp/ccLVjr1G.ltrans4.ltrans.o
                0x00000000000048ac                read_source_layers_cache
 .text.update_source_layers_cache
                0x0000000000004906       0x58 /tmp/ccLVjr1G.ltrans4.ltrans.o
                0x0000000000004906                update_source_layers_cache
 .text.layer_state_set
                0x000000000000495e        0x8 /tmp/ccLVjr1G.ltrans4.ltrans.o
                0x000000000000495e                layer_state_set
 .text.layer_off
                0x0000000000004966       0x18 /tmp/ccLVjr1G.ltrans4.ltrans.o
                0x0000000000004966                layer_off
 .text.clear_oneshot_layer_state
                0x000000000000497e       0x3a /tmp/ccLVjr1G.ltrans4.ltrans.o
                0x000000000000497e                clear_oneshot_layer_state
 .text.oneshot_set
                0x00000000000049b8       0x3a /tmp/ccLVjr1G.ltrans4.ltrans.o
                0x00000000000049b8                oneshot_set
 .text.layer_on
                0x00000000000049f2       0x16 /tmp/ccLVjr1G.ltrans4.ltrans.o
                0x00000000000049f2                layer_on
 .text.default_layer_state_set.lto_priv.39
                0x0000000000004a08        0x8 /tmp/ccLVjr1G.ltrans4.ltrans.o
                0x0000000000004a08                default_layer_state_set.lto_priv.39
 .text.clear_keyboard
                0x0000000000004a10       0x16 /tmp/ccLVjr1G.ltrans4.ltrans.o
                0x0000000000004a10                clear_keyboard
 .text.unregister_mods
                0x0000000000004a26        0xe /tmp/ccLVjr1G.ltrans4.ltrans.o
                0x0000000000004a26                unregister_mods
 .text.register_mods
                0x0000000000004a34       0x14 /tmp/ccLVjr1G.ltrans4.ltrans.o
                0x0000000000004a34                register_mods
 .text.tap_code
                0x0000000000004a48       0x38 /tmp/ccLVjr1G.ltrans4.ltrans.o
                0x0000000000004a48                tap_code
 .text.oled_write_pixel.constprop.24
                0x0000000000004a80       0x70 /tmp/ccLVjr1G.ltrans5.ltrans.o
                0x0000000000004a80                oled_write_pixel.constprop.24
 .text.update_tri_layer.constprop.22
                0x0000000000004af0       0x16 /tmp/ccLVjr1G.ltrans5.ltrans.o
                0x0000000000004af0                update_tri_layer.constprop.22
 .text.i2c_transmit_P.constprop.18
                0x0000000000004b06       0x52 /tmp/ccLVjr1G.ltrans5.ltrans.o
                0x0000000000004b06                i2c_transmit_P.constprop.18
 .text.send_if_condition.constprop.8
                0x0000000000004b58       0x8a /tmp/ccLVjr1G.ltrans5.ltrans.o
                0x0000000000004b58                send_if_condition.constprop.8
 .text.Endpoint_Write_Stream_LE.constprop.6
                0x0000000000004be2       0x58 /tmp/ccLVjr1G.ltrans5.ltrans.o
                0x0000000000004be2                Endpoint_Write_Stream_LE.constprop.6
 .text.USB_Device_ProcessControlRequest
                0x0000000000004c3a      0x5ac /tmp/ccLVjr1G.ltrans5.ltrans.o
                0x0000000000004c3a                USB_Device_ProcessControlRequest
 .text.oled_advance_page
                0x00000000000051e6       0x62 /tmp/ccLVjr1G.ltrans6.ltrans.o
                0x00000000000051e6                oled_advance_page
 .text.crc8     0x0000000000005248       0x2e /tmp/ccLVjr1G.ltrans6.ltrans.o
                0x0000000000005248                crc8
 .text.via_set_layout_options
                0x0000000000005276        0x8 /tmp/ccLVjr1G.ltrans6.ltrans.o
                0x0000000000005276                via_set_layout_options
 .text.via_eeprom_set_valid
                0x000000000000527e       0x3c /tmp/ccLVjr1G.ltrans6.ltrans.o
                0x000000000000527e                via_eeprom_set_valid
 .text.eeconfig_init_via
                0x00000000000052ba       0x1e /tmp/ccLVjr1G.ltrans6.ltrans.o
                0x00000000000052ba                eeconfig_init_via
 .text.via_eeprom_is_valid
                0x00000000000052d8       0x32 /tmp/ccLVjr1G.ltrans6.ltrans.o
                0x00000000000052d8                via_eeprom_is_valid
 .text.i2c_init
                0x000000000000530a        0xc .build/obj_sofle_rev1_via/i2c_master.a(i2c_master.o)
                0x000000000000530a                i2c_init
 .text.i2c_start
                0x0000000000005316      0x102 .build/obj_sofle_rev1_via/i2c_master.a(i2c_master.o)
                0x0000000000005316                i2c_start
 .text.i2c_write
                0x0000000000005418       0x60 .build/obj_sofle_rev1_via/i2c_master.a(i2c_master.o)
                0x0000000000005418                i2c_write
 .text.i2c_transmit
                0x0000000000005478       0x4e .build/obj_sofle_rev1_via/i2c_master.a(i2c_master.o)
                0x0000000000005478                i2c_transmit
 .text.i2c_writeReg
                0x00000000000054c6       0x5a .build/obj_sofle_rev1_via/i2c_master.a(i2c_master.o)
                0x00000000000054c6                i2c_writeReg
 .text.i2c_stop
                0x0000000000005520        0x8 .build/obj_sofle_rev1_via/i2c_master.a(i2c_master.o)
                0x0000000000005520                i2c_stop
 .text.sync_recv
                0x0000000000005528       0x10 .build/obj_sofle_rev1_via/serial.a(serial.o)
 .text.sync_send
                0x0000000000005538        0xc .build/obj_sofle_rev1_via/serial.a(serial.o)
 .text.serial_read_chunk.constprop.0
                0x0000000000005544       0x50 .build/obj_sofle_rev1_via/serial.a(serial.o)
 .text.serial_recive_packet
                0x0000000000005594       0x4e .build/obj_sofle_rev1_via/serial.a(serial.o)
 .text.soft_serial_initiator_init
                0x00000000000055e2        0x6 .build/obj_sofle_rev1_via/serial.a(serial.o)
                0x00000000000055e2                soft_serial_initiator_init
 .text.soft_serial_target_init
                0x00000000000055e8       0x12 .build/obj_sofle_rev1_via/serial.a(serial.o)
                0x00000000000055e8                soft_serial_target_init
 .text.serial_write_chunk
                0x00000000000055fa       0x40 .build/obj_sofle_rev1_via/serial.a(serial.o)
                0x00000000000055fa                serial_write_chunk
 .text.serial_send_packet
                0x000000000000563a       0x34 .build/obj_sofle_rev1_via/serial.a(serial.o)
 .text.__vector_3
                0x000000000000566e      0x14c .build/obj_sofle_rev1_via/serial.a(serial.o)
                0x000000000000566e                __vector_3
 .text.soft_serial_transaction
                0x00000000000057ba       0xf6 .build/obj_sofle_rev1_via/serial.a(serial.o)
                0x00000000000057ba                soft_serial_transaction
 .text.libgcc.div
                0x00000000000058b0       0x28 /usr/lib/gcc/avr/5.4.0/avr5/libgcc.a(_udivmodhi4.o)
                0x00000000000058b0                __udivmodhi4
 .text.avr-libc
                0x00000000000058d8       0x12 /usr/lib/gcc/avr/5.4.0/../../../avr/lib/avr5/libc.a(memcpy_P.o)
                0x00000000000058d8                memcpy_P
 .text.avr-libc
                0x00000000000058ea       0x16 /usr/lib/gcc/avr/5.4.0/../../../avr/lib/avr5/libc.a(itoa_ncheck.o)
                0x00000000000058ea                __itoa_ncheck
 .text.avr-libc
                0x0000000000005900       0x34 /usr/lib/gcc/avr/5.4.0/../../../avr/lib/avr5/libc.a(utoa_ncheck.o)
                0x0000000000005900                __utoa_ncheck
                0x0000000000005902                __utoa_common
 .text.avr-libc
                0x0000000000005934       0x20 /usr/lib/gcc/avr/5.4.0/../../../avr/lib/avr5/libc.a(strrev.o)
                0x0000000000005934                strrev
 .text.avr-libc
                0x0000000000005954       0x10 /usr/lib/gcc/avr/5.4.0/../../../avr/lib/avr5/libatmega32u4.a(eerd_byte.o)
                0x0000000000005954                eeprom_read_byte
 .text.avr-libc
                0x0000000000005964        0xc /usr/lib/gcc/avr/5.4.0/../../../avr/lib/avr5/libatmega32u4.a(eerd_word.o)
                0x0000000000005964                eeprom_read_word
 .text.avr-libc
                0x0000000000005970       0x24 /usr/lib/gcc/avr/5.4.0/../../../avr/lib/avr5/libatmega32u4.a(eeupd_byte.o)
                0x0000000000005970                eeprom_update_byte
                0x0000000000005972                eeprom_update_r18
 .text.avr-libc
                0x0000000000005994       0x18 /usr/lib/gcc/avr/5.4.0/../../../avr/lib/avr5/libatmega32u4.a(eeupd_dword.o)
                0x0000000000005994                eeprom_update_dword
                0x0000000000005994                eeprom_update_float
 .text.avr-libc
                0x00000000000059ac        0xc /usr/lib/gcc/avr/5.4.0/../../../avr/lib/avr5/libatmega32u4.a(eeupd_word.o)
                0x00000000000059ac                eeprom_update_word
 .text.avr-libc
                0x00000000000059b8       0x20 /usr/lib/gcc/avr/5.4.0/../../../avr/lib/avr5/libatmega32u4.a(eerd_block.o)
                0x00000000000059b8                eeprom_read_block
                0x00000000000059bc                eeprom_read_blraw
 .text.avr-libc.fplib
                0x00000000000059d8        0xe /usr/lib/gcc/avr/5.4.0/../../../avr/lib/avr5/libm.a(addsf3.o)
                0x00000000000059d8                __subsf3
                0x00000000000059da                __addsf3
 .text.avr-libc.fplib
                0x00000000000059e6       0xcc /usr/lib/gcc/avr/5.4.0/../../../avr/lib/avr5/libm.a(addsf3x.o)
                0x0000000000005a08                __addsf3x
 .text.avr-libc.fplib
                0x0000000000005ab2        0x8 /usr/lib/gcc/avr/5.4.0/../../../avr/lib/avr5/libm.a(divsf3.o)
                0x0000000000005ab2                __divsf3
 .text.avr-libc.fplib
                0x0000000000005aba       0xdc /usr/lib/gcc/avr/5.4.0/../../../avr/lib/avr5/libm.a(divsf3x.o)
                0x0000000000005ada                __divsf3x
                0x0000000000005ae0                __divsf3_pse
 .text.avr-libc.fplib
                0x0000000000005b96        0xe /usr/lib/gcc/avr/5.4.0/../../../avr/lib/avr5/libm.a(fixsfsi.o)
                0x0000000000005b96                __fixsfsi
 .text.avr-libc.fplib
                0x0000000000005ba4       0x5e /usr/lib/gcc/avr/5.4.0/../../../avr/lib/avr5/libm.a(fixunssfsi.o)
                0x0000000000005ba4                __fixunssfsi
 .text.avr-libc.fplib
                0x0000000000005c02       0x7a /usr/lib/gcc/avr/5.4.0/../../../avr/lib/avr5/libm.a(floatsisf.o)
                0x0000000000005c02                __floatunsisf
                0x0000000000005c06                __floatsisf
 .text.avr-libc.fplib
                0x0000000000005c7c        0xc /usr/lib/gcc/avr/5.4.0/../../../avr/lib/avr5/libm.a(fp_inf.o)
                0x0000000000005c7c                __fp_inf
 .text.avr-libc.fplib
                0x0000000000005c88        0x6 /usr/lib/gcc/avr/5.4.0/../../../avr/lib/avr5/libm.a(fp_nan.o)
                0x0000000000005c88                __fp_nan
 .text.avr-libc.fplib
                0x0000000000005c8e        0xe /usr/lib/gcc/avr/5.4.0/../../../avr/lib/avr5/libm.a(fp_pscA.o)
                0x0000000000005c8e                __fp_pscA
 .text.avr-libc.fplib
                0x0000000000005c9c        0xe /usr/lib/gcc/avr/5.4.0/../../../avr/lib/avr5/libm.a(fp_pscB.o)
                0x0000000000005c9c                __fp_pscB
 .text.avr-libc.fplib
                0x0000000000005caa       0x22 /usr/lib/gcc/avr/5.4.0/../../../avr/lib/avr5/libm.a(fp_round.o)
                0x0000000000005caa                __fp_round
 .text.avr-libc.fplib
                0x0000000000005ccc       0x44 /usr/lib/gcc/avr/5.4.0/../../../avr/lib/avr5/libm.a(fp_split3.o)
                0x0000000000005ccc                __fp_split3
                0x0000000000005cdc                __fp_splitA
 .text.avr-libc.fplib
                0x0000000000005d10        0xe /usr/lib/gcc/avr/5.4.0/../../../avr/lib/avr5/libm.a(fp_zero.o)
                0x0000000000005d10                __fp_zero
                0x0000000000005d12                __fp_szero
 .text.avr-libc.fplib
                0x0000000000005d1e        0xa /usr/lib/gcc/avr/5.4.0/../../../avr/lib/avr5/libm.a(gesf2.o)
                0x0000000000005d1e                __gtsf2
                0x0000000000005d1e                __gesf2
 .text.avr-libc.fplib
                0x0000000000005d28        0x8 /usr/lib/gcc/avr/5.4.0/../../../avr/lib/avr5/libm.a(mulsf3.o)
                0x0000000000005d28                __mulsf3
 .text.avr-libc.fplib
                0x0000000000005d30       0xd2 /usr/lib/gcc/avr/5.4.0/../../../avr/lib/avr5/libm.a(mulsf3x.o)
                0x0000000000005d4e                __mulsf3x
                0x0000000000005d54                __mulsf3_pse
 .text.avr-libc.fplib
                0x0000000000005e02       0x48 /usr/lib/gcc/avr/5.4.0/../../../avr/lib/avr5/libm.a(fp_cmp.o)
                0x0000000000005e02                __fp_cmp
 .text.libgcc.div
                0x0000000000005e4a       0x18 /usr/lib/gcc/avr/5.4.0/avr5/libgcc.a(_udivmodqi4.o)
                0x0000000000005e4a                __udivmodqi4
 .text.libgcc.div
                0x0000000000005e62       0x28 /usr/lib/gcc/avr/5.4.0/avr5/libgcc.a(_divmodhi4.o)
                0x0000000000005e62                __divmodhi4
                0x0000000000005e62                _div
 .text.libgcc.div
                0x0000000000005e8a       0x44 /usr/lib/gcc/avr/5.4.0/avr5/libgcc.a(_udivmodsi4.o)
                0x0000000000005e8a                __udivmodsi4
 .text.libgcc.div
                0x0000000000005ece       0x2e /usr/lib/gcc/avr/5.4.0/avr5/libgcc.a(_divmodsi4.o)
                0x0000000000005ece                __divmodsi4
 .text.libgcc.div
                0x0000000000005efc       0x10 /usr/lib/gcc/avr/5.4.0/avr5/libgcc.a(_negsi2.o)
                0x0000000000005efc                __negsi2
 .text.libgcc   0x0000000000005f0c        0xc /usr/lib/gcc/avr/5.4.0/avr5/libgcc.a(_tablejump2.o)
                0x0000000000005f0c                __tablejump2__
 .text.libgcc.builtins
                0x0000000000005f18        0xe /usr/lib/gcc/avr/5.4.0/avr5/libgcc.a(_bswapsi2.o)
                0x0000000000005f18                __bswapsi2
 .text.libgcc.mul
                0x0000000000005f26       0x16 /usr/lib/gcc/avr/5.4.0/avr5/libgcc.a(_muluhisi3.o)
                0x0000000000005f26                __muluhisi3
 .text.libgcc.mul
                0x0000000000005f3c       0x10 /usr/lib/gcc/avr/5.4.0/avr5/libgcc.a(_mulshisi3.o)
                0x0000000000005f3c                __mulshisi3
                0x0000000000005f42                __mulohisi3
 .text.libgcc.mul
                0x0000000000005f4c       0x1e /usr/lib/gcc/avr/5.4.0/avr5/libgcc.a(_umulhisi3.o)
                0x0000000000005f4c                __umulhisi3
 .text.avr-libc
                0x0000000000005f6a       0x1a /usr/lib/gcc/avr/5.4.0/../../../avr/lib/avr5/libc.a(memcmp.o)
                0x0000000000005f6a                memcmp
 .text.avr-libc
                0x0000000000005f84       0x12 /usr/lib/gcc/avr/5.4.0/../../../avr/lib/avr5/libc.a(memcpy.o)
                0x0000000000005f84                memcpy
                0x0000000000005f96                . = ALIGN (0x2)
 *(.fini9)
 .fini9         0x0000000000005f96        0x0 /usr/lib/gcc/avr/5.4.0/avr5/libgcc.a(_exit.o)
                0x0000000000005f96                exit
                0x0000000000005f96                _exit
 *(.fini9)
 *(.fini8)
 *(.fini8)
 *(.fini7)
 *(.fini7)
 *(.fini6)
 *(.fini6)
 *(.fini5)
 *(.fini5)
 *(.fini4)
 *(.fini4)
 *(.fini3)
 *(.fini3)
 *(.fini2)
 *(.fini2)
 *(.fini1)
 *(.fini1)
 *(.fini0)
 .fini0         0x0000000000005f96        0x4 /usr/lib/gcc/avr/5.4.0/avr5/libgcc.a(_exit.o)
 *(.fini0)
                0x0000000000005f9a                _etext = .

.data           0x0000000000800100       0xc0 load address 0x0000000000005f9a
                0x0000000000800100                PROVIDE (__data_start, .)
 *(.data)
 *(.data*)
 .data.isLeftHand
                0x0000000000800100        0x1 /tmp/ccLVjr1G.ltrans1.ltrans.o
 .data.lufa_driver
                0x0000000000800101        0xc /tmp/ccLVjr1G.ltrans1.ltrans.o
 .data.periods  0x000000000080010d        0x1 /tmp/ccLVjr1G.ltrans1.ltrans.o
 .data.encoders_pad_b
                0x000000000080010e        0x1 /tmp/ccLVjr1G.ltrans1.ltrans.o
 .data.encoders_pad_a
                0x000000000080010f        0x1 /tmp/ccLVjr1G.ltrans1.ltrans.o
 .data.oled_brightness
                0x0000000000800110        0x1 /tmp/ccLVjr1G.ltrans1.ltrans.o
 .data.wpm_text
                0x0000000000800111        0x8 /tmp/ccLVjr1G.ltrans1.ltrans.o
 .data.y        0x0000000000800119        0x2 /tmp/ccLVjr1G.ltrans1.ltrans.o
 .data.display_start.2224
                0x000000000080011b        0x7 /tmp/ccLVjr1G.ltrans1.ltrans.o
 .data.keyboard_protocol
                0x0000000000800122        0x1 /tmp/ccLVjr1G.ltrans5.ltrans.o
                0x0000000000800122                keyboard_protocol
 .data.split_transaction_table
                0x0000000000800123       0x38 /tmp/ccLVjr1G.ltrans5.ltrans.o
                0x0000000000800123                split_transaction_table
 *(.gnu.linkonce.d*)
 *(.rodata)
 *(.rodata*)
 .rodata.row_pins.lto_priv.45
                0x000000000080015b        0x5 /tmp/ccLVjr1G.ltrans1.ltrans.o
                0x000000000080015b                row_pins.lto_priv.45
 .rodata.col_pins.lto_priv.44
                0x0000000000800160        0x6 /tmp/ccLVjr1G.ltrans1.ltrans.o
                0x0000000000800160                col_pins.lto_priv.44
 .rodata.encoder_LUT
                0x0000000000800166       0x10 /tmp/ccLVjr1G.ltrans1.ltrans.o
 .rodata.source_map.2225
                0x0000000000800176        0x4 /tmp/ccLVjr1G.ltrans1.ltrans.o
 .rodata.target_map.2226
                0x000000000080017a        0x4 /tmp/ccLVjr1G.ltrans1.ltrans.o
 .rodata.CSWTCH.22.lto_priv.48
                0x000000000080017e        0x3 /tmp/ccLVjr1G.ltrans2.ltrans.o
                0x000000000080017e                CSWTCH.22.lto_priv.48
 .rodata.CSWTCH.24.lto_priv.47
                0x0000000000800181       0x2e /tmp/ccLVjr1G.ltrans2.ltrans.o
                0x0000000000800181                CSWTCH.24.lto_priv.47
 .rodata.split_shmem
                0x00000000008001af        0x2 /tmp/ccLVjr1G.ltrans5.ltrans.o
                0x00000000008001af                split_shmem
 .rodata.CSWTCH.3
                0x00000000008001b1        0x3 /tmp/ccLVjr1G.ltrans5.ltrans.o
 .rodata.CSWTCH.2
                0x00000000008001b4        0x6 /tmp/ccLVjr1G.ltrans5.ltrans.o
 .rodata.CSWTCH.1
                0x00000000008001ba        0x6 /tmp/ccLVjr1G.ltrans5.ltrans.o
 *(.gnu.linkonce.r*)
                0x00000000008001c0                . = ALIGN (0x2)
                0x00000000008001c0                _edata = .
                0x00000000008001c0                PROVIDE (__data_end, .)

.bss            0x00000000008001c0      0x376
                0x00000000008001c0                PROVIDE (__bss_start, .)
 *(.bss)
 .bss           0x00000000008001c0        0x2 .build/obj_sofle_rev1_via/platforms/avr/xprintf.o
                0x00000000008001c0                xfunc_out
 *(.bss*)
 .bss.swap_state.2908
                0x00000000008001c2        0xa /tmp/ccLVjr1G.ltrans0.ltrans.o
 .bss.grave_esc_was_shifted
                0x00000000008001cc        0x1 /tmp/ccLVjr1G.ltrans0.ltrans.o
 .bss.swap_hands_oneshot
                0x00000000008001cd        0x1 /tmp/ccLVjr1G.ltrans0.ltrans.o
 .bss.sync_timer_ms
                0x00000000008001ce        0x4 /tmp/ccLVjr1G.ltrans1.ltrans.o
                0x00000000008001ce                sync_timer_ms
 .bss.raw_matrix
                0x00000000008001d2        0xa /tmp/ccLVjr1G.ltrans1.ltrans.o
                0x00000000008001d2                raw_matrix
 .bss.thatHand  0x00000000008001dc        0x1 /tmp/ccLVjr1G.ltrans1.ltrans.o
                0x00000000008001dc                thatHand
 .bss.thisHand  0x00000000008001dd        0x1 /tmp/ccLVjr1G.ltrans1.ltrans.o
                0x00000000008001dd                thisHand
 .bss.keymap_config
                0x00000000008001de        0x2 /tmp/ccLVjr1G.ltrans1.ltrans.o
                0x00000000008001de                keymap_config
 .bss.thatHand.lto_priv.32
                0x00000000008001e0        0x1 /tmp/ccLVjr1G.ltrans1.ltrans.o
                0x00000000008001e0                thatHand.lto_priv.32
 .bss.debug_config
                0x00000000008001e1        0x1 /tmp/ccLVjr1G.ltrans1.ltrans.o
 .bss.matrix_prev.4150
                0x00000000008001e2        0xa /tmp/ccLVjr1G.ltrans1.ltrans.o
 .bss.next_wpm  0x00000000008001ec        0x1 /tmp/ccLVjr1G.ltrans1.ltrans.o
 .bss.prev_wpm  0x00000000008001ed        0x1 /tmp/ccLVjr1G.ltrans1.ltrans.o
 .bss.smoothing_timer
                0x00000000008001ee        0x4 /tmp/ccLVjr1G.ltrans1.ltrans.o
 .bss.current_period.lto_priv.54
                0x00000000008001f2        0x1 /tmp/ccLVjr1G.ltrans1.ltrans.o
                0x00000000008001f2                current_period.lto_priv.54
 .bss.wpm_timer
                0x00000000008001f3        0x4 /tmp/ccLVjr1G.ltrans1.ltrans.o
 .bss.period_presses.lto_priv.55
                0x00000000008001f7       0x32 /tmp/ccLVjr1G.ltrans1.ltrans.o
                0x00000000008001f7                period_presses.lto_priv.55
 .bss.encoder_value.lto_priv.43
                0x0000000000800229        0x2 /tmp/ccLVjr1G.ltrans1.ltrans.o
                0x0000000000800229                encoder_value.lto_priv.43
 .bss.encoder_pulses
                0x000000000080022b        0x1 /tmp/ccLVjr1G.ltrans1.ltrans.o
 .bss.thisHand.lto_priv.29
                0x000000000080022c        0x1 /tmp/ccLVjr1G.ltrans1.ltrans.o
                0x000000000080022c                thisHand.lto_priv.29
 .bss.encoder_state
                0x000000000080022d        0x1 /tmp/ccLVjr1G.ltrans1.ltrans.o
 .bss.current_wpm.lto_priv.41
                0x000000000080022e        0x1 /tmp/ccLVjr1G.ltrans1.ltrans.o
                0x000000000080022e                current_wpm.lto_priv.41
 .bss.oldwpm    0x000000000080022f        0x1 /tmp/ccLVjr1G.ltrans1.ltrans.o
 .bss.currwpm   0x0000000000800230        0x1 /tmp/ccLVjr1G.ltrans1.ltrans.o
 .bss.timer     0x0000000000800231        0x2 /tmp/ccLVjr1G.ltrans1.ltrans.o
 .bss.temp_buffer.2227
                0x0000000000800233       0x20 /tmp/ccLVjr1G.ltrans1.ltrans.o
 .bss.oled_rotation
                0x0000000000800253        0x1 /tmp/ccLVjr1G.ltrans1.ltrans.o
 .bss.oled_scrolling
                0x0000000000800254        0x1 /tmp/ccLVjr1G.ltrans1.ltrans.o
 .bss.oled_update_timeout
                0x0000000000800255        0x2 /tmp/ccLVjr1G.ltrans1.ltrans.o
 .bss.last_led_status.2278
                0x0000000000800257        0x1 /tmp/ccLVjr1G.ltrans1.ltrans.o
 .bss.matrix    0x0000000000800258        0xa /tmp/ccLVjr1G.ltrans1.ltrans.o
                0x0000000000800258                matrix
 .bss.debouncing_time
                0x0000000000800262        0x2 /tmp/ccLVjr1G.ltrans2.ltrans.o
 .bss.debouncing
                0x0000000000800264        0x1 /tmp/ccLVjr1G.ltrans2.ltrans.o
 .bss.connection_check_timer.4127
                0x0000000000800265        0x2 /tmp/ccLVjr1G.ltrans2.ltrans.o
 .bss.last_sync_timer.4356
                0x0000000000800267        0x4 /tmp/ccLVjr1G.ltrans2.ltrans.o
 .bss.last_connected.4310
                0x000000000080026b        0x1 /tmp/ccLVjr1G.ltrans2.ltrans.o
 .bss.usbstate.4113
                0x000000000080026c        0x1 /tmp/ccLVjr1G.ltrans2.ltrans.o
 .bss.last_matrix.4324
                0x000000000080026d        0x5 /tmp/ccLVjr1G.ltrans2.ltrans.o
 .bss.last_update.4323
                0x0000000000800272        0x4 /tmp/ccLVjr1G.ltrans2.ltrans.o
 .bss.last_update.4335
                0x0000000000800276        0x4 /tmp/ccLVjr1G.ltrans2.ltrans.o
 .bss.last_update.4349
                0x000000000080027a        0x4 /tmp/ccLVjr1G.ltrans2.ltrans.o
 .bss.last_update.4361
                0x000000000080027e        0x4 /tmp/ccLVjr1G.ltrans2.ltrans.o
 .bss.last_update.4371
                0x0000000000800282        0x4 /tmp/ccLVjr1G.ltrans2.ltrans.o
 .bss.connection_errors
                0x0000000000800286        0x1 /tmp/ccLVjr1G.ltrans2.ltrans.o
 .bss.oled_temp_buffer.2254
                0x0000000000800287        0x6 /tmp/ccLVjr1G.ltrans3.ltrans.o
 .bss.oled_cursor
                0x000000000080028d        0x2 /tmp/ccLVjr1G.ltrans3.ltrans.o
                0x000000000080028d                oled_cursor
 .bss.oled_timeout
                0x000000000080028f        0x4 /tmp/ccLVjr1G.ltrans3.ltrans.o
                0x000000000080028f                oled_timeout
 .bss.oled_active
                0x0000000000800293        0x1 /tmp/ccLVjr1G.ltrans3.ltrans.o
                0x0000000000800293                oled_active
 .bss.oled_initialized
                0x0000000000800294        0x1 /tmp/ccLVjr1G.ltrans3.ltrans.o
                0x0000000000800294                oled_initialized
 .bss.sc_timer  0x0000000000800295        0x2 /tmp/ccLVjr1G.ltrans3.ltrans.o
 .bss.sc_last.lto_priv.53
                0x0000000000800297        0x1 /tmp/ccLVjr1G.ltrans3.ltrans.o
                0x0000000000800297                sc_last.lto_priv.53
 .bss.last_system_report
                0x0000000000800298        0x2 /tmp/ccLVjr1G.ltrans3.ltrans.o
 .bss.driver.lto_priv.31
                0x000000000080029a        0x2 /tmp/ccLVjr1G.ltrans3.ltrans.o
                0x000000000080029a                driver.lto_priv.31
 .bss.last_consumer_report
                0x000000000080029c        0x2 /tmp/ccLVjr1G.ltrans3.ltrans.o
 .bss.wdt_timeout.lto_priv.30
                0x000000000080029e        0x1 /tmp/ccLVjr1G.ltrans3.ltrans.o
                0x000000000080029e                wdt_timeout.lto_priv.30
 .bss.timer_count
                0x000000000080029f        0x4 /tmp/ccLVjr1G.ltrans3.ltrans.o
 .bss.r.6731    0x00000000008002a3        0x3 /tmp/ccLVjr1G.ltrans3.ltrans.o
 .bss.USB_IsInitialized
                0x00000000008002a6        0x1 /tmp/ccLVjr1G.ltrans3.ltrans.o
 .bss.__compound_literal.0.lto_priv.60
                0x00000000008002a7        0x8 /tmp/ccLVjr1G.ltrans4.ltrans.o
                0x00000000008002a7                __compound_literal.0.lto_priv.60
 .bss.source_layers_cache
                0x00000000008002af       0x18 /tmp/ccLVjr1G.ltrans4.ltrans.o
 .bss.swap_held
                0x00000000008002c7        0x1 /tmp/ccLVjr1G.ltrans4.ltrans.o
                0x00000000008002c7                swap_held
 .bss.swap_hands
                0x00000000008002c8        0x1 /tmp/ccLVjr1G.ltrans4.ltrans.o
                0x00000000008002c8                swap_hands
 .bss.tapping_key.lto_priv.56
                0x00000000008002c9        0x6 /tmp/ccLVjr1G.ltrans4.ltrans.o
                0x00000000008002c9                tapping_key.lto_priv.56
 .bss.waiting_buffer_head.lto_priv.59
                0x00000000008002cf        0x1 /tmp/ccLVjr1G.ltrans4.ltrans.o
                0x00000000008002cf                waiting_buffer_head.lto_priv.59
 .bss.waiting_buffer.lto_priv.57
                0x00000000008002d0       0x30 /tmp/ccLVjr1G.ltrans4.ltrans.o
                0x00000000008002d0                waiting_buffer.lto_priv.57
 .bss.waiting_buffer_tail.lto_priv.58
                0x0000000000800300        0x1 /tmp/ccLVjr1G.ltrans4.ltrans.o
                0x0000000000800300                waiting_buffer_tail.lto_priv.58
 .bss.oneshot_layer_data.lto_priv.50
                0x0000000000800301        0x1 /tmp/ccLVjr1G.ltrans4.ltrans.o
                0x0000000000800301                oneshot_layer_data.lto_priv.50
 .bss.last_report.2939
                0x0000000000800302        0x8 /tmp/ccLVjr1G.ltrans4.ltrans.o
 .bss.weak_mods.lto_priv.52
                0x000000000080030a        0x1 /tmp/ccLVjr1G.ltrans4.ltrans.o
                0x000000000080030a                weak_mods.lto_priv.52
 .bss.real_mods.lto_priv.49
                0x000000000080030b        0x1 /tmp/ccLVjr1G.ltrans4.ltrans.o
                0x000000000080030b                real_mods.lto_priv.49
 .bss.oneshot_mods.lto_priv.51
                0x000000000080030c        0x1 /tmp/ccLVjr1G.ltrans4.ltrans.o
                0x000000000080030c                oneshot_mods.lto_priv.51
 .bss.default_layer_state
                0x000000000080030d        0x1 /tmp/ccLVjr1G.ltrans4.ltrans.o
                0x000000000080030d                default_layer_state
 .bss.keyboard_idle
                0x000000000080030e        0x1 /tmp/ccLVjr1G.ltrans5.ltrans.o
 .bss.keyboard_led_state.lto_priv.28
                0x000000000080030f        0x1 /tmp/ccLVjr1G.ltrans5.ltrans.o
                0x000000000080030f                keyboard_led_state.lto_priv.28
 .bss.keyboard_report_sent.lto_priv.27
                0x0000000000800310        0x8 /tmp/ccLVjr1G.ltrans5.ltrans.o
                0x0000000000800310                keyboard_report_sent.lto_priv.27
 .bss.USB_Device_CurrentlySelfPowered
                0x0000000000800318        0x1 /tmp/ccLVjr1G.ltrans5.ltrans.o
                0x0000000000800318                USB_Device_CurrentlySelfPowered
 .bss.USB_Device_RemoteWakeupEnabled
                0x0000000000800319        0x1 /tmp/ccLVjr1G.ltrans5.ltrans.o
                0x0000000000800319                USB_Device_RemoteWakeupEnabled
 .bss.USB_DeviceState
                0x000000000080031a        0x1 /tmp/ccLVjr1G.ltrans5.ltrans.o
                0x000000000080031a                USB_DeviceState
 .bss.USB_Device_ConfigurationNumber
                0x000000000080031b        0x1 /tmp/ccLVjr1G.ltrans5.ltrans.o
                0x000000000080031b                USB_Device_ConfigurationNumber
 .bss.USB_ControlRequest
                0x000000000080031c        0x8 /tmp/ccLVjr1G.ltrans5.ltrans.o
                0x000000000080031c                USB_ControlRequest
 .bss.shared_memory.lto_priv.42
                0x0000000000800324        0xe /tmp/ccLVjr1G.ltrans5.ltrans.o
                0x0000000000800324                shared_memory.lto_priv.42
 .bss.layer_state
                0x0000000000800332        0x1 /tmp/ccLVjr1G.ltrans5.ltrans.o
                0x0000000000800332                layer_state
 .bss.oled_dirty
                0x0000000000800333        0x2 /tmp/ccLVjr1G.ltrans5.ltrans.o
                0x0000000000800333                oled_dirty
 .bss.oled_buffer
                0x0000000000800335      0x200 /tmp/ccLVjr1G.ltrans5.ltrans.o
                0x0000000000800335                oled_buffer
 .bss.oled_rotation_width
                0x0000000000800535        0x1 /tmp/ccLVjr1G.ltrans5.ltrans.o
                0x0000000000800535                oled_rotation_width
 *(COMMON)
                0x0000000000800536                PROVIDE (__bss_end, .)
                0x0000000000005f9a                __data_load_start = LOADADDR (.data)
                0x000000000000605a                __data_load_end = (__data_load_start + SIZEOF (.data))

.noinit         0x0000000000800536        0x0
                [!provide]                        PROVIDE (__noinit_start, .)
 *(.noinit*)
                [!provide]                        PROVIDE (__noinit_end, .)
                0x0000000000800536                _end = .
                [!provide]                        PROVIDE (__heap_start, .)

.eeprom         0x0000000000810000        0x0
 *(.eeprom*)
                0x0000000000810000                __eeprom_end = .

.fuse
 *(.fuse)
 *(.lfuse)
 *(.hfuse)
 *(.efuse)

.lock
 *(.lock*)

.signature
 *(.signature*)

.user_signatures
 *(.user_signatures*)

.stab
 *(.stab)

.stabstr
 *(.stabstr)

.stab.excl
 *(.stab.excl)

.stab.exclstr
 *(.stab.exclstr)

.stab.index
 *(.stab.index)

.stab.indexstr
 *(.stab.indexstr)

.comment        0x0000000000000000       0x11
 *(.comment)
 .comment       0x0000000000000000       0x12 /tmp/ccLVjr1G.ltrans0.ltrans.o
 .comment       0x0000000000000000       0x12 /tmp/ccLVjr1G.ltrans1.ltrans.o
 .comment       0x0000000000000000       0x12 /tmp/ccLVjr1G.ltrans2.ltrans.o
 .comment       0x0000000000000000       0x12 /tmp/ccLVjr1G.ltrans3.ltrans.o
 .comment       0x0000000000000000       0x12 /tmp/ccLVjr1G.ltrans4.ltrans.o
 .comment       0x0000000000000000       0x12 /tmp/ccLVjr1G.ltrans5.ltrans.o
 .comment       0x0000000000000000       0x12 /tmp/ccLVjr1G.ltrans6.ltrans.o
 .comment       0x0000000000000000       0x11 .build/obj_sofle_rev1_via/i2c_master.a(i2c_master.o)
                                         0x12 (size before relaxing)
 .comment       0x0000000000000011       0x12 .build/obj_sofle_rev1_via/serial.a(serial.o)

.note.gnu.avr.deviceinfo
                0x0000000000000000       0x40
 .note.gnu.avr.deviceinfo
                0x0000000000000000       0x40 /usr/lib/gcc/avr/5.4.0/../../../avr/lib/avr5/crtatmega32u4.o

.note.gnu.build-id
 *(.note.gnu.build-id)

.debug
 *(.debug)

.line
 *(.line)

.debug_srcinfo
 *(.debug_srcinfo)

.debug_sfnames
 *(.debug_sfnames)

.debug_aranges  0x0000000000000000      0x478
 *(.debug_aranges)
 .debug_aranges
                0x0000000000000000       0x48 /tmp/ccLVjr1G.ltrans0.ltrans.o
 .debug_aranges
                0x0000000000000048       0x20 /tmp/ccLVjr1G.ltrans1.ltrans.o
 .debug_aranges
                0x0000000000000068       0x90 /tmp/ccLVjr1G.ltrans2.ltrans.o
 .debug_aranges
                0x00000000000000f8      0x138 /tmp/ccLVjr1G.ltrans3.ltrans.o
 .debug_aranges
                0x0000000000000230       0xd8 /tmp/ccLVjr1G.ltrans4.ltrans.o
 .debug_aranges
                0x0000000000000308       0x48 /tmp/ccLVjr1G.ltrans5.ltrans.o
 .debug_aranges
                0x0000000000000350       0x48 /tmp/ccLVjr1G.ltrans6.ltrans.o
 .debug_aranges
                0x0000000000000398       0x78 .build/obj_sofle_rev1_via/i2c_master.a(i2c_master.o)
 .debug_aranges
                0x0000000000000410       0x68 .build/obj_sofle_rev1_via/serial.a(serial.o)

.debug_pubnames
 *(.debug_pubnames)

.debug_info     0x0000000000000000     0xe571
 *(.debug_info .gnu.linkonce.wi.*)
 .debug_info    0x0000000000000000      0x9f4 /usr/lib/gcc/avr/5.4.0/../../../avr/lib/avr5/crtatmega32u4.o
 .debug_info    0x00000000000009f4     0x2129 /tmp/ccLVjr1G.ltrans0.ltrans.o
 .debug_info    0x0000000000002b1d     0x2d28 /tmp/ccLVjr1G.ltrans1.ltrans.o
 .debug_info    0x0000000000005845     0x1dd2 /tmp/ccLVjr1G.ltrans2.ltrans.o
 .debug_info    0x0000000000007617     0x21ca /tmp/ccLVjr1G.ltrans3.ltrans.o
 .debug_info    0x00000000000097e1     0x1542 /tmp/ccLVjr1G.ltrans4.ltrans.o
 .debug_info    0x000000000000ad23     0x1da6 /tmp/ccLVjr1G.ltrans5.ltrans.o
 .debug_info    0x000000000000cac9      0x39b /tmp/ccLVjr1G.ltrans6.ltrans.o
 .debug_info    0x000000000000ce64      0x949 .build/obj_sofle_rev1_via/i2c_master.a(i2c_master.o)
 .debug_info    0x000000000000d7ad      0xdc4 .build/obj_sofle_rev1_via/serial.a(serial.o)

.debug_abbrev   0x0000000000000000     0x2cba
 *(.debug_abbrev)
 .debug_abbrev  0x0000000000000000      0x96a /usr/lib/gcc/avr/5.4.0/../../../avr/lib/avr5/crtatmega32u4.o
 .debug_abbrev  0x000000000000096a      0x46b /tmp/ccLVjr1G.ltrans0.ltrans.o
 .debug_abbrev  0x0000000000000dd5      0x401 /tmp/ccLVjr1G.ltrans1.ltrans.o
 .debug_abbrev  0x00000000000011d6      0x504 /tmp/ccLVjr1G.ltrans2.ltrans.o
 .debug_abbrev  0x00000000000016da      0x5cc /tmp/ccLVjr1G.ltrans3.ltrans.o
 .debug_abbrev  0x0000000000001ca6      0x552 /tmp/ccLVjr1G.ltrans4.ltrans.o
 .debug_abbrev  0x00000000000021f8      0x3f3 /tmp/ccLVjr1G.ltrans5.ltrans.o
 .debug_abbrev  0x00000000000025eb      0x19b /tmp/ccLVjr1G.ltrans6.ltrans.o
 .debug_abbrev  0x0000000000002786      0x1f8 .build/obj_sofle_rev1_via/i2c_master.a(i2c_master.o)
 .debug_abbrev  0x000000000000297e      0x33c .build/obj_sofle_rev1_via/serial.a(serial.o)

.debug_line     0x0000000000000000     0x5777
 *(.debug_line .debug_line.* .debug_line_end)
 .debug_line    0x0000000000000000       0x1a /usr/lib/gcc/avr/5.4.0/../../../avr/lib/avr5/crtatmega32u4.o
 .debug_line    0x000000000000001a      0xd39 /tmp/ccLVjr1G.ltrans0.ltrans.o
 .debug_line    0x0000000000000d53      0xeb3 /tmp/ccLVjr1G.ltrans1.ltrans.o
 .debug_line    0x0000000000001c06      0xb19 /tmp/ccLVjr1G.ltrans2.ltrans.o
 .debug_line    0x000000000000271f     0x11c6 /tmp/ccLVjr1G.ltrans3.ltrans.o
 .debug_line    0x00000000000038e5      0x809 /tmp/ccLVjr1G.ltrans4.ltrans.o
 .debug_line    0x00000000000040ee      0xa92 /tmp/ccLVjr1G.ltrans5.ltrans.o
 .debug_line    0x0000000000004b80      0x1de /tmp/ccLVjr1G.ltrans6.ltrans.o
 .debug_line    0x0000000000004d5e      0x4e1 .build/obj_sofle_rev1_via/i2c_master.a(i2c_master.o)
 .debug_line    0x000000000000523f      0x538 .build/obj_sofle_rev1_via/serial.a(serial.o)

.debug_frame    0x0000000000000000      0xee0
 *(.debug_frame)
 .debug_frame   0x0000000000000000       0xfc /tmp/ccLVjr1G.ltrans0.ltrans.o
 .debug_frame   0x00000000000000fc       0x34 /tmp/ccLVjr1G.ltrans1.ltrans.o
 .debug_frame   0x0000000000000130      0x27c /tmp/ccLVjr1G.ltrans2.ltrans.o
 .debug_frame   0x00000000000003ac      0x3ec /tmp/ccLVjr1G.ltrans3.ltrans.o
 .debug_frame   0x0000000000000798      0x230 /tmp/ccLVjr1G.ltrans4.ltrans.o
 .debug_frame   0x00000000000009c8       0xec /tmp/ccLVjr1G.ltrans5.ltrans.o
 .debug_frame   0x0000000000000ab4       0x84 /tmp/ccLVjr1G.ltrans6.ltrans.o
 .debug_frame   0x0000000000000b38      0x240 .build/obj_sofle_rev1_via/i2c_master.a(i2c_master.o)
 .debug_frame   0x0000000000000d78      0x168 .build/obj_sofle_rev1_via/serial.a(serial.o)

.debug_str      0x0000000000000000     0x4164
 *(.debug_str)
 .debug_str     0x0000000000000000      0x371 /usr/lib/gcc/avr/5.4.0/../../../avr/lib/avr5/crtatmega32u4.o
 .debug_str     0x0000000000000371      0x8c0 /tmp/ccLVjr1G.ltrans0.ltrans.o
                                        0xa7c (size before relaxing)
 .debug_str     0x0000000000000c31      0xf8c /tmp/ccLVjr1G.ltrans1.ltrans.o
                                       0x1337 (size before relaxing)
 .debug_str     0x0000000000001bbd      0x6b2 /tmp/ccLVjr1G.ltrans2.ltrans.o
                                        0xb95 (size before relaxing)
 .debug_str     0x000000000000226f      0x7f5 /tmp/ccLVjr1G.ltrans3.ltrans.o
                                        0xe91 (size before relaxing)
 .debug_str     0x0000000000002a64      0x524 /tmp/ccLVjr1G.ltrans4.ltrans.o
                                        0x9ad (size before relaxing)
 .debug_str     0x0000000000002f88      0xa94 /tmp/ccLVjr1G.ltrans5.ltrans.o
                                       0x1261 (size before relaxing)
 .debug_str     0x0000000000003a1c       0xb8 /tmp/ccLVjr1G.ltrans6.ltrans.o
                                        0x2a4 (size before relaxing)
 .debug_str     0x0000000000003ad4      0x26c .build/obj_sofle_rev1_via/i2c_master.a(i2c_master.o)
                                        0x2cb (size before relaxing)
 .debug_str     0x0000000000003d40      0x424 .build/obj_sofle_rev1_via/serial.a(serial.o)
                                        0x664 (size before relaxing)

.debug_loc      0x0000000000000000     0x871d
 *(.debug_loc)
 .debug_loc     0x0000000000000000     0x1387 /tmp/ccLVjr1G.ltrans0.ltrans.o
 .debug_loc     0x0000000000001387     0x10c2 /tmp/ccLVjr1G.ltrans1.ltrans.o
 .debug_loc     0x0000000000002449     0x16a1 /tmp/ccLVjr1G.ltrans2.ltrans.o
 .debug_loc     0x0000000000003aea     0x15a3 /tmp/ccLVjr1G.ltrans3.ltrans.o
 .debug_loc     0x000000000000508d      0xae8 /tmp/ccLVjr1G.ltrans4.ltrans.o
 .debug_loc     0x0000000000005b75      0xf92 /tmp/ccLVjr1G.ltrans5.ltrans.o
 .debug_loc     0x0000000000006b07      0x280 /tmp/ccLVjr1G.ltrans6.ltrans.o
 .debug_loc     0x0000000000006d87     0x100d .build/obj_sofle_rev1_via/i2c_master.a(i2c_master.o)
 .debug_loc     0x0000000000007d94      0x989 .build/obj_sofle_rev1_via/serial.a(serial.o)

.debug_macinfo
 *(.debug_macinfo)

.debug_weaknames
 *(.debug_weaknames)

.debug_funcnames
 *(.debug_funcnames)

.debug_typenames
 *(.debug_typenames)

.debug_varnames
 *(.debug_varnames)

.debug_pubtypes
 *(.debug_pubtypes)

.debug_ranges   0x0000000000000000      0xfc0
 *(.debug_ranges)
 .debug_ranges  0x0000000000000000      0x2c8 /tmp/ccLVjr1G.ltrans0.ltrans.o
 .debug_ranges  0x00000000000002c8      0x578 /tmp/ccLVjr1G.ltrans1.ltrans.o
 .debug_ranges  0x0000000000000840      0x1e0 /tmp/ccLVjr1G.ltrans2.ltrans.o
 .debug_ranges  0x0000000000000a20      0x1c0 /tmp/ccLVjr1G.ltrans3.ltrans.o
 .debug_ranges  0x0000000000000be0      0x150 /tmp/ccLVjr1G.ltrans4.ltrans.o
 .debug_ranges  0x0000000000000d30      0x168 /tmp/ccLVjr1G.ltrans5.ltrans.o
 .debug_ranges  0x0000000000000e98       0x38 /tmp/ccLVjr1G.ltrans6.ltrans.o
 .debug_ranges  0x0000000000000ed0       0x98 .build/obj_sofle_rev1_via/i2c_master.a(i2c_master.o)
 .debug_ranges  0x0000000000000f68       0x58 .build/obj_sofle_rev1_via/serial.a(serial.o)

.debug_macro
 *(.debug_macro)
OUTPUT(.build/sofle_rev1_via.elf elf32-avr)
LOAD linker stubs

Cross Reference Table

Symbol                                            File
CALLBACK_HIDParser_FilterHIDReportItem            .build/obj_sofle_rev1_via/lib/lufa/LUFA/Drivers/USB/Class/Common/HIDParser.o (symbol from plugin)
CALLBACK_USB_GetDescriptor                        .build/obj_sofle_rev1_via/lufa.o (symbol from plugin)
                                                  .build/obj_sofle_rev1_via/lib/lufa/LUFA/Drivers/USB/Core/DeviceStandardReq.o (symbol from plugin)
CSWTCH.22.lto_priv.48                             /tmp/ccLVjr1G.ltrans2.ltrans.o
                                                  /tmp/ccLVjr1G.ltrans0.ltrans.o
CSWTCH.24.lto_priv.47                             /tmp/ccLVjr1G.ltrans2.ltrans.o
                                                  /tmp/ccLVjr1G.ltrans0.ltrans.o
ConfigurationDescriptor                           .build/obj_sofle_rev1_via/usb_descriptor.o (symbol from plugin)
DeviceDescriptor                                  .build/obj_sofle_rev1_via/usb_descriptor.o (symbol from plugin)
EVENT_USB_Device_ConfigurationChanged             .build/obj_sofle_rev1_via/lufa.o (symbol from plugin)
                                                  .build/obj_sofle_rev1_via/lib/lufa/LUFA/Drivers/USB/Core/DeviceStandardReq.o (symbol from plugin)
EVENT_USB_Device_Connect                          .build/obj_sofle_rev1_via/lufa.o (symbol from plugin)
                                                  .build/obj_sofle_rev1_via/lib/lufa/LUFA/Drivers/USB/Core/AVR8/USBInterrupt_AVR8.o (symbol from plugin)
EVENT_USB_Device_ControlRequest                   .build/obj_sofle_rev1_via/lufa.o (symbol from plugin)
                                                  .build/obj_sofle_rev1_via/lib/lufa/LUFA/Drivers/USB/Core/DeviceStandardReq.o (symbol from plugin)
EVENT_USB_Device_Disconnect                       .build/obj_sofle_rev1_via/lufa.o (symbol from plugin)
                                                  .build/obj_sofle_rev1_via/lib/lufa/LUFA/Drivers/USB/Core/AVR8/USBInterrupt_AVR8.o (symbol from plugin)
EVENT_USB_Device_Reset                            .build/obj_sofle_rev1_via/lufa.o (symbol from plugin)
                                                  .build/obj_sofle_rev1_via/lib/lufa/LUFA/Drivers/USB/Core/AVR8/USBInterrupt_AVR8.o (symbol from plugin)
EVENT_USB_Device_StartOfFrame                     .build/obj_sofle_rev1_via/lib/lufa/LUFA/Drivers/USB/Core/Events.o (symbol from plugin)
                                                  .build/obj_sofle_rev1_via/lib/lufa/LUFA/Drivers/USB/Core/AVR8/USBInterrupt_AVR8.o (symbol from plugin)
EVENT_USB_Device_Suspend                          .build/obj_sofle_rev1_via/lufa.o (symbol from plugin)
                                                  .build/obj_sofle_rev1_via/lib/lufa/LUFA/Drivers/USB/Core/AVR8/USBInterrupt_AVR8.o (symbol from plugin)
EVENT_USB_Device_WakeUp                           .build/obj_sofle_rev1_via/lufa.o (symbol from plugin)
                                                  .build/obj_sofle_rev1_via/lib/lufa/LUFA/Drivers/USB/Core/AVR8/USBInterrupt_AVR8.o (symbol from plugin)
Endpoint_ClearEndpoints                           .build/obj_sofle_rev1_via/lib/lufa/LUFA/Drivers/USB/Core/AVR8/Endpoint_AVR8.o (symbol from plugin)
Endpoint_ClearStatusStage                         /tmp/ccLVjr1G.ltrans3.ltrans.o
                                                  .build/obj_sofle_rev1_via/lib/lufa/LUFA/Drivers/USB/Core/AVR8/Endpoint_AVR8.o (symbol from plugin)
                                                  /tmp/ccLVjr1G.ltrans5.ltrans.o
                                                  .build/obj_sofle_rev1_via/lib/lufa/LUFA/Drivers/USB/Core/DeviceStandardReq.o (symbol from plugin)
                                                  .build/obj_sofle_rev1_via/lufa.o (symbol from plugin)
Endpoint_ConfigureEndpointTable                   .build/obj_sofle_rev1_via/lib/lufa/LUFA/Drivers/USB/Core/AVR8/Endpoint_AVR8.o (symbol from plugin)
Endpoint_ConfigureEndpoint_Prv                    /tmp/ccLVjr1G.ltrans3.ltrans.o
                                                  .build/obj_sofle_rev1_via/lib/lufa/LUFA/Drivers/USB/Core/AVR8/Endpoint_AVR8.o (symbol from plugin)
                                                  /tmp/ccLVjr1G.ltrans5.ltrans.o
                                                  .build/obj_sofle_rev1_via/lib/lufa/LUFA/Drivers/USB/Core/AVR8/USBInterrupt_AVR8.o (symbol from plugin)
                                                  .build/obj_sofle_rev1_via/lib/lufa/LUFA/Drivers/USB/Core/AVR8/USBController_AVR8.o (symbol from plugin)
                                                  .build/obj_sofle_rev1_via/lufa.o (symbol from plugin)
Endpoint_Discard_Stream                           .build/obj_sofle_rev1_via/lib/lufa/LUFA/Drivers/USB/Core/AVR8/EndpointStream_AVR8.o (symbol from plugin)
Endpoint_Null_Stream                              .build/obj_sofle_rev1_via/lib/lufa/LUFA/Drivers/USB/Core/AVR8/EndpointStream_AVR8.o (symbol from plugin)
Endpoint_Read_Control_EStream_BE                  .build/obj_sofle_rev1_via/lib/lufa/LUFA/Drivers/USB/Core/AVR8/EndpointStream_AVR8.o (symbol from plugin)
Endpoint_Read_Control_EStream_LE                  .build/obj_sofle_rev1_via/lib/lufa/LUFA/Drivers/USB/Core/AVR8/EndpointStream_AVR8.o (symbol from plugin)
Endpoint_Read_Control_Stream_BE                   .build/obj_sofle_rev1_via/lib/lufa/LUFA/Drivers/USB/Core/AVR8/EndpointStream_AVR8.o (symbol from plugin)
Endpoint_Read_Control_Stream_LE                   .build/obj_sofle_rev1_via/lib/lufa/LUFA/Drivers/USB/Core/AVR8/EndpointStream_AVR8.o (symbol from plugin)
Endpoint_Read_EStream_BE                          .build/obj_sofle_rev1_via/lib/lufa/LUFA/Drivers/USB/Core/AVR8/EndpointStream_AVR8.o (symbol from plugin)
Endpoint_Read_EStream_LE                          .build/obj_sofle_rev1_via/lib/lufa/LUFA/Drivers/USB/Core/AVR8/EndpointStream_AVR8.o (symbol from plugin)
Endpoint_Read_Stream_BE                           .build/obj_sofle_rev1_via/lib/lufa/LUFA/Drivers/USB/Core/AVR8/EndpointStream_AVR8.o (symbol from plugin)
Endpoint_Read_Stream_LE                           .build/obj_sofle_rev1_via/lib/lufa/LUFA/Drivers/USB/Core/AVR8/EndpointStream_AVR8.o (symbol from plugin)
                                                  .build/obj_sofle_rev1_via/lufa.o (symbol from plugin)
Endpoint_WaitUntilReady                           /tmp/ccLVjr1G.ltrans3.ltrans.o
                                                  .build/obj_sofle_rev1_via/lib/lufa/LUFA/Drivers/USB/Core/AVR8/Endpoint_AVR8.o (symbol from plugin)
                                                  /tmp/ccLVjr1G.ltrans5.ltrans.o
                                                  /tmp/ccLVjr1G.ltrans1.ltrans.o
                                                  .build/obj_sofle_rev1_via/lib/lufa/LUFA/Drivers/USB/Core/AVR8/EndpointStream_AVR8.o (symbol from plugin)
Endpoint_Write_Control_EStream_BE                 .build/obj_sofle_rev1_via/lib/lufa/LUFA/Drivers/USB/Core/AVR8/EndpointStream_AVR8.o (symbol from plugin)
Endpoint_Write_Control_EStream_LE                 .build/obj_sofle_rev1_via/lib/lufa/LUFA/Drivers/USB/Core/AVR8/EndpointStream_AVR8.o (symbol from plugin)
Endpoint_Write_Control_PStream_BE                 .build/obj_sofle_rev1_via/lib/lufa/LUFA/Drivers/USB/Core/AVR8/EndpointStream_AVR8.o (symbol from plugin)
Endpoint_Write_Control_PStream_LE                 .build/obj_sofle_rev1_via/lib/lufa/LUFA/Drivers/USB/Core/AVR8/EndpointStream_AVR8.o (symbol from plugin)
                                                  .build/obj_sofle_rev1_via/lib/lufa/LUFA/Drivers/USB/Core/DeviceStandardReq.o (symbol from plugin)
Endpoint_Write_Control_Stream_BE                  .build/obj_sofle_rev1_via/lib/lufa/LUFA/Drivers/USB/Core/AVR8/EndpointStream_AVR8.o (symbol from plugin)
Endpoint_Write_Control_Stream_LE                  /tmp/ccLVjr1G.ltrans3.ltrans.o
                                                  .build/obj_sofle_rev1_via/lib/lufa/LUFA/Drivers/USB/Core/AVR8/EndpointStream_AVR8.o (symbol from plugin)
                                                  /tmp/ccLVjr1G.ltrans5.ltrans.o
                                                  .build/obj_sofle_rev1_via/lib/lufa/LUFA/Drivers/USB/Core/DeviceStandardReq.o (symbol from plugin)
                                                  .build/obj_sofle_rev1_via/lufa.o (symbol from plugin)
Endpoint_Write_EStream_BE                         .build/obj_sofle_rev1_via/lib/lufa/LUFA/Drivers/USB/Core/AVR8/EndpointStream_AVR8.o (symbol from plugin)
Endpoint_Write_EStream_LE                         .build/obj_sofle_rev1_via/lib/lufa/LUFA/Drivers/USB/Core/AVR8/EndpointStream_AVR8.o (symbol from plugin)
Endpoint_Write_PStream_BE                         .build/obj_sofle_rev1_via/lib/lufa/LUFA/Drivers/USB/Core/AVR8/EndpointStream_AVR8.o (symbol from plugin)
Endpoint_Write_PStream_LE                         .build/obj_sofle_rev1_via/lib/lufa/LUFA/Drivers/USB/Core/AVR8/EndpointStream_AVR8.o (symbol from plugin)
Endpoint_Write_Stream_BE                          .build/obj_sofle_rev1_via/lib/lufa/LUFA/Drivers/USB/Core/AVR8/EndpointStream_AVR8.o (symbol from plugin)
Endpoint_Write_Stream_LE                          .build/obj_sofle_rev1_via/lib/lufa/LUFA/Drivers/USB/Core/AVR8/EndpointStream_AVR8.o (symbol from plugin)
                                                  .build/obj_sofle_rev1_via/lufa.o (symbol from plugin)
Endpoint_Write_Stream_LE.constprop.6              /tmp/ccLVjr1G.ltrans5.ltrans.o
                                                  /tmp/ccLVjr1G.ltrans3.ltrans.o
                                                  /tmp/ccLVjr1G.ltrans1.ltrans.o
KeyboardReport                                    .build/obj_sofle_rev1_via/usb_descriptor.o (symbol from plugin)
LanguageString                                    .build/obj_sofle_rev1_via/usb_descriptor.o (symbol from plugin)
ManufacturerString                                .build/obj_sofle_rev1_via/usb_descriptor.o (symbol from plugin)
ProductString                                     .build/obj_sofle_rev1_via/usb_descriptor.o (symbol from plugin)
RawReport                                         .build/obj_sofle_rev1_via/usb_descriptor.o (symbol from plugin)
SharedReport                                      .build/obj_sofle_rev1_via/usb_descriptor.o (symbol from plugin)
USB_ControlRequest                                /tmp/ccLVjr1G.ltrans5.ltrans.o
                                                  .build/obj_sofle_rev1_via/lib/lufa/LUFA/Drivers/USB/Core/USBTask.o (symbol from plugin)
                                                  /tmp/ccLVjr1G.ltrans3.ltrans.o
                                                  .build/obj_sofle_rev1_via/lib/lufa/LUFA/Drivers/USB/Core/DeviceStandardReq.o (symbol from plugin)
                                                  .build/obj_sofle_rev1_via/lib/lufa/LUFA/Drivers/USB/Core/AVR8/Endpoint_AVR8.o (symbol from plugin)
                                                  .build/obj_sofle_rev1_via/lib/lufa/LUFA/Drivers/USB/Core/AVR8/EndpointStream_AVR8.o (symbol from plugin)
                                                  .build/obj_sofle_rev1_via/lufa.o (symbol from plugin)
USB_DeviceState                                   /tmp/ccLVjr1G.ltrans5.ltrans.o
                                                  .build/obj_sofle_rev1_via/lib/lufa/LUFA/Drivers/USB/Core/USBTask.o (symbol from plugin)
                                                  /tmp/ccLVjr1G.ltrans3.ltrans.o
                                                  /tmp/ccLVjr1G.ltrans2.ltrans.o
                                                  /tmp/ccLVjr1G.ltrans1.ltrans.o
                                                  .build/obj_sofle_rev1_via/protocol/lufa/usb_util.o (symbol from plugin)
                                                  .build/obj_sofle_rev1_via/lib/lufa/LUFA/Drivers/USB/Core/DeviceStandardReq.o (symbol from plugin)
                                                  .build/obj_sofle_rev1_via/lib/lufa/LUFA/Drivers/USB/Core/AVR8/USBInterrupt_AVR8.o (symbol from plugin)
                                                  .build/obj_sofle_rev1_via/lib/lufa/LUFA/Drivers/USB/Core/AVR8/USBController_AVR8.o (symbol from plugin)
                                                  .build/obj_sofle_rev1_via/lib/lufa/LUFA/Drivers/USB/Core/AVR8/Endpoint_AVR8.o (symbol from plugin)
                                                  .build/obj_sofle_rev1_via/lib/lufa/LUFA/Drivers/USB/Core/AVR8/EndpointStream_AVR8.o (symbol from plugin)
                                                  .build/obj_sofle_rev1_via/lufa.o (symbol from plugin)
                                                  .build/obj_sofle_rev1_via/platforms/avr/suspend.o (symbol from plugin)
USB_Device_ConfigurationNumber                    /tmp/ccLVjr1G.ltrans5.ltrans.o
                                                  .build/obj_sofle_rev1_via/lib/lufa/LUFA/Drivers/USB/Core/DeviceStandardReq.o (symbol from plugin)
                                                  /tmp/ccLVjr1G.ltrans3.ltrans.o
                                                  .build/obj_sofle_rev1_via/lib/lufa/LUFA/Drivers/USB/Core/AVR8/USBInterrupt_AVR8.o (symbol from plugin)
                                                  .build/obj_sofle_rev1_via/lib/lufa/LUFA/Drivers/USB/Core/AVR8/USBController_AVR8.o (symbol from plugin)
                                                  .build/obj_sofle_rev1_via/lufa.o (symbol from plugin)
USB_Device_CurrentlySelfPowered                   /tmp/ccLVjr1G.ltrans5.ltrans.o
                                                  .build/obj_sofle_rev1_via/lib/lufa/LUFA/Drivers/USB/Core/DeviceStandardReq.o (symbol from plugin)
                                                  /tmp/ccLVjr1G.ltrans3.ltrans.o
                                                  .build/obj_sofle_rev1_via/lib/lufa/LUFA/Drivers/USB/Core/AVR8/USBController_AVR8.o (symbol from plugin)
USB_Device_ProcessControlRequest                  /tmp/ccLVjr1G.ltrans5.ltrans.o
                                                  .build/obj_sofle_rev1_via/lib/lufa/LUFA/Drivers/USB/Core/DeviceStandardReq.o (symbol from plugin)
                                                  /tmp/ccLVjr1G.ltrans3.ltrans.o
                                                  /tmp/ccLVjr1G.ltrans1.ltrans.o
                                                  .build/obj_sofle_rev1_via/lib/lufa/LUFA/Drivers/USB/Core/USBTask.o (symbol from plugin)
                                                  .build/obj_sofle_rev1_via/lib/lufa/LUFA/Drivers/USB/Core/AVR8/USBInterrupt_AVR8.o (symbol from plugin)
USB_Device_RemoteWakeupEnabled                    /tmp/ccLVjr1G.ltrans5.ltrans.o
                                                  .build/obj_sofle_rev1_via/lib/lufa/LUFA/Drivers/USB/Core/DeviceStandardReq.o (symbol from plugin)
                                                  /tmp/ccLVjr1G.ltrans3.ltrans.o
                                                  /tmp/ccLVjr1G.ltrans1.ltrans.o
                                                  .build/obj_sofle_rev1_via/lib/lufa/LUFA/Drivers/USB/Core/AVR8/USBController_AVR8.o (symbol from plugin)
                                                  .build/obj_sofle_rev1_via/lufa.o (symbol from plugin)
USB_Device_SendRemoteWakeup                       .build/obj_sofle_rev1_via/lib/lufa/LUFA/Drivers/USB/Core/AVR8/Device_AVR8.o (symbol from plugin)
                                                  .build/obj_sofle_rev1_via/lufa.o (symbol from plugin)
USB_Disable                                       /tmp/ccLVjr1G.ltrans3.ltrans.o
                                                  .build/obj_sofle_rev1_via/lib/lufa/LUFA/Drivers/USB/Core/AVR8/USBController_AVR8.o (symbol from plugin)
                                                  /tmp/ccLVjr1G.ltrans2.ltrans.o
                                                  /tmp/ccLVjr1G.ltrans1.ltrans.o
                                                  .build/obj_sofle_rev1_via/protocol/lufa/usb_util.o (symbol from plugin)
                                                  .build/obj_sofle_rev1_via/lufa.o (symbol from plugin)
USB_Event_Stub                                    .build/obj_sofle_rev1_via/lib/lufa/LUFA/Drivers/USB/Core/Events.o (symbol from plugin)
USB_Event_Stub_2                                  .build/obj_sofle_rev1_via/lib/lufa/LUFA/Drivers/USB/Core/Events.o (symbol from plugin)
USB_Event_Stub_3                                  .build/obj_sofle_rev1_via/lib/lufa/LUFA/Drivers/USB/Core/Events.o (symbol from plugin)
USB_GetHIDReportItemInfo                          .build/obj_sofle_rev1_via/lib/lufa/LUFA/Drivers/USB/Class/Common/HIDParser.o (symbol from plugin)
USB_GetHIDReportSize                              .build/obj_sofle_rev1_via/lib/lufa/LUFA/Drivers/USB/Class/Common/HIDParser.o (symbol from plugin)
USB_GetNextDescriptorComp                         .build/obj_sofle_rev1_via/lib/lufa/LUFA/Drivers/USB/Core/ConfigDescriptors.o (symbol from plugin)
USB_GetNextDescriptorOfType                       .build/obj_sofle_rev1_via/lib/lufa/LUFA/Drivers/USB/Core/ConfigDescriptors.o (symbol from plugin)
USB_GetNextDescriptorOfTypeAfter                  .build/obj_sofle_rev1_via/lib/lufa/LUFA/Drivers/USB/Core/ConfigDescriptors.o (symbol from plugin)
USB_GetNextDescriptorOfTypeBefore                 .build/obj_sofle_rev1_via/lib/lufa/LUFA/Drivers/USB/Core/ConfigDescriptors.o (symbol from plugin)
USB_INT_ClearAllInterrupts                        .build/obj_sofle_rev1_via/lib/lufa/LUFA/Drivers/USB/Core/AVR8/USBInterrupt_AVR8.o (symbol from plugin)
                                                  .build/obj_sofle_rev1_via/lib/lufa/LUFA/Drivers/USB/Core/AVR8/USBController_AVR8.o (symbol from plugin)
USB_INT_DisableAllInterrupts                      .build/obj_sofle_rev1_via/lib/lufa/LUFA/Drivers/USB/Core/AVR8/USBInterrupt_AVR8.o (symbol from plugin)
                                                  .build/obj_sofle_rev1_via/lib/lufa/LUFA/Drivers/USB/Core/AVR8/USBController_AVR8.o (symbol from plugin)
USB_Init                                          /tmp/ccLVjr1G.ltrans3.ltrans.o
                                                  .build/obj_sofle_rev1_via/lib/lufa/LUFA/Drivers/USB/Core/AVR8/USBController_AVR8.o (symbol from plugin)
                                                  /tmp/ccLVjr1G.ltrans1.ltrans.o
                                                  .build/obj_sofle_rev1_via/lufa.o (symbol from plugin)
USB_IsInitialized                                 .build/obj_sofle_rev1_via/lib/lufa/LUFA/Drivers/USB/Core/USBTask.o (symbol from plugin)
                                                  .build/obj_sofle_rev1_via/lib/lufa/LUFA/Drivers/USB/Core/AVR8/USBController_AVR8.o (symbol from plugin)
                                                  .build/obj_sofle_rev1_via/lufa.o (symbol from plugin)
USB_ProcessHIDReport                              .build/obj_sofle_rev1_via/lib/lufa/LUFA/Drivers/USB/Class/Common/HIDParser.o (symbol from plugin)
USB_ResetInterface                                .build/obj_sofle_rev1_via/lib/lufa/LUFA/Drivers/USB/Core/AVR8/USBController_AVR8.o (symbol from plugin)
USB_SetHIDReportItemInfo                          .build/obj_sofle_rev1_via/lib/lufa/LUFA/Drivers/USB/Class/Common/HIDParser.o (symbol from plugin)
USB_USBTask                                       .build/obj_sofle_rev1_via/lib/lufa/LUFA/Drivers/USB/Core/USBTask.o (symbol from plugin)
                                                  .build/obj_sofle_rev1_via/lufa.o (symbol from plugin)
__FUSE_REGION_LENGTH__                            /usr/lib/gcc/avr/5.4.0/../../../avr/lib/avr5/crtatmega32u4.o
__addsf3                                          /usr/lib/gcc/avr/5.4.0/../../../avr/lib/avr5/libm.a(addsf3.o)
                                                  /tmp/ccLVjr1G.ltrans1.ltrans.o
__addsf3x                                         /usr/lib/gcc/avr/5.4.0/../../../avr/lib/avr5/libm.a(addsf3x.o)
                                                  /usr/lib/gcc/avr/5.4.0/../../../avr/lib/avr5/libm.a(addsf3.o)
__bad_interrupt                                   /usr/lib/gcc/avr/5.4.0/../../../avr/lib/avr5/crtatmega32u4.o
__bss_end                                         /usr/lib/gcc/avr/5.4.0/avr5/libgcc.a(_clear_bss.o)
__bss_start                                       /usr/lib/gcc/avr/5.4.0/avr5/libgcc.a(_clear_bss.o)
__bswapsi2                                        /usr/lib/gcc/avr/5.4.0/avr5/libgcc.a(_bswapsi2.o)
                                                  /tmp/ccLVjr1G.ltrans1.ltrans.o
__compound_literal.0.lto_priv.60                  /tmp/ccLVjr1G.ltrans4.ltrans.o
                                                  /tmp/ccLVjr1G.ltrans0.ltrans.o
__data_end                                        /usr/lib/gcc/avr/5.4.0/avr5/libgcc.a(_copy_data.o)
__data_load_start                                 /usr/lib/gcc/avr/5.4.0/avr5/libgcc.a(_copy_data.o)
__data_start                                      /usr/lib/gcc/avr/5.4.0/avr5/libgcc.a(_copy_data.o)
__divmodhi4                                       /usr/lib/gcc/avr/5.4.0/avr5/libgcc.a(_divmodhi4.o)
                                                  /tmp/ccLVjr1G.ltrans1.ltrans.o
__divmodsi4                                       /usr/lib/gcc/avr/5.4.0/avr5/libgcc.a(_divmodsi4.o)
                                                  /tmp/ccLVjr1G.ltrans1.ltrans.o
__divsf3                                          /usr/lib/gcc/avr/5.4.0/../../../avr/lib/avr5/libm.a(divsf3.o)
                                                  /tmp/ccLVjr1G.ltrans1.ltrans.o
__divsf3_pse                                      /usr/lib/gcc/avr/5.4.0/../../../avr/lib/avr5/libm.a(divsf3x.o)
__divsf3x                                         /usr/lib/gcc/avr/5.4.0/../../../avr/lib/avr5/libm.a(divsf3x.o)
                                                  /usr/lib/gcc/avr/5.4.0/../../../avr/lib/avr5/libm.a(divsf3.o)
__do_clear_bss                                    /usr/lib/gcc/avr/5.4.0/avr5/libgcc.a(_clear_bss.o)
                                                  /tmp/ccLVjr1G.ltrans5.ltrans.o
                                                  /tmp/ccLVjr1G.ltrans4.ltrans.o
                                                  /tmp/ccLVjr1G.ltrans3.ltrans.o
                                                  /tmp/ccLVjr1G.ltrans2.ltrans.o
                                                  /tmp/ccLVjr1G.ltrans1.ltrans.o
                                                  /tmp/ccLVjr1G.ltrans0.ltrans.o
__do_copy_data                                    /usr/lib/gcc/avr/5.4.0/avr5/libgcc.a(_copy_data.o)
                                                  /tmp/ccLVjr1G.ltrans5.ltrans.o
                                                  /tmp/ccLVjr1G.ltrans4.ltrans.o
                                                  /tmp/ccLVjr1G.ltrans2.ltrans.o
                                                  /tmp/ccLVjr1G.ltrans1.ltrans.o
__fixsfsi                                         /usr/lib/gcc/avr/5.4.0/../../../avr/lib/avr5/libm.a(fixsfsi.o)
                                                  /tmp/ccLVjr1G.ltrans1.ltrans.o
__fixunssfsi                                      /usr/lib/gcc/avr/5.4.0/../../../avr/lib/avr5/libm.a(fixunssfsi.o)
                                                  /usr/lib/gcc/avr/5.4.0/../../../avr/lib/avr5/libm.a(fixsfsi.o)
                                                  /tmp/ccLVjr1G.ltrans1.ltrans.o
__floatsisf                                       /usr/lib/gcc/avr/5.4.0/../../../avr/lib/avr5/libm.a(floatsisf.o)
                                                  /tmp/ccLVjr1G.ltrans1.ltrans.o
__floatunsisf                                     /usr/lib/gcc/avr/5.4.0/../../../avr/lib/avr5/libm.a(floatsisf.o)
__fp_cmp                                          /usr/lib/gcc/avr/5.4.0/../../../avr/lib/avr5/libm.a(fp_cmp.o)
                                                  /usr/lib/gcc/avr/5.4.0/../../../avr/lib/avr5/libm.a(gesf2.o)
__fp_inf                                          /usr/lib/gcc/avr/5.4.0/../../../avr/lib/avr5/libm.a(fp_inf.o)
                                                  /usr/lib/gcc/avr/5.4.0/../../../avr/lib/avr5/libm.a(mulsf3x.o)
                                                  /usr/lib/gcc/avr/5.4.0/../../../avr/lib/avr5/libm.a(divsf3x.o)
                                                  /usr/lib/gcc/avr/5.4.0/../../../avr/lib/avr5/libm.a(addsf3x.o)
__fp_nan                                          /usr/lib/gcc/avr/5.4.0/../../../avr/lib/avr5/libm.a(fp_nan.o)
                                                  /usr/lib/gcc/avr/5.4.0/../../../avr/lib/avr5/libm.a(mulsf3x.o)
                                                  /usr/lib/gcc/avr/5.4.0/../../../avr/lib/avr5/libm.a(divsf3x.o)
                                                  /usr/lib/gcc/avr/5.4.0/../../../avr/lib/avr5/libm.a(addsf3x.o)
__fp_pscA                                         /usr/lib/gcc/avr/5.4.0/../../../avr/lib/avr5/libm.a(fp_pscA.o)
                                                  /usr/lib/gcc/avr/5.4.0/../../../avr/lib/avr5/libm.a(mulsf3x.o)
                                                  /usr/lib/gcc/avr/5.4.0/../../../avr/lib/avr5/libm.a(divsf3x.o)
                                                  /usr/lib/gcc/avr/5.4.0/../../../avr/lib/avr5/libm.a(addsf3x.o)
__fp_pscB                                         /usr/lib/gcc/avr/5.4.0/../../../avr/lib/avr5/libm.a(fp_pscB.o)
                                                  /usr/lib/gcc/avr/5.4.0/../../../avr/lib/avr5/libm.a(mulsf3x.o)
                                                  /usr/lib/gcc/avr/5.4.0/../../../avr/lib/avr5/libm.a(divsf3x.o)
                                                  /usr/lib/gcc/avr/5.4.0/../../../avr/lib/avr5/libm.a(addsf3x.o)
__fp_round                                        /usr/lib/gcc/avr/5.4.0/../../../avr/lib/avr5/libm.a(fp_round.o)
                                                  /usr/lib/gcc/avr/5.4.0/../../../avr/lib/avr5/libm.a(mulsf3.o)
                                                  /usr/lib/gcc/avr/5.4.0/../../../avr/lib/avr5/libm.a(divsf3.o)
                                                  /usr/lib/gcc/avr/5.4.0/../../../avr/lib/avr5/libm.a(addsf3.o)
__fp_split3                                       /usr/lib/gcc/avr/5.4.0/../../../avr/lib/avr5/libm.a(fp_split3.o)
                                                  /usr/lib/gcc/avr/5.4.0/../../../avr/lib/avr5/libm.a(mulsf3x.o)
                                                  /usr/lib/gcc/avr/5.4.0/../../../avr/lib/avr5/libm.a(divsf3x.o)
                                                  /usr/lib/gcc/avr/5.4.0/../../../avr/lib/avr5/libm.a(addsf3x.o)
__fp_splitA                                       /usr/lib/gcc/avr/5.4.0/../../../avr/lib/avr5/libm.a(fp_split3.o)
                                                  /usr/lib/gcc/avr/5.4.0/../../../avr/lib/avr5/libm.a(fixunssfsi.o)
__fp_szero                                        /usr/lib/gcc/avr/5.4.0/../../../avr/lib/avr5/libm.a(fp_zero.o)
                                                  /usr/lib/gcc/avr/5.4.0/../../../avr/lib/avr5/libm.a(mulsf3x.o)
                                                  /usr/lib/gcc/avr/5.4.0/../../../avr/lib/avr5/libm.a(fixsfsi.o)