Archive member included to satisfy reference by file (symbol)

.build/obj_sofle_rev1_via/i2c_master.a(i2c_master.o)
                              .build/obj_sofle_rev1_via/ssd1306_sh1106.o (symbol from plugin) (i2c_init)
.build/obj_sofle_rev1_via/serial.a(serial.o)
                              .build/obj_sofle_rev1_via/quantum/split_common/transport.o (symbol from plugin) (soft_serial_initiator_init)
/usr/lib/gcc/avr/5.4.0/avr5/libgcc.a(_udivmodhi4.o)
                              .build/obj_sofle_rev1_via/i2c_master.a(i2c_master.o) (__udivmodhi4)
/usr/lib/gcc/avr/5.4.0/avr5/libgcc.a(_exit.o)
                              /usr/lib/gcc/avr/5.4.0/../../../avr/lib/avr5/crtatmega32u4.o (exit)
/usr/lib/gcc/avr/5.4.0/../../../avr/lib/avr5/libc.a(memcpy_P.o)
                              .build/obj_sofle_rev1_via/ssd1306_sh1106.o (symbol from plugin) (memcpy_P)
/usr/lib/gcc/avr/5.4.0/../../../avr/lib/avr5/libc.a(itoa_ncheck.o)
                              .build/obj_sofle_rev1_via/keyboards/sofle/keymaps/via/keymap.o (symbol from plugin) (__itoa_ncheck)
/usr/lib/gcc/avr/5.4.0/../../../avr/lib/avr5/libc.a(utoa_ncheck.o)
                              /usr/lib/gcc/avr/5.4.0/../../../avr/lib/avr5/libc.a(itoa_ncheck.o) (__utoa_common)
/usr/lib/gcc/avr/5.4.0/../../../avr/lib/avr5/libc.a(strrev.o)
                              /usr/lib/gcc/avr/5.4.0/../../../avr/lib/avr5/libc.a(utoa_ncheck.o) (strrev)
/usr/lib/gcc/avr/5.4.0/../../../avr/lib/avr5/libatmega32u4.a(eerd_byte.o)
                              .build/obj_sofle_rev1_via/quantum/eeconfig.o (symbol from plugin) (eeprom_read_byte)
/usr/lib/gcc/avr/5.4.0/../../../avr/lib/avr5/libatmega32u4.a(eerd_dword.o)
                              .build/obj_sofle_rev1_via/quantum/eeconfig.o (symbol from plugin) (eeprom_read_dword)
/usr/lib/gcc/avr/5.4.0/../../../avr/lib/avr5/libatmega32u4.a(eerd_word.o)
                              .build/obj_sofle_rev1_via/quantum/eeconfig.o (symbol from plugin) (eeprom_read_word)
/usr/lib/gcc/avr/5.4.0/../../../avr/lib/avr5/libatmega32u4.a(eeupd_byte.o)
                              .build/obj_sofle_rev1_via/quantum/eeconfig.o (symbol from plugin) (eeprom_update_byte)
/usr/lib/gcc/avr/5.4.0/../../../avr/lib/avr5/libatmega32u4.a(eeupd_dword.o)
                              .build/obj_sofle_rev1_via/quantum/eeconfig.o (symbol from plugin) (eeprom_update_dword)
/usr/lib/gcc/avr/5.4.0/../../../avr/lib/avr5/libatmega32u4.a(eeupd_word.o)
                              .build/obj_sofle_rev1_via/quantum/eeconfig.o (symbol from plugin) (eeprom_update_word)
/usr/lib/gcc/avr/5.4.0/../../../avr/lib/avr5/libatmega32u4.a(eerd_block.o)
                              /usr/lib/gcc/avr/5.4.0/../../../avr/lib/avr5/libatmega32u4.a(eerd_dword.o) (eeprom_read_blraw)
/usr/lib/gcc/avr/5.4.0/../../../avr/lib/avr5/libm.a(addsf3.o)
                              /tmp/cczBgfFX.ltrans1.ltrans.o (__subsf3)
/usr/lib/gcc/avr/5.4.0/../../../avr/lib/avr5/libm.a(addsf3x.o)
                              /usr/lib/gcc/avr/5.4.0/../../../avr/lib/avr5/libm.a(addsf3.o) (__addsf3x)
/usr/lib/gcc/avr/5.4.0/../../../avr/lib/avr5/libm.a(divsf3.o)
                              /tmp/cczBgfFX.ltrans1.ltrans.o (__divsf3)
/usr/lib/gcc/avr/5.4.0/../../../avr/lib/avr5/libm.a(divsf3x.o)
                              /usr/lib/gcc/avr/5.4.0/../../../avr/lib/avr5/libm.a(divsf3.o) (__divsf3x)
/usr/lib/gcc/avr/5.4.0/../../../avr/lib/avr5/libm.a(fixsfsi.o)
                              /tmp/cczBgfFX.ltrans1.ltrans.o (__fixsfsi)
/usr/lib/gcc/avr/5.4.0/../../../avr/lib/avr5/libm.a(fixunssfsi.o)
                              /tmp/cczBgfFX.ltrans1.ltrans.o (__fixunssfsi)
/usr/lib/gcc/avr/5.4.0/../../../avr/lib/avr5/libm.a(floatsisf.o)
                              /tmp/cczBgfFX.ltrans1.ltrans.o (__floatsisf)
/usr/lib/gcc/avr/5.4.0/../../../avr/lib/avr5/libm.a(fp_inf.o)
                              /usr/lib/gcc/avr/5.4.0/../../../avr/lib/avr5/libm.a(addsf3x.o) (__fp_inf)
/usr/lib/gcc/avr/5.4.0/../../../avr/lib/avr5/libm.a(fp_nan.o)
                              /usr/lib/gcc/avr/5.4.0/../../../avr/lib/avr5/libm.a(addsf3x.o) (__fp_nan)
/usr/lib/gcc/avr/5.4.0/../../../avr/lib/avr5/libm.a(fp_pscA.o)
                              /usr/lib/gcc/avr/5.4.0/../../../avr/lib/avr5/libm.a(addsf3x.o) (__fp_pscA)
/usr/lib/gcc/avr/5.4.0/../../../avr/lib/avr5/libm.a(fp_pscB.o)
                              /usr/lib/gcc/avr/5.4.0/../../../avr/lib/avr5/libm.a(addsf3x.o) (__fp_pscB)
/usr/lib/gcc/avr/5.4.0/../../../avr/lib/avr5/libm.a(fp_round.o)
                              /usr/lib/gcc/avr/5.4.0/../../../avr/lib/avr5/libm.a(addsf3.o) (__fp_round)
/usr/lib/gcc/avr/5.4.0/../../../avr/lib/avr5/libm.a(fp_split3.o)
                              /usr/lib/gcc/avr/5.4.0/../../../avr/lib/avr5/libm.a(addsf3x.o) (__fp_split3)
/usr/lib/gcc/avr/5.4.0/../../../avr/lib/avr5/libm.a(fp_zero.o)
                              /usr/lib/gcc/avr/5.4.0/../../../avr/lib/avr5/libm.a(addsf3x.o) (__fp_zero)
[...]
Memory Configuration

Name             Origin             Length             Attributes
text             0x0000000000000000 0x0000000000020000 xr
data             0x0000000000800060 0x000000000000ffa0 rw !x
eeprom           0x0000000000810000 0x0000000000010000 rw !x
fuse             0x0000000000820000 0x0000000000000003 rw !x
lock             0x0000000000830000 0x0000000000000400 rw !x
signature        0x0000000000840000 0x0000000000000400 rw !x
user_signatures  0x0000000000850000 0x0000000000000400 rw !x
*default*        0x0000000000000000 0xffffffffffffffff

Linker script and memory map

Address of section .data set to 0x800100
LOAD /usr/lib/gcc/avr/5.4.0/../../../avr/lib/avr5/crtatmega32u4.o
LOAD .build/obj_sofle_rev1_via/keyboards/sofle/sofle.o
LOAD /tmp/cczBgfFX.ltrans0.ltrans.o
LOAD /tmp/cczBgfFX.ltrans1.ltrans.o
LOAD /tmp/cczBgfFX.ltrans2.ltrans.o
LOAD /tmp/cczBgfFX.ltrans3.ltrans.o
LOAD /tmp/cczBgfFX.ltrans4.ltrans.o
LOAD /tmp/cczBgfFX.ltrans5.ltrans.o
LOAD .build/obj_sofle_rev1_via/keyboards/sofle/rev1/rev1.o
LOAD .build/obj_sofle_rev1_via/keyboards/sofle/keymaps/via/keymap.o
LOAD .build/obj_sofle_rev1_via/quantum/quantum.o
LOAD .build/obj_sofle_rev1_via/quantum/send_string.o
LOAD .build/obj_sofle_rev1_via/quantum/bitwise.o
LOAD .build/obj_sofle_rev1_via/quantum/led.o
LOAD .build/obj_sofle_rev1_via/quantum/action.o
LOAD .build/obj_sofle_rev1_via/quantum/action_layer.o
LOAD .build/obj_sofle_rev1_via/quantum/action_tapping.o
LOAD .build/obj_sofle_rev1_via/quantum/action_util.o
LOAD .build/obj_sofle_rev1_via/quantum/eeconfig.o
LOAD .build/obj_sofle_rev1_via/quantum/keyboard.o
LOAD .build/obj_sofle_rev1_via/quantum/keymap_common.o
LOAD .build/obj_sofle_rev1_via/quantum/keycode_config.o
LOAD .build/obj_sofle_rev1_via/quantum/sync_timer.o
LOAD .build/obj_sofle_rev1_via/quantum/logging/debug.o
LOAD .build/obj_sofle_rev1_via/quantum/logging/sendchar.o
LOAD .build/obj_sofle_rev1_via/quantum/bootmagic/bootmagic_lite.o
LOAD .build/obj_sofle_rev1_via/quantum/bootmagic/magic.o
LOAD .build/obj_sofle_rev1_via/quantum/matrix_common.o
LOAD .build/obj_sofle_rev1_via/quantum/matrix.o
LOAD .build/obj_sofle_rev1_via/quantum/debounce/sym_defer_g.o
LOAD .build/obj_sofle_rev1_via/quantum/split_common/split_util.o
LOAD .build/obj_sofle_rev1_via/quantum/split_common/transport.o
LOAD .build/obj_sofle_rev1_via/quantum/split_common/transactions.o
LOAD .build/obj_sofle_rev1_via/quantum/main.o
LOAD .build/obj_sofle_rev1_via/quantum/via.o
LOAD .build/obj_sofle_rev1_via/crc.o
LOAD .build/obj_sofle_rev1_via/ssd1306_sh1106.o
LOAD .build/obj_sofle_rev1_via/quantum/process_keycode/process_magic.o
LOAD .build/obj_sofle_rev1_via/quantum/dynamic_keymap.o
LOAD .build/obj_sofle_rev1_via/quantum/encoder.o
LOAD .build/obj_sofle_rev1_via/quantum/process_keycode/process_grave_esc.o
LOAD .build/obj_sofle_rev1_via/quantum/process_keycode/process_space_cadet.o
LOAD .build/obj_sofle_rev1_via/quantum/wpm.o
LOAD .build/obj_sofle_rev1_via/i2c_master.a
LOAD .build/obj_sofle_rev1_via/i2c_slave.a
LOAD .build/obj_sofle_rev1_via/serial.a
LOAD .build/obj_sofle_rev1_via/platforms/avr/xprintf.o
LOAD .build/obj_sofle_rev1_via/platforms/avr/printf.o
LOAD .build/obj_sofle_rev1_via/protocol/host.o
LOAD .build/obj_sofle_rev1_via/protocol/report.o
LOAD .build/obj_sofle_rev1_via/protocol/usb_device_state.o
LOAD .build/obj_sofle_rev1_via/protocol/usb_util.o
LOAD .build/obj_sofle_rev1_via/platforms/suspend.o
LOAD .build/obj_sofle_rev1_via/platforms/avr/platform.o
LOAD .build/obj_sofle_rev1_via/platforms/avr/suspend.o
LOAD .build/obj_sofle_rev1_via/platforms/avr/timer.o
LOAD .build/obj_sofle_rev1_via/platforms/avr/bootloaders/caterina.o
LOAD .build/obj_sofle_rev1_via/lufa.o
LOAD .build/obj_sofle_rev1_via/usb_descriptor.o
LOAD .build/obj_sofle_rev1_via/lib/lufa/LUFA/Drivers/USB/Class/Common/HIDParser.o
LOAD .build/obj_sofle_rev1_via/lib/lufa/LUFA/Drivers/USB/Core/AVR8/Device_AVR8.o
LOAD .build/obj_sofle_rev1_via/lib/lufa/LUFA/Drivers/USB/Core/AVR8/EndpointStream_AVR8.o
LOAD .build/obj_sofle_rev1_via/lib/lufa/LUFA/Drivers/USB/Core/AVR8/Endpoint_AVR8.o
LOAD .build/obj_sofle_rev1_via/lib/lufa/LUFA/Drivers/USB/Core/AVR8/Host_AVR8.o
LOAD .build/obj_sofle_rev1_via/lib/lufa/LUFA/Drivers/USB/Core/AVR8/PipeStream_AVR8.o
LOAD .build/obj_sofle_rev1_via/lib/lufa/LUFA/Drivers/USB/Core/AVR8/Pipe_AVR8.o
LOAD .build/obj_sofle_rev1_via/lib/lufa/LUFA/Drivers/USB/Core/AVR8/USBController_AVR8.o
LOAD .build/obj_sofle_rev1_via/lib/lufa/LUFA/Drivers/USB/Core/AVR8/USBInterrupt_AVR8.o
LOAD .build/obj_sofle_rev1_via/lib/lufa/LUFA/Drivers/USB/Core/ConfigDescriptors.o
LOAD .build/obj_sofle_rev1_via/lib/lufa/LUFA/Drivers/USB/Core/DeviceStandardReq.o
LOAD .build/obj_sofle_rev1_via/lib/lufa/LUFA/Drivers/USB/Core/Events.o
LOAD .build/obj_sofle_rev1_via/lib/lufa/LUFA/Drivers/USB/Core/HostStandardReq.o
LOAD .build/obj_sofle_rev1_via/lib/lufa/LUFA/Drivers/USB/Core/USBTask.o
LOAD .build/obj_sofle_rev1_via/protocol/lufa/usb_util.o
LOAD /usr/lib/gcc/avr/5.4.0/../../../avr/lib/avr5/libm.a
START GROUP
LOAD /usr/lib/gcc/avr/5.4.0/avr5/libgcc.a
LOAD /usr/lib/gcc/avr/5.4.0/../../../avr/lib/avr5/libm.a
LOAD /usr/lib/gcc/avr/5.4.0/../../../avr/lib/avr5/libc.a
LOAD /usr/lib/gcc/avr/5.4.0/../../../avr/lib/avr5/libatmega32u4.a
END GROUP
                0x0000000000000000                __TEXT_REGION_ORIGIN__ = DEFINED (__TEXT_REGION_ORIGIN__)?__TEXT_REGION_ORIGIN__:0x0
                0x0000000000800060                __DATA_REGION_ORIGIN__ = DEFINED (__DATA_REGION_ORIGIN__)?__DATA_REGION_ORIGIN__:0x800060
                0x0000000000020000                __TEXT_REGION_LENGTH__ = DEFINED (__TEXT_REGION_LENGTH__)?__TEXT_REGION_LENGTH__:0x20000
                0x000000000000ffa0                __DATA_REGION_LENGTH__ = DEFINED (__DATA_REGION_LENGTH__)?__DATA_REGION_LENGTH__:0xffa0
                0x0000000000010000                __EEPROM_REGION_LENGTH__ = DEFINED (__EEPROM_REGION_LENGTH__)?__EEPROM_REGION_LENGTH__:0x10000
                [0x0000000000000003]                __FUSE_REGION_LENGTH__ = DEFINED (__FUSE_REGION_LENGTH__)?__FUSE_REGION_LENGTH__:0x400
                0x0000000000000400                __LOCK_REGION_LENGTH__ = DEFINED (__LOCK_REGION_LENGTH__)?__LOCK_REGION_LENGTH__:0x400
                0x0000000000000400                __SIGNATURE_REGION_LENGTH__ = DEFINED (__SIGNATURE_REGION_LENGTH__)?__SIGNATURE_REGION_LENGTH__:0x400
                0x0000000000000400                __USER_SIGNATURE_REGION_LENGTH__ = DEFINED (__USER_SIGNATURE_REGION_LENGTH__)?__USER_SIGNATURE_REGION_LENGTH__:0x400

.hash
 *(.hash)

.dynsym
 *(.dynsym)

.dynstr
 *(.dynstr)

.gnu.version
 *(.gnu.version)

.gnu.version_d
 *(.gnu.version_d)

.gnu.version_r
 *(.gnu.version_r)

.rel.init
 *(.rel.init)

.rela.init
 *(.rela.init)

.rel.text
 *(.rel.text)
 *(.rel.text.*)
 *(.rel.gnu.linkonce.t*)

.rela.text
 *(.rela.text)
 *(.rela.text.*)
 *(.rela.gnu.linkonce.t*)

.rel.fini
 *(.rel.fini)

.rela.fini
 *(.rela.fini)

.rel.rodata
 *(.rel.rodata)
 *(.rel.rodata.*)
 *(.rel.gnu.linkonce.r*)

.rela.rodata
 *(.rela.rodata)
 *(.rela.rodata.*)
 *(.rela.gnu.linkonce.r*)

.rel.data
 *(.rel.data)
 *(.rel.data.*)
 *(.rel.gnu.linkonce.d*)

.rela.data
 *(.rela.data)
 *(.rela.data.*)
 *(.rela.gnu.linkonce.d*)

.rel.ctors
 *(.rel.ctors)

.rela.ctors
 *(.rela.ctors)

.rel.dtors
 *(.rel.dtors)

.rela.dtors
 *(.rela.dtors)

.rel.got
 *(.rel.got)

.rela.got
 *(.rela.got)

.rel.bss
 *(.rel.bss)

.rela.bss
 *(.rela.bss)

.rel.plt
 *(.rel.plt)

.rela.plt
 *(.rela.plt)

.text           0x0000000000000000     0x5f56
 *(.vectors)
 .vectors       0x0000000000000000       0xac /usr/lib/gcc/avr/5.4.0/../../../avr/lib/avr5/crtatmega32u4.o
                0x0000000000000000                __vectors
                0x0000000000000000                __vector_default
 *(.vectors)
 *(.progmem.gcc*)
 .progmem.gcc_sw_table.process_record
                0x00000000000000ac       0x26 /tmp/cczBgfFX.ltrans0.ltrans.o
 .progmem.gcc_sw_table.main
                0x00000000000000d2       0x26 /tmp/cczBgfFX.ltrans1.ltrans.o
 .progmem.gcc_sw_table.USB_Device_ProcessControlRequest
                0x00000000000000f8       0x14 /tmp/cczBgfFX.ltrans2.ltrans.o
                0x000000000000010c                . = ALIGN (0x2)
                0x000000000000010c                __trampolines_start = .
 *(.trampolines)
 .trampolines   0x000000000000010c        0x0 linker stubs
 *(.trampolines*)
                0x000000000000010c                __trampolines_end = .
 *libprintf_flt.a:*(.progmem.data)
 *libc.a:*(.progmem.data)
 *(.progmem*)
 .progmem.data.hand_swap_config
                0x000000000000010c       0x78 /tmp/cczBgfFX.ltrans0.ltrans.o
 .progmem.data.ascii_to_dead_lut
                0x0000000000000184       0x10 /tmp/cczBgfFX.ltrans0.ltrans.o
 .progmem.data.ascii_to_altgr_lut
                0x0000000000000194       0x10 /tmp/cczBgfFX.ltrans0.ltrans.o
 .progmem.data.ascii_to_shift_lut
                0x00000000000001a4       0x10 /tmp/cczBgfFX.ltrans0.ltrans.o
 .progmem.data.ascii_to_keycode_lut
                0x00000000000001b4       0x80 /tmp/cczBgfFX.ltrans0.ltrans.o
 .progmem.data.display_setup2.2178
                0x0000000000000234        0xd /tmp/cczBgfFX.ltrans1.ltrans.o
 .progmem.data.display_flipped.2177
                0x0000000000000241        0x3 /tmp/cczBgfFX.ltrans1.ltrans.o
 .progmem.data.display_normal.2176
                0x0000000000000244        0x3 /tmp/cczBgfFX.ltrans1.ltrans.o
 .progmem.data.display_setup1.2175
                0x0000000000000247        0xd /tmp/cczBgfFX.ltrans1.ltrans.o
 .progmem.data.__c.4099
                0x0000000000000254        0x6 /tmp/cczBgfFX.ltrans1.ltrans.o
 .progmem.data.__c.4096
                0x000000000000025a        0x4 /tmp/cczBgfFX.ltrans1.ltrans.o
 .progmem.data.__c.4093
                0x000000000000025e        0x4 /tmp/cczBgfFX.ltrans1.ltrans.o
 .progmem.data.__c.4089
                0x0000000000000262        0x5 /tmp/cczBgfFX.ltrans1.ltrans.o
 .progmem.data.__c.4085
                0x0000000000000267        0x3 /tmp/cczBgfFX.ltrans1.ltrans.o
 .progmem.data.__c.4083
                0x000000000000026a        0x4 /tmp/cczBgfFX.ltrans1.ltrans.o
 .progmem.data.__c.4080
                0x000000000000026e        0x5 /tmp/cczBgfFX.ltrans1.ltrans.o
 .progmem.data.__c.4076
                0x0000000000000273        0x5 /tmp/cczBgfFX.ltrans1.ltrans.o
 .progmem.data.__c.4072
                0x0000000000000278        0x3 /tmp/cczBgfFX.ltrans1.ltrans.o
 .progmem.data.SharedReport
                0x000000000000027b       0x32 /tmp/cczBgfFX.ltrans2.ltrans.o
 .progmem.data.RawReport
                0x00000000000002ad       0x22 /tmp/cczBgfFX.ltrans2.ltrans.o
 .progmem.data.KeyboardReport
                0x00000000000002cf       0x40 /tmp/cczBgfFX.ltrans2.ltrans.o
 .progmem.data.ConfigurationDescriptor
                0x000000000000030f       0x5b /tmp/cczBgfFX.ltrans2.ltrans.o
 .progmem.data.DeviceDescriptor
                0x000000000000036a       0x12 /tmp/cczBgfFX.ltrans2.ltrans.o
 .progmem.data.ProductString
                0x000000000000037c        0xe /tmp/cczBgfFX.ltrans2.ltrans.o
 .progmem.data.ManufacturerString
                0x000000000000038a       0x1c /tmp/cczBgfFX.ltrans2.ltrans.o
 .progmem.data.LanguageString
                0x00000000000003a6        0x4 /tmp/cczBgfFX.ltrans2.ltrans.o
 .progmem.data.font
                0x00000000000003aa      0x540 /tmp/cczBgfFX.ltrans2.ltrans.o
 .progmem.data.display_on.2347
                0x00000000000008ea        0x2 /tmp/cczBgfFX.ltrans5.ltrans.o
 .progmem.data.display_off.2351
                0x00000000000008ec        0x2 /tmp/cczBgfFX.ltrans5.ltrans.o
 .progmem.data.keymaps
                0x00000000000008ee      0x1e0 /tmp/cczBgfFX.ltrans5.ltrans.o
                0x0000000000000ace                . = ALIGN (0x2)
 *(.jumptables)
 *(.jumptables*)
 *(.lowtext)
 *(.lowtext*)
                0x0000000000000ace                __ctors_start = .
 *(.ctors)
                0x0000000000000ace                __ctors_end = .
                0x0000000000000ace                __dtors_start = .
 *(.dtors)
                0x0000000000000ace                __dtors_end = .
 SORT(*)(.ctors)
 SORT(*)(.dtors)
 *(.init0)
 .init0         0x0000000000000ace        0x0 /usr/lib/gcc/avr/5.4.0/../../../avr/lib/avr5/crtatmega32u4.o
                0x0000000000000ace                __init
 *(.init0)
 *(.init1)
 *(.init1)
 *(.init2)
 .init2         0x0000000000000ace        0xc /usr/lib/gcc/avr/5.4.0/../../../avr/lib/avr5/crtatmega32u4.o
 *(.init2)
 *(.init3)
 *(.init3)
 *(.init4)
 .init4         0x0000000000000ada       0x16 /usr/lib/gcc/avr/5.4.0/avr5/libgcc.a(_copy_data.o)
                0x0000000000000ada                __do_copy_data
 .init4         0x0000000000000af0       0x10 /usr/lib/gcc/avr/5.4.0/avr5/libgcc.a(_clear_bss.o)
                0x0000000000000af0                __do_clear_bss
 *(.init4)
 *(.init5)
 *(.init5)
 *(.init6)
 *(.init6)
 *(.init7)
 *(.init7)
 *(.init8)
 *(.init8)
 *(.init9)
 .init9         0x0000000000000b00        0x8 /usr/lib/gcc/avr/5.4.0/../../../avr/lib/avr5/crtatmega32u4.o
 *(.init9)
 *(.text)
 .text          0x0000000000000b08        0x4 /usr/lib/gcc/avr/5.4.0/../../../avr/lib/avr5/crtatmega32u4.o
                0x0000000000000b08                __vector_38
                0x0000000000000b08                __vector_22
                0x0000000000000b08                __vector_28
                0x0000000000000b08                __vector_1
                0x0000000000000b08                __vector_32
                0x0000000000000b08                __vector_34
                0x0000000000000b08                __vector_24
                0x0000000000000b08                __bad_interrupt
                0x0000000000000b08                __vector_6
                0x0000000000000b08                __vector_31
                0x0000000000000b08                __vector_35
                0x0000000000000b08                __vector_39
                0x0000000000000b08                __vector_23
                0x0000000000000b08                __vector_30
                0x0000000000000b08                __vector_25
                0x0000000000000b08                __vector_13
                0x0000000000000b08                __vector_17
                0x0000000000000b08                __vector_19
                0x0000000000000b08                __vector_7
                0x0000000000000b08                __vector_41
                0x0000000000000b08                __vector_27
                0x0000000000000b08                __vector_5
                0x0000000000000b08                __vector_33
                0x0000000000000b08                __vector_37
                0x0000000000000b08                __vector_4
                0x0000000000000b08                __vector_9
                0x0000000000000b08                __vector_2
                0x0000000000000b08                __vector_15
                0x0000000000000b08                __vector_36
                0x0000000000000b08                __vector_29
                0x0000000000000b08                __vector_40
                0x0000000000000b08                __vector_8
                0x0000000000000b08                __vector_26
                0x0000000000000b08                __vector_14
                0x0000000000000b08                __vector_16
                0x0000000000000b08                __vector_18
                0x0000000000000b08                __vector_20
                0x0000000000000b08                __vector_42
                0x0000000000000b0c                . = ALIGN (0x2)
 *(.text.*)
 .text.unregister_code
                0x0000000000000b0c       0x62 /tmp/cczBgfFX.ltrans0.ltrans.o
                0x0000000000000b0c                unregister_code
 .text.register_code
                0x0000000000000b6e       0xb2 /tmp/cczBgfFX.ltrans0.ltrans.o
                0x0000000000000b6e                register_code
 .text.action_exec
                0x0000000000000c20      0x1d0 /tmp/cczBgfFX.ltrans0.ltrans.o
                0x0000000000000c20                action_exec
 .text.process_record
                0x0000000000000df0      0xd68 /tmp/cczBgfFX.ltrans0.ltrans.o
                0x0000000000000df0                process_record
 .text.biton    0x0000000000001b58       0x28 /tmp/cczBgfFX.ltrans0.ltrans.o
                0x0000000000001b58                biton
 .text.startup.main
                0x0000000000001b80      0xf44 /tmp/cczBgfFX.ltrans1.ltrans.o
                0x0000000000001b80                main
 .text.oled_write_char.constprop.29
                0x0000000000002ac4      0x100 /tmp/cczBgfFX.ltrans2.ltrans.o
                0x0000000000002ac4                oled_write_char.constprop.29
 .text.oled_write_P.constprop.28
                0x0000000000002bc4       0x1c /tmp/cczBgfFX.ltrans2.ltrans.o
                0x0000000000002bc4                oled_write_P.constprop.28
 .text.oled_write_ln_P.constprop.27
                0x0000000000002be0        0xa /tmp/cczBgfFX.ltrans2.ltrans.o
                0x0000000000002be0                oled_write_ln_P.constprop.27
 .text.oled_write_pixel.constprop.24
                0x0000000000002bea       0x70 /tmp/cczBgfFX.ltrans2.ltrans.o
                0x0000000000002bea                oled_write_pixel.constprop.24
 .text.update_tri_layer.constprop.22
                0x0000000000002c5a       0x16 /tmp/cczBgfFX.ltrans2.ltrans.o
                0x0000000000002c5a                update_tri_layer.constprop.22
 .text.i2c_transmit_P.constprop.18
                0x0000000000002c70       0x52 /tmp/cczBgfFX.ltrans2.ltrans.o
                0x0000000000002c70                i2c_transmit_P.constprop.18
 .text.send_if_condition.constprop.8
                0x0000000000002cc2       0x8a /tmp/cczBgfFX.ltrans2.ltrans.o
                0x0000000000002cc2                send_if_condition.constprop.8
 .text.USB_Device_ProcessControlRequest
                0x0000000000002d4c      0x5ac /tmp/cczBgfFX.ltrans2.ltrans.o
                0x0000000000002d4c                USB_Device_ProcessControlRequest
 .text.__vector_11
                0x00000000000032f8       0x88 /tmp/cczBgfFX.ltrans2.ltrans.o
                0x00000000000032f8                __vector_11
 .text.USB_Disable
                0x0000000000003380       0x3e /tmp/cczBgfFX.ltrans2.ltrans.o
                0x0000000000003380                USB_Disable
 .text.USB_Init
                0x00000000000033be       0xc2 /tmp/cczBgfFX.ltrans2.ltrans.o
                0x00000000000033be                USB_Init
 .text.__vector_10
                0x0000000000003480      0x1ae /tmp/cczBgfFX.ltrans2.ltrans.o
                0x0000000000003480                __vector_10
 .text.Endpoint_WaitUntilReady
                0x000000000000362e       0x66 /tmp/cczBgfFX.ltrans2.ltrans.o
                0x000000000000362e                Endpoint_WaitUntilReady
 .text.Endpoint_Write_Stream_LE.constprop.6
                0x0000000000003694       0x58 /tmp/cczBgfFX.ltrans2.ltrans.o
                0x0000000000003694                Endpoint_Write_Stream_LE.constprop.6
 .text.sendchar
                0x00000000000036ec        0x4 /tmp/cczBgfFX.ltrans3.ltrans.o
                0x00000000000036ec                sendchar
 .text.mod_config
                0x00000000000036f0       0x86 /tmp/cczBgfFX.ltrans3.ltrans.o
 .text.transaction_handler_master.isra.2
                0x0000000000003776       0x82 /tmp/cczBgfFX.ltrans3.ltrans.o
 .text.oled_handlers_master
                0x00000000000037f8       0x3a /tmp/cczBgfFX.ltrans3.ltrans.o
 .text.wpm_handlers_master
                0x0000000000003832       0x34 /tmp/cczBgfFX.ltrans3.ltrans.o
 .text.read_if_checksum_mismatch
                0x0000000000003866      0x13a /tmp/cczBgfFX.ltrans3.ltrans.o
 .text.slave_matrix_handlers_master
                0x00000000000039a0       0x7a /tmp/cczBgfFX.ltrans3.ltrans.o
 .text.is_keyboard_master
                0x0000000000003a1a       0x46 /tmp/cczBgfFX.ltrans3.ltrans.o
                0x0000000000003a1a                is_keyboard_master
 .text.sync_timer_handlers_master
                0x0000000000003a60       0xc6 /tmp/cczBgfFX.ltrans3.ltrans.o
 .text.setPinInputHigh_atomic.lto_priv.43
                0x0000000000003b26       0x2e /tmp/cczBgfFX.ltrans3.ltrans.o
                0x0000000000003b26                setPinInputHigh_atomic.lto_priv.43
 .text.action_for_keycode
                0x0000000000003b54      0x322 /tmp/cczBgfFX.ltrans3.ltrans.o
                0x0000000000003b54                action_for_keycode
 .text.last_encoder_activity_trigger
                0x0000000000003e76        0x4 /tmp/cczBgfFX.ltrans3.ltrans.o
                0x0000000000003e76                last_encoder_activity_trigger
 .text.encoder_handlers_master
                0x0000000000003e7a       0xc0 /tmp/cczBgfFX.ltrans3.ltrans.o
 .text.eeconfig_read_keymap
                0x0000000000003f3a       0x22 /tmp/cczBgfFX.ltrans3.ltrans.o
                0x0000000000003f3a                eeconfig_read_keymap
 .text.matrix_scan
                0x0000000000003f5c      0x384 /tmp/cczBgfFX.ltrans3.ltrans.o
                0x0000000000003f5c                matrix_scan
 .text.eeconfig_init_quantum
                0x00000000000042e0       0xd4 /tmp/cczBgfFX.ltrans4.ltrans.o
                0x00000000000042e0                eeconfig_init_quantum
 .text.clear_oneshot_mods
                0x00000000000043b4        0xc /tmp/cczBgfFX.ltrans4.ltrans.o
                0x00000000000043b4                clear_oneshot_mods
 .text.del_mods
                0x00000000000043c0        0xe /tmp/cczBgfFX.ltrans4.ltrans.o
                0x00000000000043c0                del_mods
 .text.send_keyboard_report
                0x00000000000043ce       0x78 /tmp/cczBgfFX.ltrans4.ltrans.o
                0x00000000000043ce                send_keyboard_report
 .text.clear_keyboard_but_mods_and_keys
                0x0000000000004446       0x18 /tmp/cczBgfFX.ltrans4.ltrans.o
 .text.debug_waiting_buffer.lto_priv.65
                0x000000000000445e       0x14 /tmp/cczBgfFX.ltrans4.ltrans.o
                0x000000000000445e                debug_waiting_buffer.lto_priv.65
 .text.waiting_buffer_scan_tap
                0x0000000000004472       0xd8 /tmp/cczBgfFX.ltrans4.ltrans.o
 .text.layer_switch_get_layer
                0x000000000000454a       0x5e /tmp/cczBgfFX.ltrans4.ltrans.o
                0x000000000000454a                layer_switch_get_layer
 .text.layer_switch_get_action
                0x00000000000045a8       0x1a /tmp/cczBgfFX.ltrans4.ltrans.o
                0x00000000000045a8                layer_switch_get_action
 .text.is_tap_record
                0x00000000000045c2       0x40 /tmp/cczBgfFX.ltrans4.ltrans.o
 .text.process_tapping.lto_priv.64
                0x0000000000004602      0x35e /tmp/cczBgfFX.ltrans4.ltrans.o
                0x0000000000004602                process_tapping.lto_priv.64
 .text.read_source_layers_cache
                0x0000000000004960       0x5a /tmp/cczBgfFX.ltrans4.ltrans.o
                0x0000000000004960                read_source_layers_cache
 .text.update_source_layers_cache
                0x00000000000049ba       0x58 /tmp/cczBgfFX.ltrans4.ltrans.o
                0x00000000000049ba                update_source_layers_cache
 .text.layer_state_set
                0x0000000000004a12        0x8 /tmp/cczBgfFX.ltrans4.ltrans.o
                0x0000000000004a12                layer_state_set
 .text.layer_off
                0x0000000000004a1a       0x18 /tmp/cczBgfFX.ltrans4.ltrans.o
                0x0000000000004a1a                layer_off
 .text.clear_oneshot_layer_state
                0x0000000000004a32       0x3a /tmp/cczBgfFX.ltrans4.ltrans.o
                0x0000000000004a32                clear_oneshot_layer_state
 .text.oneshot_set
                0x0000000000004a6c       0x3a /tmp/cczBgfFX.ltrans4.ltrans.o
                0x0000000000004a6c                oneshot_set
 .text.layer_on
                0x0000000000004aa6       0x16 /tmp/cczBgfFX.ltrans4.ltrans.o
                0x0000000000004aa6                layer_on
 .text.default_layer_state_set.lto_priv.42
                0x0000000000004abc        0x8 /tmp/cczBgfFX.ltrans4.ltrans.o
                0x0000000000004abc                default_layer_state_set.lto_priv.42
 .text.clear_keyboard
                0x0000000000004ac4       0x16 /tmp/cczBgfFX.ltrans4.ltrans.o
                0x0000000000004ac4                clear_keyboard
 .text.unregister_mods
                0x0000000000004ada        0xe /tmp/cczBgfFX.ltrans4.ltrans.o
                0x0000000000004ada                unregister_mods
 .text.register_mods
                0x0000000000004ae8       0x14 /tmp/cczBgfFX.ltrans4.ltrans.o
                0x0000000000004ae8                register_mods
 .text.tap_code
                0x0000000000004afc       0x38 /tmp/cczBgfFX.ltrans4.ltrans.o
                0x0000000000004afc                tap_code
 .text.send_programmable_button.lto_priv.41
                0x0000000000004b34        0x2 /tmp/cczBgfFX.ltrans5.ltrans.o
                0x0000000000004b34                send_programmable_button.lto_priv.41
 .text.send_mouse.lto_priv.38
                0x0000000000004b36        0x2 /tmp/cczBgfFX.ltrans5.ltrans.o
                0x0000000000004b36                send_mouse.lto_priv.38
 .text.keyboard_leds.lto_priv.36
                0x0000000000004b38        0x6 /tmp/cczBgfFX.ltrans5.ltrans.o
                0x0000000000004b38                keyboard_leds.lto_priv.36
 .text.send_extra
                0x0000000000004b3e       0x54 /tmp/cczBgfFX.ltrans5.ltrans.o
 .text.send_consumer.lto_priv.40
                0x0000000000004b92        0x8 /tmp/cczBgfFX.ltrans5.ltrans.o
                0x0000000000004b92                send_consumer.lto_priv.40
 .text.send_system.lto_priv.39
                0x0000000000004b9a        0x8 /tmp/cczBgfFX.ltrans5.ltrans.o
                0x0000000000004b9a                send_system.lto_priv.39
 .text.send_keyboard.lto_priv.37
                0x0000000000004ba2       0x58 /tmp/cczBgfFX.ltrans5.ltrans.o
                0x0000000000004ba2                send_keyboard.lto_priv.37
 .text.Endpoint_ClearStatusStage
                0x0000000000004bfa       0x3e /tmp/cczBgfFX.ltrans5.ltrans.o
                0x0000000000004bfa                Endpoint_ClearStatusStage
 .text.Endpoint_ConfigureEndpoint_Prv
                0x0000000000004c38       0x6a /tmp/cczBgfFX.ltrans5.ltrans.o
                0x0000000000004c38                Endpoint_ConfigureEndpoint_Prv
 .text.Endpoint_Write_Control_Stream_LE
                0x0000000000004ca2       0xbc /tmp/cczBgfFX.ltrans5.ltrans.o
                0x0000000000004ca2                Endpoint_Write_Control_Stream_LE
 .text.bootloader_jump
                0x0000000000004d5e       0x22 /tmp/cczBgfFX.ltrans5.ltrans.o
                0x0000000000004d5e                bootloader_jump
 .text.__vector_21
                0x0000000000004d80       0x4c /tmp/cczBgfFX.ltrans5.ltrans.o
                0x0000000000004d80                __vector_21
 .text.timer_elapsed32
                0x0000000000004dcc       0x38 /tmp/cczBgfFX.ltrans5.ltrans.o
                0x0000000000004dcc                timer_elapsed32
 .text.timer_elapsed
                0x0000000000004e04       0x1e /tmp/cczBgfFX.ltrans5.ltrans.o
                0x0000000000004e04                timer_elapsed
 .text.timer_read32
                0x0000000000004e22       0x18 /tmp/cczBgfFX.ltrans5.ltrans.o
                0x0000000000004e22                timer_read32
 .text.timer_read
                0x0000000000004e3a       0x18 /tmp/cczBgfFX.ltrans5.ltrans.o
                0x0000000000004e3a                timer_read
 .text.__vector_12
                0x0000000000004e52       0x52 /tmp/cczBgfFX.ltrans5.ltrans.o
                0x0000000000004e52                __vector_12
 .text.add_key_byte
                0x0000000000004ea4       0x34 /tmp/cczBgfFX.ltrans5.ltrans.o
                0x0000000000004ea4                add_key_byte
 .text.host_consumer_send
                0x0000000000004ed8       0x2c /tmp/cczBgfFX.ltrans5.ltrans.o
                0x0000000000004ed8                host_consumer_send
 .text.host_system_send
                0x0000000000004f04       0x2c /tmp/cczBgfFX.ltrans5.ltrans.o
                0x0000000000004f04                host_system_send
 .text.host_keyboard_leds
                0x0000000000004f30       0x20 /tmp/cczBgfFX.ltrans5.ltrans.o
                0x0000000000004f30                host_keyboard_leds
 .text.perform_space_cadet
                0x0000000000004f50       0xe6 /tmp/cczBgfFX.ltrans5.ltrans.o
                0x0000000000004f50                perform_space_cadet
 .text.dynamic_keymap_macro_reset
                0x0000000000005036       0x20 /tmp/cczBgfFX.ltrans5.ltrans.o
                0x0000000000005036                dynamic_keymap_macro_reset
 .text.dynamic_keymap_reset
                0x0000000000005056       0x68 /tmp/cczBgfFX.ltrans5.ltrans.o
                0x0000000000005056                dynamic_keymap_reset
 .text.dynamic_keymap_get_keycode
                0x00000000000050be       0x4c /tmp/cczBgfFX.ltrans5.ltrans.o
                0x00000000000050be                dynamic_keymap_get_keycode
 .text.keymap_key_to_keycode
                0x000000000000510a       0x1a /tmp/cczBgfFX.ltrans5.ltrans.o
                0x000000000000510a                keymap_key_to_keycode
 .text.oled_off
                0x0000000000005124       0x34 /tmp/cczBgfFX.ltrans5.ltrans.o
                0x0000000000005124                oled_off
 .text.oled_on  0x0000000000005158       0x4c /tmp/cczBgfFX.ltrans5.ltrans.o
                0x0000000000005158                oled_on
 .text.oled_advance_page
                0x00000000000051a4       0x60 /tmp/cczBgfFX.ltrans5.ltrans.o
                0x00000000000051a4                oled_advance_page
 .text.crc8     0x0000000000005204       0x2e /tmp/cczBgfFX.ltrans5.ltrans.o
                0x0000000000005204                crc8
 .text.via_set_layout_options
                0x0000000000005232        0x8 /tmp/cczBgfFX.ltrans5.ltrans.o
                0x0000000000005232                via_set_layout_options
 .text.via_eeprom_set_valid
                0x000000000000523a       0x3c /tmp/cczBgfFX.ltrans5.ltrans.o
                0x000000000000523a                via_eeprom_set_valid
 .text.eeconfig_init_via
                0x0000000000005276       0x1e /tmp/cczBgfFX.ltrans5.ltrans.o
                0x0000000000005276                eeconfig_init_via
 .text.via_eeprom_is_valid
                0x0000000000005294       0x32 /tmp/cczBgfFX.ltrans5.ltrans.o
                0x0000000000005294                via_eeprom_is_valid
 .text.i2c_init
                0x00000000000052c6        0xc .build/obj_sofle_rev1_via/i2c_master.a(i2c_master.o)
                0x00000000000052c6                i2c_init
 .text.i2c_start
                0x00000000000052d2      0x102 .build/obj_sofle_rev1_via/i2c_master.a(i2c_master.o)
                0x00000000000052d2                i2c_start
 .text.i2c_write
                0x00000000000053d4       0x60 .build/obj_sofle_rev1_via/i2c_master.a(i2c_master.o)
                0x00000000000053d4                i2c_write
 .text.i2c_transmit
                0x0000000000005434       0x4e .build/obj_sofle_rev1_via/i2c_master.a(i2c_master.o)
                0x0000000000005434                i2c_transmit
 .text.i2c_writeReg
                0x0000000000005482       0x5a .build/obj_sofle_rev1_via/i2c_master.a(i2c_master.o)
                0x0000000000005482                i2c_writeReg
 .text.i2c_stop
                0x00000000000054dc        0x8 .build/obj_sofle_rev1_via/i2c_master.a(i2c_master.o)
                0x00000000000054dc                i2c_stop
 .text.sync_recv
                0x00000000000054e4       0x10 .build/obj_sofle_rev1_via/serial.a(serial.o)
 .text.sync_send
                0x00000000000054f4        0xc .build/obj_sofle_rev1_via/serial.a(serial.o)
 .text.serial_read_chunk.constprop.0
                0x0000000000005500       0x50 .build/obj_sofle_rev1_via/serial.a(serial.o)
 .text.serial_recive_packet
                0x0000000000005550       0x4e .build/obj_sofle_rev1_via/serial.a(serial.o)
 .text.soft_serial_initiator_init
                0x000000000000559e        0x6 .build/obj_sofle_rev1_via/serial.a(serial.o)
                0x000000000000559e                soft_serial_initiator_init
 .text.soft_serial_target_init
                0x00000000000055a4       0x12 .build/obj_sofle_rev1_via/serial.a(serial.o)
                0x00000000000055a4                soft_serial_target_init
 .text.serial_write_chunk
                0x00000000000055b6       0x40 .build/obj_sofle_rev1_via/serial.a(serial.o)
                0x00000000000055b6                serial_write_chunk
 .text.serial_send_packet
                0x00000000000055f6       0x34 .build/obj_sofle_rev1_via/serial.a(serial.o)
 .text.__vector_3
                0x000000000000562a      0x14c .build/obj_sofle_rev1_via/serial.a(serial.o)
                0x000000000000562a                __vector_3
 .text.soft_serial_transaction
                0x0000000000005776       0xf6 .build/obj_sofle_rev1_via/serial.a(serial.o)
                0x0000000000005776                soft_serial_transaction
 .text.libgcc.div
                0x000000000000586c       0x28 /usr/lib/gcc/avr/5.4.0/avr5/libgcc.a(_udivmodhi4.o)
                0x000000000000586c                __udivmodhi4
 .text.avr-libc
                0x0000000000005894       0x12 /usr/lib/gcc/avr/5.4.0/../../../avr/lib/avr5/libc.a(memcpy_P.o)
                0x0000000000005894                memcpy_P
 .text.avr-libc
                0x00000000000058a6       0x16 /usr/lib/gcc/avr/5.4.0/../../../avr/lib/avr5/libc.a(itoa_ncheck.o)
                0x00000000000058a6                __itoa_ncheck
 .text.avr-libc
                0x00000000000058bc       0x34 /usr/lib/gcc/avr/5.4.0/../../../avr/lib/avr5/libc.a(utoa_ncheck.o)
                0x00000000000058bc                __utoa_ncheck
                0x00000000000058be                __utoa_common
 .text.avr-libc
                0x00000000000058f0       0x20 /usr/lib/gcc/avr/5.4.0/../../../avr/lib/avr5/libc.a(strrev.o)
                0x00000000000058f0                strrev
 .text.avr-libc
                0x0000000000005910       0x10 /usr/lib/gcc/avr/5.4.0/../../../avr/lib/avr5/libatmega32u4.a(eerd_byte.o)
                0x0000000000005910                eeprom_read_byte
 .text.avr-libc
                0x0000000000005920        0xc /usr/lib/gcc/avr/5.4.0/../../../avr/lib/avr5/libatmega32u4.a(eerd_word.o)
                0x0000000000005920                eeprom_read_word
 .text.avr-libc
                0x000000000000592c       0x24 /usr/lib/gcc/avr/5.4.0/../../../avr/lib/avr5/libatmega32u4.a(eeupd_byte.o)
                0x000000000000592c                eeprom_update_byte
                0x000000000000592e                eeprom_update_r18
 .text.avr-libc
                0x0000000000005950       0x18 /usr/lib/gcc/avr/5.4.0/../../../avr/lib/avr5/libatmega32u4.a(eeupd_dword.o)
                0x0000000000005950                eeprom_update_dword
                0x0000000000005950                eeprom_update_float
 .text.avr-libc
                0x0000000000005968        0xc /usr/lib/gcc/avr/5.4.0/../../../avr/lib/avr5/libatmega32u4.a(eeupd_word.o)
                0x0000000000005968                eeprom_update_word
 .text.avr-libc
                0x0000000000005974       0x20 /usr/lib/gcc/avr/5.4.0/../../../avr/lib/avr5/libatmega32u4.a(eerd_block.o)
                0x0000000000005974                eeprom_read_block
                0x0000000000005978                eeprom_read_blraw
 .text.avr-libc.fplib
                0x0000000000005994        0xe /usr/lib/gcc/avr/5.4.0/../../../avr/lib/avr5/libm.a(addsf3.o)
                0x0000000000005994                __subsf3
                0x0000000000005996                __addsf3
 .text.avr-libc.fplib
                0x00000000000059a2       0xcc /usr/lib/gcc/avr/5.4.0/../../../avr/lib/avr5/libm.a(addsf3x.o)
                0x00000000000059c4                __addsf3x
 .text.avr-libc.fplib
                0x0000000000005a6e        0x8 /usr/lib/gcc/avr/5.4.0/../../../avr/lib/avr5/libm.a(divsf3.o)
                0x0000000000005a6e                __divsf3
 .text.avr-libc.fplib
                0x0000000000005a76       0xdc /usr/lib/gcc/avr/5.4.0/../../../avr/lib/avr5/libm.a(divsf3x.o)
                0x0000000000005a96                __divsf3x
                0x0000000000005a9c                __divsf3_pse
 .text.avr-libc.fplib
                0x0000000000005b52        0xe /usr/lib/gcc/avr/5.4.0/../../../avr/lib/avr5/libm.a(fixsfsi.o)
                0x0000000000005b52                __fixsfsi
 .text.avr-libc.fplib
                0x0000000000005b60       0x5e /usr/lib/gcc/avr/5.4.0/../../../avr/lib/avr5/libm.a(fixunssfsi.o)
                0x0000000000005b60                __fixunssfsi
 .text.avr-libc.fplib
                0x0000000000005bbe       0x7a /usr/lib/gcc/avr/5.4.0/../../../avr/lib/avr5/libm.a(floatsisf.o)
                0x0000000000005bbe                __floatunsisf
                0x0000000000005bc2                __floatsisf
 .text.avr-libc.fplib
                0x0000000000005c38        0xc /usr/lib/gcc/avr/5.4.0/../../../avr/lib/avr5/libm.a(fp_inf.o)
                0x0000000000005c38                __fp_inf
 .text.avr-libc.fplib
                0x0000000000005c44        0x6 /usr/lib/gcc/avr/5.4.0/../../../avr/lib/avr5/libm.a(fp_nan.o)
                0x0000000000005c44                __fp_nan
 .text.avr-libc.fplib
                0x0000000000005c4a        0xe /usr/lib/gcc/avr/5.4.0/../../../avr/lib/avr5/libm.a(fp_pscA.o)
                0x0000000000005c4a                __fp_pscA
 .text.avr-libc.fplib
                0x0000000000005c58        0xe /usr/lib/gcc/avr/5.4.0/../../../avr/lib/avr5/libm.a(fp_pscB.o)
                0x0000000000005c58                __fp_pscB
 .text.avr-libc.fplib
                0x0000000000005c66       0x22 /usr/lib/gcc/avr/5.4.0/../../../avr/lib/avr5/libm.a(fp_round.o)
                0x0000000000005c66                __fp_round
 .text.avr-libc.fplib
                0x0000000000005c88       0x44 /usr/lib/gcc/avr/5.4.0/../../../avr/lib/avr5/libm.a(fp_split3.o)
                0x0000000000005c88                __fp_split3
                0x0000000000005c98                __fp_splitA
 .text.avr-libc.fplib
                0x0000000000005ccc        0xe /usr/lib/gcc/avr/5.4.0/../../../avr/lib/avr5/libm.a(fp_zero.o)
                0x0000000000005ccc                __fp_zero
                0x0000000000005cce                __fp_szero
 .text.avr-libc.fplib
                0x0000000000005cda        0xa /usr/lib/gcc/avr/5.4.0/../../../avr/lib/avr5/libm.a(gesf2.o)
                0x0000000000005cda                __gtsf2
                0x0000000000005cda                __gesf2
 .text.avr-libc.fplib
                0x0000000000005ce4        0x8 /usr/lib/gcc/avr/5.4.0/../../../avr/lib/avr5/libm.a(mulsf3.o)
                0x0000000000005ce4                __mulsf3
 .text.avr-libc.fplib
                0x0000000000005cec       0xd2 /usr/lib/gcc/avr/5.4.0/../../../avr/lib/avr5/libm.a(mulsf3x.o)
                0x0000000000005d0a                __mulsf3x
                0x0000000000005d10                __mulsf3_pse
 .text.avr-libc.fplib
                0x0000000000005dbe       0x48 /usr/lib/gcc/avr/5.4.0/../../../avr/lib/avr5/libm.a(fp_cmp.o)
                0x0000000000005dbe                __fp_cmp
 .text.libgcc.div
                0x0000000000005e06       0x18 /usr/lib/gcc/avr/5.4.0/avr5/libgcc.a(_udivmodqi4.o)
                0x0000000000005e06                __udivmodqi4
 .text.libgcc.div
                0x0000000000005e1e       0x28 /usr/lib/gcc/avr/5.4.0/avr5/libgcc.a(_divmodhi4.o)
                0x0000000000005e1e                __divmodhi4
                0x0000000000005e1e                _div
 .text.libgcc.div
                0x0000000000005e46       0x44 /usr/lib/gcc/avr/5.4.0/avr5/libgcc.a(_udivmodsi4.o)
                0x0000000000005e46                __udivmodsi4
 .text.libgcc.div
                0x0000000000005e8a       0x2e /usr/lib/gcc/avr/5.4.0/avr5/libgcc.a(_divmodsi4.o)
                0x0000000000005e8a                __divmodsi4
 .text.libgcc.div
                0x0000000000005eb8       0x10 /usr/lib/gcc/avr/5.4.0/avr5/libgcc.a(_negsi2.o)
                0x0000000000005eb8                __negsi2
 .text.libgcc   0x0000000000005ec8        0xc /usr/lib/gcc/avr/5.4.0/avr5/libgcc.a(_tablejump2.o)
                0x0000000000005ec8                __tablejump2__
 .text.libgcc.builtins
                0x0000000000005ed4        0xe /usr/lib/gcc/avr/5.4.0/avr5/libgcc.a(_bswapsi2.o)
                0x0000000000005ed4                __bswapsi2
 .text.libgcc.mul
                0x0000000000005ee2       0x16 /usr/lib/gcc/avr/5.4.0/avr5/libgcc.a(_muluhisi3.o)
                0x0000000000005ee2                __muluhisi3
 .text.libgcc.mul
                0x0000000000005ef8       0x10 /usr/lib/gcc/avr/5.4.0/avr5/libgcc.a(_mulshisi3.o)
                0x0000000000005ef8                __mulshisi3
                0x0000000000005efe                __mulohisi3
 .text.libgcc.mul
                0x0000000000005f08       0x1e /usr/lib/gcc/avr/5.4.0/avr5/libgcc.a(_umulhisi3.o)
                0x0000000000005f08                __umulhisi3
 .text.avr-libc
                0x0000000000005f26       0x1a /usr/lib/gcc/avr/5.4.0/../../../avr/lib/avr5/libc.a(memcmp.o)
                0x0000000000005f26                memcmp
 .text.avr-libc
                0x0000000000005f40       0x12 /usr/lib/gcc/avr/5.4.0/../../../avr/lib/avr5/libc.a(memcpy.o)
                0x0000000000005f40                memcpy
                0x0000000000005f52                . = ALIGN (0x2)
 *(.fini9)
 .fini9         0x0000000000005f52        0x0 /usr/lib/gcc/avr/5.4.0/avr5/libgcc.a(_exit.o)
                0x0000000000005f52                exit
                0x0000000000005f52                _exit
 *(.fini9)
 *(.fini8)
 *(.fini8)
 *(.fini7)
 *(.fini7)
 *(.fini6)
 *(.fini6)
 *(.fini5)
 *(.fini5)
 *(.fini4)
 *(.fini4)
 *(.fini3)
 *(.fini3)
 *(.fini2)
 *(.fini2)
 *(.fini1)
 *(.fini1)
 *(.fini0)
 .fini0         0x0000000000005f52        0x4 /usr/lib/gcc/avr/5.4.0/avr5/libgcc.a(_exit.o)
 *(.fini0)
                0x0000000000005f56                _etext = .

.data           0x0000000000800100       0xc0 load address 0x0000000000005f56
                0x0000000000800100                PROVIDE (__data_start, .)
 *(.data)
 *(.data*)
 .data.isLeftHand
                0x0000000000800100        0x1 /tmp/cczBgfFX.ltrans1.ltrans.o
 .data.lufa_driver
                0x0000000000800101        0xc /tmp/cczBgfFX.ltrans1.ltrans.o
 .data.periods  0x000000000080010d        0x1 /tmp/cczBgfFX.ltrans1.ltrans.o
 .data.encoders_pad_b
                0x000000000080010e        0x1 /tmp/cczBgfFX.ltrans1.ltrans.o
 .data.encoders_pad_a
                0x000000000080010f        0x1 /tmp/cczBgfFX.ltrans1.ltrans.o
 .data.oled_brightness
                0x0000000000800110        0x1 /tmp/cczBgfFX.ltrans1.ltrans.o
 .data.wpm_text
                0x0000000000800111        0x8 /tmp/cczBgfFX.ltrans1.ltrans.o
 .data.y        0x0000000000800119        0x2 /tmp/cczBgfFX.ltrans1.ltrans.o
 .data.display_start.2224
                0x000000000080011b        0x7 /tmp/cczBgfFX.ltrans1.ltrans.o
 .data.keyboard_protocol
                0x0000000000800122        0x1 /tmp/cczBgfFX.ltrans2.ltrans.o
                0x0000000000800122                keyboard_protocol
 .data.split_transaction_table
                0x0000000000800123       0x38 /tmp/cczBgfFX.ltrans2.ltrans.o
                0x0000000000800123                split_transaction_table
 *(.gnu.linkonce.d*)
 *(.rodata)
 *(.rodata*)
 .rodata.row_pins.lto_priv.48
                0x000000000080015b        0x5 /tmp/cczBgfFX.ltrans1.ltrans.o
                0x000000000080015b                row_pins.lto_priv.48
 .rodata.col_pins.lto_priv.47
                0x0000000000800160        0x6 /tmp/cczBgfFX.ltrans1.ltrans.o
                0x0000000000800160                col_pins.lto_priv.47
 .rodata.encoder_LUT
                0x0000000000800166       0x10 /tmp/cczBgfFX.ltrans1.ltrans.o
 .rodata.source_map.2225
                0x0000000000800176        0x4 /tmp/cczBgfFX.ltrans1.ltrans.o
 .rodata.target_map.2226
                0x000000000080017a        0x4 /tmp/cczBgfFX.ltrans1.ltrans.o
 .rodata.split_shmem
                0x000000000080017e        0x2 /tmp/cczBgfFX.ltrans2.ltrans.o
                0x000000000080017e                split_shmem
 .rodata.CSWTCH.3
                0x0000000000800180        0x3 /tmp/cczBgfFX.ltrans2.ltrans.o
 .rodata.CSWTCH.2
                0x0000000000800183        0x6 /tmp/cczBgfFX.ltrans2.ltrans.o
 .rodata.CSWTCH.1
                0x0000000000800189        0x6 /tmp/cczBgfFX.ltrans2.ltrans.o
 .rodata.CSWTCH.22.lto_priv.51
                0x000000000080018f        0x3 /tmp/cczBgfFX.ltrans3.ltrans.o
                0x000000000080018f                CSWTCH.22.lto_priv.51
 .rodata.CSWTCH.24.lto_priv.50
                0x0000000000800192       0x2e /tmp/cczBgfFX.ltrans3.ltrans.o
                0x0000000000800192                CSWTCH.24.lto_priv.50
 *(.gnu.linkonce.r*)
                0x00000000008001c0                . = ALIGN (0x2)
                0x00000000008001c0                _edata = .
                0x00000000008001c0                PROVIDE (__data_end, .)

.bss            0x00000000008001c0      0x376
                0x00000000008001c0                PROVIDE (__bss_start, .)
 *(.bss)
 .bss           0x00000000008001c0        0x2 .build/obj_sofle_rev1_via/platforms/avr/xprintf.o
                0x00000000008001c0                xfunc_out
 *(.bss*)
 .bss.swap_state.2908
                0x00000000008001c2        0xa /tmp/cczBgfFX.ltrans0.ltrans.o
 .bss.grave_esc_was_shifted
                0x00000000008001cc        0x1 /tmp/cczBgfFX.ltrans0.ltrans.o
 .bss.swap_hands_oneshot
                0x00000000008001cd        0x1 /tmp/cczBgfFX.ltrans0.ltrans.o
 .bss.sync_timer_ms
                0x00000000008001ce        0x4 /tmp/cczBgfFX.ltrans1.ltrans.o
                0x00000000008001ce                sync_timer_ms
 .bss.raw_matrix
                0x00000000008001d2        0xa /tmp/cczBgfFX.ltrans1.ltrans.o
                0x00000000008001d2                raw_matrix
 .bss.thatHand  0x00000000008001dc        0x1 /tmp/cczBgfFX.ltrans1.ltrans.o
                0x00000000008001dc                thatHand
 .bss.thisHand  0x00000000008001dd        0x1 /tmp/cczBgfFX.ltrans1.ltrans.o
                0x00000000008001dd                thisHand
 .bss.keymap_config
                0x00000000008001de        0x2 /tmp/cczBgfFX.ltrans1.ltrans.o
                0x00000000008001de                keymap_config
 .bss.thatHand.lto_priv.35
                0x00000000008001e0        0x1 /tmp/cczBgfFX.ltrans1.ltrans.o
                0x00000000008001e0                thatHand.lto_priv.35
 .bss.debug_config
                0x00000000008001e1        0x1 /tmp/cczBgfFX.ltrans1.ltrans.o
 .bss.matrix_prev.4150
                0x00000000008001e2        0xa /tmp/cczBgfFX.ltrans1.ltrans.o
 .bss.next_wpm  0x00000000008001ec        0x1 /tmp/cczBgfFX.ltrans1.ltrans.o
 .bss.prev_wpm  0x00000000008001ed        0x1 /tmp/cczBgfFX.ltrans1.ltrans.o
 .bss.smoothing_timer
                0x00000000008001ee        0x4 /tmp/cczBgfFX.ltrans1.ltrans.o
 .bss.current_period.lto_priv.57
                0x00000000008001f2        0x1 /tmp/cczBgfFX.ltrans1.ltrans.o
                0x00000000008001f2                current_period.lto_priv.57
 .bss.wpm_timer
                0x00000000008001f3        0x4 /tmp/cczBgfFX.ltrans1.ltrans.o
 .bss.period_presses.lto_priv.58
                0x00000000008001f7       0x32 /tmp/cczBgfFX.ltrans1.ltrans.o
                0x00000000008001f7                period_presses.lto_priv.58
 .bss.encoder_value.lto_priv.46
                0x0000000000800229        0x2 /tmp/cczBgfFX.ltrans1.ltrans.o
                0x0000000000800229                encoder_value.lto_priv.46
 .bss.encoder_pulses
                0x000000000080022b        0x1 /tmp/cczBgfFX.ltrans1.ltrans.o
 .bss.thisHand.lto_priv.32
                0x000000000080022c        0x1 /tmp/cczBgfFX.ltrans1.ltrans.o
                0x000000000080022c                thisHand.lto_priv.32
 .bss.encoder_state
                0x000000000080022d        0x1 /tmp/cczBgfFX.ltrans1.ltrans.o
 .bss.current_wpm.lto_priv.44
                0x000000000080022e        0x1 /tmp/cczBgfFX.ltrans1.ltrans.o
                0x000000000080022e                current_wpm.lto_priv.44
 .bss.oldwpm    0x000000000080022f        0x1 /tmp/cczBgfFX.ltrans1.ltrans.o
 .bss.currwpm   0x0000000000800230        0x1 /tmp/cczBgfFX.ltrans1.ltrans.o
 .bss.timer     0x0000000000800231        0x2 /tmp/cczBgfFX.ltrans1.ltrans.o
 .bss.temp_buffer.2227
                0x0000000000800233       0x20 /tmp/cczBgfFX.ltrans1.ltrans.o
 .bss.oled_rotation
                0x0000000000800253        0x1 /tmp/cczBgfFX.ltrans1.ltrans.o
 .bss.oled_scrolling
                0x0000000000800254        0x1 /tmp/cczBgfFX.ltrans1.ltrans.o
 .bss.oled_update_timeout
                0x0000000000800255        0x2 /tmp/cczBgfFX.ltrans1.ltrans.o
 .bss.last_led_status.2278
                0x0000000000800257        0x1 /tmp/cczBgfFX.ltrans1.ltrans.o
 .bss.matrix    0x0000000000800258        0xa /tmp/cczBgfFX.ltrans1.ltrans.o
                0x0000000000800258                matrix
 .bss.USB_IsInitialized
                0x0000000000800262        0x1 /tmp/cczBgfFX.ltrans2.ltrans.o
 .bss.keyboard_idle
                0x0000000000800263        0x1 /tmp/cczBgfFX.ltrans2.ltrans.o
 .bss.keyboard_led_state.lto_priv.31
                0x0000000000800264        0x1 /tmp/cczBgfFX.ltrans2.ltrans.o
                0x0000000000800264                keyboard_led_state.lto_priv.31
 .bss.keyboard_report_sent.lto_priv.30
                0x0000000000800265        0x8 /tmp/cczBgfFX.ltrans2.ltrans.o
                0x0000000000800265                keyboard_report_sent.lto_priv.30
 .bss.USB_Device_CurrentlySelfPowered
                0x000000000080026d        0x1 /tmp/cczBgfFX.ltrans2.ltrans.o
 .bss.USB_Device_RemoteWakeupEnabled
                0x000000000080026e        0x1 /tmp/cczBgfFX.ltrans2.ltrans.o
                0x000000000080026e                USB_Device_RemoteWakeupEnabled
 .bss.USB_DeviceState
                0x000000000080026f        0x1 /tmp/cczBgfFX.ltrans2.ltrans.o
                0x000000000080026f                USB_DeviceState
 .bss.USB_Device_ConfigurationNumber
                0x0000000000800270        0x1 /tmp/cczBgfFX.ltrans2.ltrans.o
 .bss.USB_ControlRequest
                0x0000000000800271        0x8 /tmp/cczBgfFX.ltrans2.ltrans.o
                0x0000000000800271                USB_ControlRequest
 .bss.shared_memory.lto_priv.45
                0x0000000000800279        0xe /tmp/cczBgfFX.ltrans2.ltrans.o
                0x0000000000800279                shared_memory.lto_priv.45
 .bss.layer_state
                0x0000000000800287        0x1 /tmp/cczBgfFX.ltrans2.ltrans.o
                0x0000000000800287                layer_state
 .bss.oled_rotation_width
                0x0000000000800288        0x1 /tmp/cczBgfFX.ltrans2.ltrans.o
                0x0000000000800288                oled_rotation_width
 .bss.oled_dirty
                0x0000000000800289        0x2 /tmp/cczBgfFX.ltrans2.ltrans.o
                0x0000000000800289                oled_dirty
 .bss.oled_buffer
                0x000000000080028b      0x200 /tmp/cczBgfFX.ltrans2.ltrans.o
                0x000000000080028b                oled_buffer
 .bss.oled_temp_buffer.2254
                0x000000000080048b        0x6 /tmp/cczBgfFX.ltrans2.ltrans.o
 .bss.oled_cursor
                0x0000000000800491        0x2 /tmp/cczBgfFX.ltrans2.ltrans.o
                0x0000000000800491                oled_cursor
 .bss.debouncing_time
                0x0000000000800493        0x2 /tmp/cczBgfFX.ltrans3.ltrans.o
 .bss.debouncing
                0x0000000000800495        0x1 /tmp/cczBgfFX.ltrans3.ltrans.o
 .bss.connection_check_timer.4127
                0x0000000000800496        0x2 /tmp/cczBgfFX.ltrans3.ltrans.o
 .bss.last_sync_timer.4356
                0x0000000000800498        0x4 /tmp/cczBgfFX.ltrans3.ltrans.o
 .bss.last_connected.4310
                0x000000000080049c        0x1 /tmp/cczBgfFX.ltrans3.ltrans.o
 .bss.usbstate.4113
                0x000000000080049d        0x1 /tmp/cczBgfFX.ltrans3.ltrans.o
 .bss.last_matrix.4324
                0x000000000080049e        0x5 /tmp/cczBgfFX.ltrans3.ltrans.o
 .bss.last_update.4323
                0x00000000008004a3        0x4 /tmp/cczBgfFX.ltrans3.ltrans.o
 .bss.last_update.4335
                0x00000000008004a7        0x4 /tmp/cczBgfFX.ltrans3.ltrans.o
 .bss.last_update.4349
                0x00000000008004ab        0x4 /tmp/cczBgfFX.ltrans3.ltrans.o
 .bss.last_update.4361
                0x00000000008004af        0x4 /tmp/cczBgfFX.ltrans3.ltrans.o
 .bss.last_update.4371
                0x00000000008004b3        0x4 /tmp/cczBgfFX.ltrans3.ltrans.o
 .bss.connection_errors
                0x00000000008004b7        0x1 /tmp/cczBgfFX.ltrans3.ltrans.o
 .bss.__compound_literal.0.lto_priv.63
                0x00000000008004b8        0x8 /tmp/cczBgfFX.ltrans4.ltrans.o
                0x00000000008004b8                __compound_literal.0.lto_priv.63
 .bss.source_layers_cache
                0x00000000008004c0       0x18 /tmp/cczBgfFX.ltrans4.ltrans.o
 .bss.swap_held
                0x00000000008004d8        0x1 /tmp/cczBgfFX.ltrans4.ltrans.o
                0x00000000008004d8                swap_held
 .bss.swap_hands
                0x00000000008004d9        0x1 /tmp/cczBgfFX.ltrans4.ltrans.o
                0x00000000008004d9                swap_hands
 .bss.tapping_key.lto_priv.59
                0x00000000008004da        0x6 /tmp/cczBgfFX.ltrans4.ltrans.o
                0x00000000008004da                tapping_key.lto_priv.59
 .bss.waiting_buffer_head.lto_priv.62
                0x00000000008004e0        0x1 /tmp/cczBgfFX.ltrans4.ltrans.o
                0x00000000008004e0                waiting_buffer_head.lto_priv.62
 .bss.waiting_buffer.lto_priv.60
                0x00000000008004e1       0x30 /tmp/cczBgfFX.ltrans4.ltrans.o
                0x00000000008004e1                waiting_buffer.lto_priv.60
 .bss.waiting_buffer_tail.lto_priv.61
                0x0000000000800511        0x1 /tmp/cczBgfFX.ltrans4.ltrans.o
                0x0000000000800511                waiting_buffer_tail.lto_priv.61
 .bss.oneshot_layer_data.lto_priv.53
                0x0000000000800512        0x1 /tmp/cczBgfFX.ltrans4.ltrans.o
                0x0000000000800512                oneshot_layer_data.lto_priv.53
 .bss.last_report.2939
                0x0000000000800513        0x8 /tmp/cczBgfFX.ltrans4.ltrans.o
 .bss.weak_mods.lto_priv.55
                0x000000000080051b        0x1 /tmp/cczBgfFX.ltrans4.ltrans.o
                0x000000000080051b                weak_mods.lto_priv.55
 .bss.real_mods.lto_priv.52
                0x000000000080051c        0x1 /tmp/cczBgfFX.ltrans4.ltrans.o
                0x000000000080051c                real_mods.lto_priv.52
 .bss.oneshot_mods.lto_priv.54
                0x000000000080051d        0x1 /tmp/cczBgfFX.ltrans4.ltrans.o
                0x000000000080051d                oneshot_mods.lto_priv.54
 .bss.default_layer_state
                0x000000000080051e        0x1 /tmp/cczBgfFX.ltrans4.ltrans.o
                0x000000000080051e                default_layer_state
 .bss.oled_timeout
                0x000000000080051f        0x4 /tmp/cczBgfFX.ltrans5.ltrans.o
                0x000000000080051f                oled_timeout
 .bss.oled_active
                0x0000000000800523        0x1 /tmp/cczBgfFX.ltrans5.ltrans.o
                0x0000000000800523                oled_active
 .bss.oled_initialized
                0x0000000000800524        0x1 /tmp/cczBgfFX.ltrans5.ltrans.o
                0x0000000000800524                oled_initialized
 .bss.sc_timer  0x0000000000800525        0x2 /tmp/cczBgfFX.ltrans5.ltrans.o
 .bss.sc_last.lto_priv.56
                0x0000000000800527        0x1 /tmp/cczBgfFX.ltrans5.ltrans.o
                0x0000000000800527                sc_last.lto_priv.56
 .bss.last_system_report
                0x0000000000800528        0x2 /tmp/cczBgfFX.ltrans5.ltrans.o
 .bss.driver.lto_priv.34
                0x000000000080052a        0x2 /tmp/cczBgfFX.ltrans5.ltrans.o
                0x000000000080052a                driver.lto_priv.34
 .bss.last_consumer_report
                0x000000000080052c        0x2 /tmp/cczBgfFX.ltrans5.ltrans.o
 .bss.wdt_timeout.lto_priv.33
                0x000000000080052e        0x1 /tmp/cczBgfFX.ltrans5.ltrans.o
                0x000000000080052e                wdt_timeout.lto_priv.33
 .bss.timer_count
                0x000000000080052f        0x4 /tmp/cczBgfFX.ltrans5.ltrans.o
 .bss.r.6731    0x0000000000800533        0x3 /tmp/cczBgfFX.ltrans5.ltrans.o
 *(COMMON)
                0x0000000000800536                PROVIDE (__bss_end, .)
                0x0000000000005f56                __data_load_start = LOADADDR (.data)
                0x0000000000006016                __data_load_end = (__data_load_start + SIZEOF (.data))

.noinit         0x0000000000800536        0x0
                [!provide]                        PROVIDE (__noinit_start, .)
 *(.noinit*)
                [!provide]                        PROVIDE (__noinit_end, .)
                0x0000000000800536                _end = .
                [!provide]                        PROVIDE (__heap_start, .)

.eeprom         0x0000000000810000        0x0
 *(.eeprom*)
                0x0000000000810000                __eeprom_end = .

.fuse
 *(.fuse)
 *(.lfuse)
 *(.hfuse)
 *(.efuse)

.lock
 *(.lock*)

.signature
 *(.signature*)

.user_signatures
 *(.user_signatures*)

.stab
 *(.stab)

.stabstr
 *(.stabstr)

.stab.excl
 *(.stab.excl)

.stab.exclstr
 *(.stab.exclstr)

.stab.index
 *(.stab.index)

.stab.indexstr
 *(.stab.indexstr)

.comment        0x0000000000000000       0x11
 *(.comment)
 .comment       0x0000000000000000       0x12 /tmp/cczBgfFX.ltrans0.ltrans.o
 .comment       0x0000000000000000       0x12 /tmp/cczBgfFX.ltrans1.ltrans.o
 .comment       0x0000000000000000       0x12 /tmp/cczBgfFX.ltrans2.ltrans.o
 .comment       0x0000000000000000       0x12 /tmp/cczBgfFX.ltrans3.ltrans.o
 .comment       0x0000000000000000       0x12 /tmp/cczBgfFX.ltrans4.ltrans.o
 .comment       0x0000000000000000       0x12 /tmp/cczBgfFX.ltrans5.ltrans.o
 .comment       0x0000000000000000       0x11 .build/obj_sofle_rev1_via/i2c_master.a(i2c_master.o)
                                         0x12 (size before relaxing)
 .comment       0x0000000000000011       0x12 .build/obj_sofle_rev1_via/serial.a(serial.o)

.note.gnu.avr.deviceinfo
                0x0000000000000000       0x40
 .note.gnu.avr.deviceinfo
                0x0000000000000000       0x40 /usr/lib/gcc/avr/5.4.0/../../../avr/lib/avr5/crtatmega32u4.o

.note.gnu.build-id
 *(.note.gnu.build-id)

.debug
 *(.debug)

.line
 *(.line)

.debug_srcinfo
 *(.debug_srcinfo)

.debug_sfnames
 *(.debug_sfnames)

.debug_aranges  0x0000000000000000      0x460
 *(.debug_aranges)
 .debug_aranges
                0x0000000000000000       0x48 /tmp/cczBgfFX.ltrans0.ltrans.o
 .debug_aranges
                0x0000000000000048       0x20 /tmp/cczBgfFX.ltrans1.ltrans.o
 .debug_aranges
                0x0000000000000068       0x88 /tmp/cczBgfFX.ltrans2.ltrans.o
 .debug_aranges
                0x00000000000000f0       0x90 /tmp/cczBgfFX.ltrans3.ltrans.o
 .debug_aranges
                0x0000000000000180       0xd8 /tmp/cczBgfFX.ltrans4.ltrans.o
 .debug_aranges
                0x0000000000000258      0x128 /tmp/cczBgfFX.ltrans5.ltrans.o
 .debug_aranges
                0x0000000000000380       0x78 .build/obj_sofle_rev1_via/i2c_master.a(i2c_master.o)
 .debug_aranges
                0x00000000000003f8       0x68 .build/obj_sofle_rev1_via/serial.a(serial.o)

.debug_pubnames
 *(.debug_pubnames)

.debug_info     0x0000000000000000     0xe483
 *(.debug_info .gnu.linkonce.wi.*)
 .debug_info    0x0000000000000000      0x9f4 /usr/lib/gcc/avr/5.4.0/../../../avr/lib/avr5/crtatmega32u4.o
 .debug_info    0x00000000000009f4     0x2129 /tmp/cczBgfFX.ltrans0.ltrans.o
 .debug_info    0x0000000000002b1d     0x2d18 /tmp/cczBgfFX.ltrans1.ltrans.o
 .debug_info    0x0000000000005835     0x2b3a /tmp/cczBgfFX.ltrans2.ltrans.o
 .debug_info    0x000000000000836f     0x1dd2 /tmp/cczBgfFX.ltrans3.ltrans.o
 .debug_info    0x000000000000a141     0x1542 /tmp/cczBgfFX.ltrans4.ltrans.o
 .debug_info    0x000000000000b683     0x16f3 /tmp/cczBgfFX.ltrans5.ltrans.o
 .debug_info    0x000000000000cd76      0x949 .build/obj_sofle_rev1_via/i2c_master.a(i2c_master.o)
 .debug_info    0x000000000000d6bf      0xdc4 .build/obj_sofle_rev1_via/serial.a(serial.o)

.debug_abbrev   0x0000000000000000     0x2b5d
 *(.debug_abbrev)
 .debug_abbrev  0x0000000000000000      0x96a /usr/lib/gcc/avr/5.4.0/../../../avr/lib/avr5/crtatmega32u4.o
 .debug_abbrev  0x000000000000096a      0x46b /tmp/cczBgfFX.ltrans0.ltrans.o
 .debug_abbrev  0x0000000000000dd5      0x401 /tmp/cczBgfFX.ltrans1.ltrans.o
 .debug_abbrev  0x00000000000011d6      0x4a8 /tmp/cczBgfFX.ltrans2.ltrans.o
 .debug_abbrev  0x000000000000167e      0x504 /tmp/cczBgfFX.ltrans3.ltrans.o
 .debug_abbrev  0x0000000000001b82      0x552 /tmp/cczBgfFX.ltrans4.ltrans.o
 .debug_abbrev  0x00000000000020d4      0x555 /tmp/cczBgfFX.ltrans5.ltrans.o
 .debug_abbrev  0x0000000000002629      0x1f8 .build/obj_sofle_rev1_via/i2c_master.a(i2c_master.o)
 .debug_abbrev  0x0000000000002821      0x33c .build/obj_sofle_rev1_via/serial.a(serial.o)

.debug_line     0x0000000000000000     0x5677
 *(.debug_line .debug_line.* .debug_line_end)
 .debug_line    0x0000000000000000       0x1a /usr/lib/gcc/avr/5.4.0/../../../avr/lib/avr5/crtatmega32u4.o
 .debug_line    0x000000000000001a      0xd39 /tmp/cczBgfFX.ltrans0.ltrans.o
 .debug_line    0x0000000000000d53      0xeb3 /tmp/cczBgfFX.ltrans1.ltrans.o
 .debug_line    0x0000000000001c06     0x1140 /tmp/cczBgfFX.ltrans2.ltrans.o
 .debug_line    0x0000000000002d46      0xb19 /tmp/cczBgfFX.ltrans3.ltrans.o
 .debug_line    0x000000000000385f      0x809 /tmp/cczBgfFX.ltrans4.ltrans.o
 .debug_line    0x0000000000004068      0xbf6 /tmp/cczBgfFX.ltrans5.ltrans.o
 .debug_line    0x0000000000004c5e      0x4e1 .build/obj_sofle_rev1_via/i2c_master.a(i2c_master.o)
 .debug_line    0x000000000000513f      0x538 .build/obj_sofle_rev1_via/serial.a(serial.o)

.debug_frame    0x0000000000000000      0xec8
 *(.debug_frame)
 .debug_frame   0x0000000000000000       0xfc /tmp/cczBgfFX.ltrans0.ltrans.o
 .debug_frame   0x00000000000000fc       0x34 /tmp/cczBgfFX.ltrans1.ltrans.o
 .debug_frame   0x0000000000000130      0x244 /tmp/cczBgfFX.ltrans2.ltrans.o
 .debug_frame   0x0000000000000374      0x27c /tmp/cczBgfFX.ltrans3.ltrans.o
 .debug_frame   0x00000000000005f0      0x230 /tmp/cczBgfFX.ltrans4.ltrans.o
 .debug_frame   0x0000000000000820      0x300 /tmp/cczBgfFX.ltrans5.ltrans.o
 .debug_frame   0x0000000000000b20      0x240 .build/obj_sofle_rev1_via/i2c_master.a(i2c_master.o)
 .debug_frame   0x0000000000000d60      0x168 .build/obj_sofle_rev1_via/serial.a(serial.o)

.debug_str      0x0000000000000000     0x41a8
 *(.debug_str)
 .debug_str     0x0000000000000000      0x371 /usr/lib/gcc/avr/5.4.0/../../../avr/lib/avr5/crtatmega32u4.o
 .debug_str     0x0000000000000371      0x8c0 /tmp/cczBgfFX.ltrans0.ltrans.o
                                        0xa7c (size before relaxing)
 .debug_str     0x0000000000000c31      0xf8c /tmp/cczBgfFX.ltrans1.ltrans.o
                                       0x1337 (size before relaxing)
 .debug_str     0x0000000000001bbd      0xfba /tmp/cczBgfFX.ltrans2.ltrans.o
                                       0x16d6 (size before relaxing)
 .debug_str     0x0000000000002b77      0x5ff /tmp/cczBgfFX.ltrans3.ltrans.o
                                        0xb95 (size before relaxing)
 .debug_str     0x0000000000003176      0x524 /tmp/cczBgfFX.ltrans4.ltrans.o
                                        0x9ad (size before relaxing)
 .debug_str     0x000000000000369a      0x47e /tmp/cczBgfFX.ltrans5.ltrans.o
                                        0x9e5 (size before relaxing)
 .debug_str     0x0000000000003b18      0x26c .build/obj_sofle_rev1_via/i2c_master.a(i2c_master.o)
                                        0x2cb (size before relaxing)
 .debug_str     0x0000000000003d84      0x424 .build/obj_sofle_rev1_via/serial.a(serial.o)
                                        0x664 (size before relaxing)

.debug_loc      0x0000000000000000     0x864d
 *(.debug_loc)
 .debug_loc     0x0000000000000000     0x1387 /tmp/cczBgfFX.ltrans0.ltrans.o
 .debug_loc     0x0000000000001387     0x10c2 /tmp/cczBgfFX.ltrans1.ltrans.o
 .debug_loc     0x0000000000002449     0x1789 /tmp/cczBgfFX.ltrans2.ltrans.o
 .debug_loc     0x0000000000003bd2     0x16a1 /tmp/cczBgfFX.ltrans3.ltrans.o
 .debug_loc     0x0000000000005273      0xae8 /tmp/cczBgfFX.ltrans4.ltrans.o
 .debug_loc     0x0000000000005d5b      0xf5c /tmp/cczBgfFX.ltrans5.ltrans.o
 .debug_loc     0x0000000000006cb7     0x100d .build/obj_sofle_rev1_via/i2c_master.a(i2c_master.o)
 .debug_loc     0x0000000000007cc4      0x989 .build/obj_sofle_rev1_via/serial.a(serial.o)

.debug_macinfo
 *(.debug_macinfo)

.debug_weaknames
 *(.debug_weaknames)

.debug_funcnames
 *(.debug_funcnames)

.debug_typenames
 *(.debug_typenames)

.debug_varnames
 *(.debug_varnames)

.debug_pubtypes
 *(.debug_pubtypes)

.debug_ranges   0x0000000000000000      0xfb8
 *(.debug_ranges)
 .debug_ranges  0x0000000000000000      0x2c8 /tmp/cczBgfFX.ltrans0.ltrans.o
 .debug_ranges  0x00000000000002c8      0x578 /tmp/cczBgfFX.ltrans1.ltrans.o
 .debug_ranges  0x0000000000000840      0x208 /tmp/cczBgfFX.ltrans2.ltrans.o
 .debug_ranges  0x0000000000000a48      0x1e0 /tmp/cczBgfFX.ltrans3.ltrans.o
 .debug_ranges  0x0000000000000c28      0x150 /tmp/cczBgfFX.ltrans4.ltrans.o
 .debug_ranges  0x0000000000000d78      0x150 /tmp/cczBgfFX.ltrans5.ltrans.o
 .debug_ranges  0x0000000000000ec8       0x98 .build/obj_sofle_rev1_via/i2c_master.a(i2c_master.o)
 .debug_ranges  0x0000000000000f60       0x58 .build/obj_sofle_rev1_via/serial.a(serial.o)

.debug_macro
 *(.debug_macro)
OUTPUT(.build/sofle_rev1_via.elf elf32-avr)
LOAD linker stubs

Cross Reference Table

Symbol                                            File
CALLBACK_HIDParser_FilterHIDReportItem            .build/obj_sofle_rev1_via/lib/lufa/LUFA/Drivers/USB/Class/Common/HIDParser.o (symbol from plugin)
CALLBACK_USB_GetDescriptor                        .build/obj_sofle_rev1_via/lufa.o (symbol from plugin)
                                                  .build/obj_sofle_rev1_via/lib/lufa/LUFA/Drivers/USB/Core/DeviceStandardReq.o (symbol from plugin)
CSWTCH.22.lto_priv.51                             /tmp/cczBgfFX.ltrans3.ltrans.o
                                                  /tmp/cczBgfFX.ltrans0.ltrans.o
CSWTCH.24.lto_priv.50                             /tmp/cczBgfFX.ltrans3.ltrans.o
                                                  /tmp/cczBgfFX.ltrans0.ltrans.o
ConfigurationDescriptor                           .build/obj_sofle_rev1_via/usb_descriptor.o (symbol from plugin)
DeviceDescriptor                                  .build/obj_sofle_rev1_via/usb_descriptor.o (symbol from plugin)
EVENT_USB_Device_ConfigurationChanged             .build/obj_sofle_rev1_via/lufa.o (symbol from plugin)
                                                  .build/obj_sofle_rev1_via/lib/lufa/LUFA/Drivers/USB/Core/DeviceStandardReq.o (symbol from plugin)
EVENT_USB_Device_Connect                          .build/obj_sofle_rev1_via/lufa.o (symbol from plugin)
                                                  .build/obj_sofle_rev1_via/lib/lufa/LUFA/Drivers/USB/Core/AVR8/USBInterrupt_AVR8.o (symbol from plugin)
EVENT_USB_Device_ControlRequest                   .build/obj_sofle_rev1_via/lufa.o (symbol from plugin)
                                                  .build/obj_sofle_rev1_via/lib/lufa/LUFA/Drivers/USB/Core/DeviceStandardReq.o (symbol from plugin)
EVENT_USB_Device_Disconnect                       .build/obj_sofle_rev1_via/lufa.o (symbol from plugin)
                                                  .build/obj_sofle_rev1_via/lib/lufa/LUFA/Drivers/USB/Core/AVR8/USBInterrupt_AVR8.o (symbol from plugin)
EVENT_USB_Device_Reset                            .build/obj_sofle_rev1_via/lufa.o (symbol from plugin)
                                                  .build/obj_sofle_rev1_via/lib/lufa/LUFA/Drivers/USB/Core/AVR8/USBInterrupt_AVR8.o (symbol from plugin)
EVENT_USB_Device_StartOfFrame                     .build/obj_sofle_rev1_via/lib/lufa/LUFA/Drivers/USB/Core/Events.o (symbol from plugin)
                                                  .build/obj_sofle_rev1_via/lib/lufa/LUFA/Drivers/USB/Core/AVR8/USBInterrupt_AVR8.o (symbol from plugin)
EVENT_USB_Device_Suspend                          .build/obj_sofle_rev1_via/lufa.o (symbol from plugin)
                                                  .build/obj_sofle_rev1_via/lib/lufa/LUFA/Drivers/USB/Core/AVR8/USBInterrupt_AVR8.o (symbol from plugin)
EVENT_USB_Device_WakeUp                           .build/obj_sofle_rev1_via/lufa.o (symbol from plugin)
                                                  .build/obj_sofle_rev1_via/lib/lufa/LUFA/Drivers/USB/Core/AVR8/USBInterrupt_AVR8.o (symbol from plugin)
Endpoint_ClearEndpoints                           .build/obj_sofle_rev1_via/lib/lufa/LUFA/Drivers/USB/Core/AVR8/Endpoint_AVR8.o (symbol from plugin)
Endpoint_ClearStatusStage                         /tmp/cczBgfFX.ltrans5.ltrans.o
                                                  .build/obj_sofle_rev1_via/lib/lufa/LUFA/Drivers/USB/Core/AVR8/Endpoint_AVR8.o (symbol from plugin)
                                                  /tmp/cczBgfFX.ltrans2.ltrans.o
                                                  .build/obj_sofle_rev1_via/lib/lufa/LUFA/Drivers/USB/Core/DeviceStandardReq.o (symbol from plugin)
                                                  .build/obj_sofle_rev1_via/lufa.o (symbol from plugin)
Endpoint_ConfigureEndpointTable                   .build/obj_sofle_rev1_via/lib/lufa/LUFA/Drivers/USB/Core/AVR8/Endpoint_AVR8.o (symbol from plugin)
Endpoint_ConfigureEndpoint_Prv                    /tmp/cczBgfFX.ltrans5.ltrans.o
                                                  .build/obj_sofle_rev1_via/lib/lufa/LUFA/Drivers/USB/Core/AVR8/Endpoint_AVR8.o (symbol from plugin)
                                                  /tmp/cczBgfFX.ltrans2.ltrans.o
                                                  .build/obj_sofle_rev1_via/lib/lufa/LUFA/Drivers/USB/Core/AVR8/USBInterrupt_AVR8.o (symbol from plugin)
                                                  .build/obj_sofle_rev1_via/lib/lufa/LUFA/Drivers/USB/Core/AVR8/USBController_AVR8.o (symbol from plugin)
                                                  .build/obj_sofle_rev1_via/lufa.o (symbol from plugin)
Endpoint_Discard_Stream                           .build/obj_sofle_rev1_via/lib/lufa/LUFA/Drivers/USB/Core/AVR8/EndpointStream_AVR8.o (symbol from plugin)
Endpoint_Null_Stream                              .build/obj_sofle_rev1_via/lib/lufa/LUFA/Drivers/USB/Core/AVR8/EndpointStream_AVR8.o (symbol from plugin)
Endpoint_Read_Control_EStream_BE                  .build/obj_sofle_rev1_via/lib/lufa/LUFA/Drivers/USB/Core/AVR8/EndpointStream_AVR8.o (symbol from plugin)
Endpoint_Read_Control_EStream_LE                  .build/obj_sofle_rev1_via/lib/lufa/LUFA/Drivers/USB/Core/AVR8/EndpointStream_AVR8.o (symbol from plugin)
Endpoint_Read_Control_Stream_BE                   .build/obj_sofle_rev1_via/lib/lufa/LUFA/Drivers/USB/Core/AVR8/EndpointStream_AVR8.o (symbol from plugin)
Endpoint_Read_Control_Stream_LE                   .build/obj_sofle_rev1_via/lib/lufa/LUFA/Drivers/USB/Core/AVR8/EndpointStream_AVR8.o (symbol from plugin)
Endpoint_Read_EStream_BE                          .build/obj_sofle_rev1_via/lib/lufa/LUFA/Drivers/USB/Core/AVR8/EndpointStream_AVR8.o (symbol from plugin)
Endpoint_Read_EStream_LE                          .build/obj_sofle_rev1_via/lib/lufa/LUFA/Drivers/USB/Core/AVR8/EndpointStream_AVR8.o (symbol from plugin)
Endpoint_Read_Stream_BE                           .build/obj_sofle_rev1_via/lib/lufa/LUFA/Drivers/USB/Core/AVR8/EndpointStream_AVR8.o (symbol from plugin)
Endpoint_Read_Stream_LE                           .build/obj_sofle_rev1_via/lib/lufa/LUFA/Drivers/USB/Core/AVR8/EndpointStream_AVR8.o (symbol from plugin)
                                                  .build/obj_sofle_rev1_via/lufa.o (symbol from plugin)
Endpoint_WaitUntilReady                           /tmp/cczBgfFX.ltrans2.ltrans.o
                                                  .build/obj_sofle_rev1_via/lib/lufa/LUFA/Drivers/USB/Core/AVR8/Endpoint_AVR8.o (symbol from plugin)
                                                  /tmp/cczBgfFX.ltrans1.ltrans.o
                                                  .build/obj_sofle_rev1_via/lib/lufa/LUFA/Drivers/USB/Core/AVR8/EndpointStream_AVR8.o (symbol from plugin)
Endpoint_Write_Control_EStream_BE                 .build/obj_sofle_rev1_via/lib/lufa/LUFA/Drivers/USB/Core/AVR8/EndpointStream_AVR8.o (symbol from plugin)
Endpoint_Write_Control_EStream_LE                 .build/obj_sofle_rev1_via/lib/lufa/LUFA/Drivers/USB/Core/AVR8/EndpointStream_AVR8.o (symbol from plugin)
Endpoint_Write_Control_PStream_BE                 .build/obj_sofle_rev1_via/lib/lufa/LUFA/Drivers/USB/Core/AVR8/EndpointStream_AVR8.o (symbol from plugin)
Endpoint_Write_Control_PStream_LE                 .build/obj_sofle_rev1_via/lib/lufa/LUFA/Drivers/USB/Core/AVR8/EndpointStream_AVR8.o (symbol from plugin)
                                                  .build/obj_sofle_rev1_via/lib/lufa/LUFA/Drivers/USB/Core/DeviceStandardReq.o (symbol from plugin)
Endpoint_Write_Control_Stream_BE                  .build/obj_sofle_rev1_via/lib/lufa/LUFA/Drivers/USB/Core/AVR8/EndpointStream_AVR8.o (symbol from plugin)
Endpoint_Write_Control_Stream_LE                  /tmp/cczBgfFX.ltrans5.ltrans.o
                                                  .build/obj_sofle_rev1_via/lib/lufa/LUFA/Drivers/USB/Core/AVR8/EndpointStream_AVR8.o (symbol from plugin)
                                                  /tmp/cczBgfFX.ltrans2.ltrans.o
                                                  .build/obj_sofle_rev1_via/lib/lufa/LUFA/Drivers/USB/Core/DeviceStandardReq.o (symbol from plugin)
                                                  .build/obj_sofle_rev1_via/lufa.o (symbol from plugin)
Endpoint_Write_EStream_BE                         .build/obj_sofle_rev1_via/lib/lufa/LUFA/Drivers/USB/Core/AVR8/EndpointStream_AVR8.o (symbol from plugin)
Endpoint_Write_EStream_LE                         .build/obj_sofle_rev1_via/lib/lufa/LUFA/Drivers/USB/Core/AVR8/EndpointStream_AVR8.o (symbol from plugin)
Endpoint_Write_PStream_BE                         .build/obj_sofle_rev1_via/lib/lufa/LUFA/Drivers/USB/Core/AVR8/EndpointStream_AVR8.o (symbol from plugin)
Endpoint_Write_PStream_LE                         .build/obj_sofle_rev1_via/lib/lufa/LUFA/Drivers/USB/Core/AVR8/EndpointStream_AVR8.o (symbol from plugin)
Endpoint_Write_Stream_BE                          .build/obj_sofle_rev1_via/lib/lufa/LUFA/Drivers/USB/Core/AVR8/EndpointStream_AVR8.o (symbol from plugin)
Endpoint_Write_Stream_LE                          .build/obj_sofle_rev1_via/lib/lufa/LUFA/Drivers/USB/Core/AVR8/EndpointStream_AVR8.o (symbol from plugin)
                                                  .build/obj_sofle_rev1_via/lufa.o (symbol from plugin)
Endpoint_Write_Stream_LE.constprop.6              /tmp/cczBgfFX.ltrans2.ltrans.o
                                                  /tmp/cczBgfFX.ltrans5.ltrans.o
                                                  /tmp/cczBgfFX.ltrans1.ltrans.o
KeyboardReport                                    .build/obj_sofle_rev1_via/usb_descriptor.o (symbol from plugin)
LanguageString                                    .build/obj_sofle_rev1_via/usb_descriptor.o (symbol from plugin)
ManufacturerString                                .build/obj_sofle_rev1_via/usb_descriptor.o (symbol from plugin)
ProductString                                     .build/obj_sofle_rev1_via/usb_descriptor.o (symbol from plugin)
RawReport                                         .build/obj_sofle_rev1_via/usb_descriptor.o (symbol from plugin)
SharedReport                                      .build/obj_sofle_rev1_via/usb_descriptor.o (symbol from plugin)
USB_ControlRequest                                /tmp/cczBgfFX.ltrans2.ltrans.o
                                                  .build/obj_sofle_rev1_via/lib/lufa/LUFA/Drivers/USB/Core/USBTask.o (symbol from plugin)
                                                  /tmp/cczBgfFX.ltrans5.ltrans.o
                                                  .build/obj_sofle_rev1_via/lib/lufa/LUFA/Drivers/USB/Core/DeviceStandardReq.o (symbol from plugin)
                                                  .build/obj_sofle_rev1_via/lib/lufa/LUFA/Drivers/USB/Core/AVR8/Endpoint_AVR8.o (symbol from plugin)
                                                  .build/obj_sofle_rev1_via/lib/lufa/LUFA/Drivers/USB/Core/AVR8/EndpointStream_AVR8.o (symbol from plugin)
                                                  .build/obj_sofle_rev1_via/lufa.o (symbol from plugin)
USB_DeviceState                                   /tmp/cczBgfFX.ltrans2.ltrans.o
                                                  .build/obj_sofle_rev1_via/lib/lufa/LUFA/Drivers/USB/Core/USBTask.o (symbol from plugin)
                                                  /tmp/cczBgfFX.ltrans5.ltrans.o
                                                  /tmp/cczBgfFX.ltrans3.ltrans.o
                                                  /tmp/cczBgfFX.ltrans1.ltrans.o
                                                  .build/obj_sofle_rev1_via/protocol/lufa/usb_util.o (symbol from plugin)
                                                  .build/obj_sofle_rev1_via/lib/lufa/LUFA/Drivers/USB/Core/DeviceStandardReq.o (symbol from plugin)
                                                  .build/obj_sofle_rev1_via/lib/lufa/LUFA/Drivers/USB/Core/AVR8/USBInterrupt_AVR8.o (symbol from plugin)
                                                  .build/obj_sofle_rev1_via/lib/lufa/LUFA/Drivers/USB/Core/AVR8/USBController_AVR8.o (symbol from plugin)
                                                  .build/obj_sofle_rev1_via/lib/lufa/LUFA/Drivers/USB/Core/AVR8/Endpoint_AVR8.o (symbol from plugin)
                                                  .build/obj_sofle_rev1_via/lib/lufa/LUFA/Drivers/USB/Core/AVR8/EndpointStream_AVR8.o (symbol from plugin)
                                                  .build/obj_sofle_rev1_via/lufa.o (symbol from plugin)
                                                  .build/obj_sofle_rev1_via/platforms/avr/suspend.o (symbol from plugin)
USB_Device_ConfigurationNumber                    .build/obj_sofle_rev1_via/lib/lufa/LUFA/Drivers/USB/Core/DeviceStandardReq.o (symbol from plugin)
                                                  .build/obj_sofle_rev1_via/lib/lufa/LUFA/Drivers/USB/Core/AVR8/USBInterrupt_AVR8.o (symbol from plugin)
                                                  .build/obj_sofle_rev1_via/lib/lufa/LUFA/Drivers/USB/Core/AVR8/USBController_AVR8.o (symbol from plugin)
                                                  .build/obj_sofle_rev1_via/lufa.o (symbol from plugin)
USB_Device_CurrentlySelfPowered                   .build/obj_sofle_rev1_via/lib/lufa/LUFA/Drivers/USB/Core/DeviceStandardReq.o (symbol from plugin)
                                                  .build/obj_sofle_rev1_via/lib/lufa/LUFA/Drivers/USB/Core/AVR8/USBController_AVR8.o (symbol from plugin)
USB_Device_ProcessControlRequest                  /tmp/cczBgfFX.ltrans2.ltrans.o
                                                  .build/obj_sofle_rev1_via/lib/lufa/LUFA/Drivers/USB/Core/DeviceStandardReq.o (symbol from plugin)
                                                  /tmp/cczBgfFX.ltrans1.ltrans.o
                                                  .build/obj_sofle_rev1_via/lib/lufa/LUFA/Drivers/USB/Core/USBTask.o (symbol from plugin)
                                                  .build/obj_sofle_rev1_via/lib/lufa/LUFA/Drivers/USB/Core/AVR8/USBInterrupt_AVR8.o (symbol from plugin)
USB_Device_RemoteWakeupEnabled                    /tmp/cczBgfFX.ltrans2.ltrans.o
                                                  .build/obj_sofle_rev1_via/lib/lufa/LUFA/Drivers/USB/Core/DeviceStandardReq.o (symbol from plugin)
                                                  /tmp/cczBgfFX.ltrans1.ltrans.o
                                                  .build/obj_sofle_rev1_via/lib/lufa/LUFA/Drivers/USB/Core/AVR8/USBController_AVR8.o (symbol from plugin)
                                                  .build/obj_sofle_rev1_via/lufa.o (symbol from plugin)
USB_Device_SendRemoteWakeup                       .build/obj_sofle_rev1_via/lib/lufa/LUFA/Drivers/USB/Core/AVR8/Device_AVR8.o (symbol from plugin)
                                                  .build/obj_sofle_rev1_via/lufa.o (symbol from plugin)
USB_Disable                                       /tmp/cczBgfFX.ltrans2.ltrans.o
                                                  .build/obj_sofle_rev1_via/lib/lufa/LUFA/Drivers/USB/Core/AVR8/USBController_AVR8.o (symbol from plugin)
                                                  /tmp/cczBgfFX.ltrans3.ltrans.o
                                                  /tmp/cczBgfFX.ltrans1.ltrans.o
                                                  .build/obj_sofle_rev1_via/protocol/lufa/usb_util.o (symbol from plugin)
                                                  .build/obj_sofle_rev1_via/lufa.o (symbol from plugin)
USB_Event_Stub                                    .build/obj_sofle_rev1_via/lib/lufa/LUFA/Drivers/USB/Core/Events.o (symbol from plugin)
USB_Event_Stub_2                                  .build/obj_sofle_rev1_via/lib/lufa/LUFA/Drivers/USB/Core/Events.o (symbol from plugin)
USB_Event_Stub_3                                  .build/obj_sofle_rev1_via/lib/lufa/LUFA/Drivers/USB/Core/Events.o (symbol from plugin)
USB_GetHIDReportItemInfo                          .build/obj_sofle_rev1_via/lib/lufa/LUFA/Drivers/USB/Class/Common/HIDParser.o (symbol from plugin)
USB_GetHIDReportSize                              .build/obj_sofle_rev1_via/lib/lufa/LUFA/Drivers/USB/Class/Common/HIDParser.o (symbol from plugin)
USB_GetNextDescriptorComp                         .build/obj_sofle_rev1_via/lib/lufa/LUFA/Drivers/USB/Core/ConfigDescriptors.o (symbol from plugin)
USB_GetNextDescriptorOfType                       .build/obj_sofle_rev1_via/lib/lufa/LUFA/Drivers/USB/Core/ConfigDescriptors.o (symbol from plugin)
USB_GetNextDescriptorOfTypeAfter                  .build/obj_sofle_rev1_via/lib/lufa/LUFA/Drivers/USB/Core/ConfigDescriptors.o (symbol from plugin)
USB_GetNextDescriptorOfTypeBefore                 .build/obj_sofle_rev1_via/lib/lufa/LUFA/Drivers/USB/Core/ConfigDescriptors.o (symbol from plugin)
USB_INT_ClearAllInterrupts                        .build/obj_sofle_rev1_via/lib/lufa/LUFA/Drivers/USB/Core/AVR8/USBInterrupt_AVR8.o (symbol from plugin)
                                                  .build/obj_sofle_rev1_via/lib/lufa/LUFA/Drivers/USB/Core/AVR8/USBController_AVR8.o (symbol from plugin)
USB_INT_DisableAllInterrupts                      .build/obj_sofle_rev1_via/lib/lufa/LUFA/Drivers/USB/Core/AVR8/USBInterrupt_AVR8.o (symbol from plugin)
                                                  .build/obj_sofle_rev1_via/lib/lufa/LUFA/Drivers/USB/Core/AVR8/USBController_AVR8.o (symbol from plugin)
USB_Init                                          /tmp/cczBgfFX.ltrans2.ltrans.o
                                                  .build/obj_sofle_rev1_via/lib/lufa/LUFA/Drivers/USB/Core/AVR8/USBController_AVR8.o (symbol from plugin)
                                                  /tmp/cczBgfFX.ltrans1.ltrans.o
                                                  .build/obj_sofle_rev1_via/lufa.o (symbol from plugin)
USB_IsInitialized                                 .build/obj_sofle_rev1_via/lib/lufa/LUFA/Drivers/USB/Core/USBTask.o (symbol from plugin)
                                                  .build/obj_sofle_rev1_via/lib/lufa/LUFA/Drivers/USB/Core/AVR8/USBController_AVR8.o (symbol from plugin)
                                                  .build/obj_sofle_rev1_via/lufa.o (symbol from plugin)
USB_ProcessHIDReport                              .build/obj_sofle_rev1_via/lib/lufa/LUFA/Drivers/USB/Class/Common/HIDParser.o (symbol from plugin)
USB_ResetInterface                                .build/obj_sofle_rev1_via/lib/lufa/LUFA/Drivers/USB/Core/AVR8/USBController_AVR8.o (symbol from plugin)
USB_SetHIDReportItemInfo                          .build/obj_sofle_rev1_via/lib/lufa/LUFA/Drivers/USB/Class/Common/HIDParser.o (symbol from plugin)
USB_USBTask                                       .build/obj_sofle_rev1_via/lib/lufa/LUFA/Drivers/USB/Core/USBTask.o (symbol from plugin)
                                                  .build/obj_sofle_rev1_via/lufa.o (symbol from plugin)
__FUSE_REGION_LENGTH__                            /usr/lib/gcc/avr/5.4.0/../../../avr/lib/avr5/crtatmega32u4.o
__addsf3                                          /usr/lib/gcc/avr/5.4.0/../../../avr/lib/avr5/libm.a(addsf3.o)
                                                  /tmp/cczBgfFX.ltrans1.ltrans.o
__addsf3x                                         /usr/lib/gcc/avr/5.4.0/../../../avr/lib/avr5/libm.a(addsf3x.o)
                                                  /usr/lib/gcc/avr/5.4.0/../../../avr/lib/avr5/libm.a(addsf3.o)
__bad_interrupt                                   /usr/lib/gcc/avr/5.4.0/../../../avr/lib/avr5/crtatmega32u4.o
__bss_end                                         /usr/lib/gcc/avr/5.4.0/avr5/libgcc.a(_clear_bss.o)
__bss_start                                       /usr/lib/gcc/avr/5.4.0/avr5/libgcc.a(_clear_bss.o)
__bswapsi2                                        /usr/lib/gcc/avr/5.4.0/avr5/libgcc.a(_bswapsi2.o)
                                                  /tmp/cczBgfFX.ltrans1.ltrans.o
__compound_literal.0.lto_priv.63                  /tmp/cczBgfFX.ltrans4.ltrans.o
                                                  /tmp/cczBgfFX.ltrans0.ltrans.o
__data_end                                        /usr/lib/gcc/avr/5.4.0/avr5/libgcc.a(_copy_data.o)
__data_load_start                                 /usr/lib/gcc/avr/5.4.0/avr5/libgcc.a(_copy_data.o)
__data_start                                      /usr/lib/gcc/avr/5.4.0/avr5/libgcc.a(_copy_data.o)
__divmodhi4                                       /usr/lib/gcc/avr/5.4.0/avr5/libgcc.a(_divmodhi4.o)
                                                  /tmp/cczBgfFX.ltrans1.ltrans.o
__divmodsi4                                       /usr/lib/gcc/avr/5.4.0/avr5/libgcc.a(_divmodsi4.o)
                                                  /tmp/cczBgfFX.ltrans1.ltrans.o
__divsf3                                          /usr/lib/gcc/avr/5.4.0/../../../avr/lib/avr5/libm.a(divsf3.o)
                                                  /tmp/cczBgfFX.ltrans1.ltrans.o
__divsf3_pse                                      /usr/lib/gcc/avr/5.4.0/../../../avr/lib/avr5/libm.a(divsf3x.o)
__divsf3x                                         /usr/lib/gcc/avr/5.4.0/../../../avr/lib/avr5/libm.a(divsf3x.o)
                                                  /usr/lib/gcc/avr/5.4.0/../../../avr/lib/avr5/libm.a(divsf3.o)
__do_clear_bss                                    /usr/lib/gcc/avr/5.4.0/avr5/libgcc.a(_clear_bss.o)
                                                  /tmp/cczBgfFX.ltrans5.ltrans.o
                                                  /tmp/cczBgfFX.ltrans4.ltrans.o
                                                  /tmp/cczBgfFX.ltrans3.ltrans.o
                                                  /tmp/cczBgfFX.ltrans2.ltrans.o
                                                  /tmp/cczBgfFX.ltrans1.ltrans.o
                                                  /tmp/cczBgfFX.ltrans0.ltrans.o
__do_copy_data                                    /usr/lib/gcc/avr/5.4.0/avr5/libgcc.a(_copy_data.o)
                                                  /tmp/cczBgfFX.ltrans4.ltrans.o
                                                  /tmp/cczBgfFX.ltrans3.ltrans.o
                                                  /tmp/cczBgfFX.ltrans2.ltrans.o
                                                  /tmp/cczBgfFX.ltrans1.ltrans.o
__fixsfsi                                         /usr/lib/gcc/avr/5.4.0/../../../avr/lib/avr5/libm.a(fixsfsi.o)
                                                  /tmp/cczBgfFX.ltrans1.ltrans.o
__fixunssfsi                                      /usr/lib/gcc/avr/5.4.0/../../../avr/lib/avr5/libm.a(fixunssfsi.o)
                                                  /usr/lib/gcc/avr/5.4.0/../../../avr/lib/avr5/libm.a(fixsfsi.o)
                                                  /tmp/cczBgfFX.ltrans1.ltrans.o
__floatsisf                                       /usr/lib/gcc/avr/5.4.0/../../../avr/lib/avr5/libm.a(floatsisf.o)
                                                  /tmp/cczBgfFX.ltrans1.ltrans.o
__floatunsisf                                     /usr/lib/gcc/avr/5.4.0/../../../avr/lib/avr5/libm.a(floatsisf.o)
__fp_cmp                                          /usr/lib/gcc/avr/5.4.0/../../../avr/lib/avr5/libm.a(fp_cmp.o)
                                                  /usr/lib/gcc/avr/5.4.0/../../../avr/lib/avr5/libm.a(gesf2.o)
__fp_inf                                          /usr/lib/gcc/avr/5.4.0/../../../avr/lib/avr5/libm.a(fp_inf.o)
                                                  /usr/lib/gcc/avr/5.4.0/../../../avr/lib/avr5/libm.a(mulsf3x.o)
                                                  /usr/lib/gcc/avr/5.4.0/../../../avr/lib/avr5/libm.a(divsf3x.o)
                                                  /usr/lib/gcc/avr/5.4.0/../../../avr/lib/avr5/libm.a(addsf3x.o)
__fp_nan                                          /usr/lib/gcc/avr/5.4.0/../../../avr/lib/avr5/libm.a(fp_nan.o)
                                                  /usr/lib/gcc/avr/5.4.0/../../../avr/lib/avr5/libm.a(mulsf3x.o)
                                                  /usr/lib/gcc/avr/5.4.0/../../../avr/lib/avr5/libm.a(divsf3x.o)
                                                  /usr/lib/gcc/avr/5.4.0/../../../avr/lib/avr5/libm.a(addsf3x.o)
__fp_pscA                                         /usr/lib/gcc/avr/5.4.0/../../../avr/lib/avr5/libm.a(fp_pscA.o)
                                                  /usr/lib/gcc/avr/5.4.0/../../../avr/lib/avr5/libm.a(mulsf3x.o)
                                                  /usr/lib/gcc/avr/5.4.0/../../../avr/lib/avr5/libm.a(divsf3x.o)
                                                  /usr/lib/gcc/avr/5.4.0/../../../avr/lib/avr5/libm.a(addsf3x.o)
__fp_pscB                                         /usr/lib/gcc/avr/5.4.0/../../../avr/lib/avr5/libm.a(fp_pscB.o)
                                                  /usr/lib/gcc/avr/5.4.0/../../../avr/lib/avr5/libm.a(mulsf3x.o)
                                                  /usr/lib/gcc/avr/5.4.0/../../../avr/lib/avr5/libm.a(divsf3x.o)
                                                  /usr/lib/gcc/avr/5.4.0/../../../avr/lib/avr5/libm.a(addsf3x.o)
__fp_round                                        /usr/lib/gcc/avr/5.4.0/../../../avr/lib/avr5/libm.a(fp_round.o)
                                                  /usr/lib/gcc/avr/5.4.0/../../../avr/lib/avr5/libm.a(mulsf3.o)
                                                  /usr/lib/gcc/avr/5.4.0/../../../avr/lib/avr5/libm.a(divsf3.o)
                                                  /usr/lib/gcc/avr/5.4.0/../../../avr/lib/avr5/libm.a(addsf3.o)
__fp_split3                                       /usr/lib/gcc/avr/5.4.0/../../../avr/lib/avr5/libm.a(fp_split3.o)
                                                  /usr/lib/gcc/avr/5.4.0/../../../avr/lib/avr5/libm.a(mulsf3x.o)
                                                  /usr/lib/gcc/avr/5.4.0/../../../avr/lib/avr5/libm.a(divsf3x.o)
                                                  /usr/lib/gcc/avr/5.4.0/../../../avr/lib/avr5/libm.a(addsf3x.o)
__fp_splitA                                       /usr/lib/gcc/avr/5.4.0/../../../avr/lib/avr5/libm.a(fp_split3.o)
                                                  /usr/lib/gcc/avr/5.4.0/../../../avr/lib/avr5/libm.a(fixunssfsi.o)
__fp_szero                                        /usr/lib/gcc/avr/5.4.0/../../../avr/lib/avr5/libm.a(fp_zero.o)
                                                  /usr/lib/gcc/avr/5.4.0/../../../avr/lib/avr5/libm.a(mulsf3x.o)
                                                  /usr/lib/gcc/avr/5.4.0/../../../avr/lib/avr5/libm.a(fixsfsi.o)
                                                  /usr/lib/gcc/avr/5.4.0/../../../avr/lib/avr5/libm.a(divsf3x.o)
__fp_zero                                         /usr/lib/gcc/avr/5.4.0/../../../avr/lib/avr5/libm.a(fp_zero.o)
                                                  /usr/lib/gcc/avr/5.4.0/../../../avr/lib/avr5/libm.a(fixunssfsi.o)
                                                  /usr/lib/gcc/avr/5.4.0/../../../avr/lib/avr5/libm.a(addsf3x.o)
__gesf2                                           /usr/lib/gcc/avr/5.4.0/../../../avr/lib/avr5/libm.a(gesf2.o)
                                                  /tmp/cczBgfFX.ltrans1.ltrans.o
__gtsf2                                           /usr/lib/gcc/avr/5.4.0/../../../avr/lib/avr5/libm.a(gesf2.o)
                                                  /tmp/cczBgfFX.ltrans1.ltrans.o
__heap_end                                        /usr/lib/gcc/avr/5.4.0/../../../avr/lib/avr5/crtatmega32u4.o
__init                                            /usr/lib/gcc/avr/5.4.0/../../../avr/lib/avr5/crtatmega32u4.o
__itoa_ncheck                                     /usr/lib/gcc/avr/5.4.0/../../../avr/lib/avr5/libc.a(itoa_ncheck.o)
                                                  /tmp/cczBgfFX.ltrans1.ltrans.o
                                                  .build/obj_sofle_rev1_via/keyboards/sofle/keymaps/via/keymap.o (symbol from plugin)
__mulohisi3                                       /usr/lib/gcc/avr/5.4.0/avr5/libgcc.a(_mulshisi3.o)